Archive member included to satisfy reference by file (symbol)

c:/program files (x86)/atollic/truestudio for stm32 9.3.0/armtools/bin/../lib/gcc/arm-atollic-eabi/6.3.1/../../../../arm-atollic-eabi/lib/armv7e-m/fpu\libc_nano.a(lib_a-init.o)
                              startup\startup_stm32f405xx.o (__libc_init_array)
c:/program files (x86)/atollic/truestudio for stm32 9.3.0/armtools/bin/../lib/gcc/arm-atollic-eabi/6.3.1/../../../../arm-atollic-eabi/lib/armv7e-m/fpu\libc_nano.a(lib_a-memcpy-stub.o)
                              Src\SX1278.o (memcpy)
c:/program files (x86)/atollic/truestudio for stm32 9.3.0/armtools/bin/../lib/gcc/arm-atollic-eabi/6.3.1/../../../../arm-atollic-eabi/lib/armv7e-m/fpu\libc_nano.a(lib_a-memset.o)
                              Src\SX1278.o (memset)
c:/program files (x86)/atollic/truestudio for stm32 9.3.0/armtools/bin/../lib/gcc/arm-atollic-eabi/6.3.1/../../../../arm-atollic-eabi/lib/armv7e-m/fpu\libc_nano.a(lib_a-nano-vfprintf_float.o)
                              (_printf_float)
c:/program files (x86)/atollic/truestudio for stm32 9.3.0/armtools/bin/../lib/gcc/arm-atollic-eabi/6.3.1/../../../../arm-atollic-eabi/lib/armv7e-m/fpu\libc_nano.a(lib_a-nano-vfprintf_i.o)
                              c:/program files (x86)/atollic/truestudio for stm32 9.3.0/armtools/bin/../lib/gcc/arm-atollic-eabi/6.3.1/../../../../arm-atollic-eabi/lib/armv7e-m/fpu\libc_nano.a(lib_a-nano-vfprintf_float.o) (_printf_common)
c:/program files (x86)/atollic/truestudio for stm32 9.3.0/armtools/bin/../lib/gcc/arm-atollic-eabi/6.3.1/../../../../arm-atollic-eabi/lib/armv7e-m/fpu\libc_nano.a(lib_a-sprintf.o)
                              Src\main.o (sprintf)
c:/program files (x86)/atollic/truestudio for stm32 9.3.0/armtools/bin/../lib/gcc/arm-atollic-eabi/6.3.1/../../../../arm-atollic-eabi/lib/armv7e-m/fpu\libc_nano.a(lib_a-strlen.o)
                              c:/program files (x86)/atollic/truestudio for stm32 9.3.0/armtools/bin/../lib/gcc/arm-atollic-eabi/6.3.1/../../../../arm-atollic-eabi/lib/armv7e-m/fpu\libc_nano.a(lib_a-nano-vfprintf_float.o) (strlen)
c:/program files (x86)/atollic/truestudio for stm32 9.3.0/armtools/bin/../lib/gcc/arm-atollic-eabi/6.3.1/../../../../arm-atollic-eabi/lib/armv7e-m/fpu\libc_nano.a(lib_a-dtoa.o)
                              c:/program files (x86)/atollic/truestudio for stm32 9.3.0/armtools/bin/../lib/gcc/arm-atollic-eabi/6.3.1/../../../../arm-atollic-eabi/lib/armv7e-m/fpu\libc_nano.a(lib_a-nano-vfprintf_float.o) (_dtoa_r)
c:/program files (x86)/atollic/truestudio for stm32 9.3.0/armtools/bin/../lib/gcc/arm-atollic-eabi/6.3.1/../../../../arm-atollic-eabi/lib/armv7e-m/fpu\libc_nano.a(lib_a-impure.o)
                              c:/program files (x86)/atollic/truestudio for stm32 9.3.0/armtools/bin/../lib/gcc/arm-atollic-eabi/6.3.1/../../../../arm-atollic-eabi/lib/armv7e-m/fpu\libc_nano.a(lib_a-sprintf.o) (_impure_ptr)
c:/program files (x86)/atollic/truestudio for stm32 9.3.0/armtools/bin/../lib/gcc/arm-atollic-eabi/6.3.1/../../../../arm-atollic-eabi/lib/armv7e-m/fpu\libc_nano.a(lib_a-localeconv.o)
                              c:/program files (x86)/atollic/truestudio for stm32 9.3.0/armtools/bin/../lib/gcc/arm-atollic-eabi/6.3.1/../../../../arm-atollic-eabi/lib/armv7e-m/fpu\libc_nano.a(lib_a-nano-vfprintf_float.o) (_localeconv_r)
c:/program files (x86)/atollic/truestudio for stm32 9.3.0/armtools/bin/../lib/gcc/arm-atollic-eabi/6.3.1/../../../../arm-atollic-eabi/lib/armv7e-m/fpu\libc_nano.a(lib_a-malloc.o)
                              c:/program files (x86)/atollic/truestudio for stm32 9.3.0/armtools/bin/../lib/gcc/arm-atollic-eabi/6.3.1/../../../../arm-atollic-eabi/lib/armv7e-m/fpu\libc_nano.a(lib_a-dtoa.o) (malloc)
c:/program files (x86)/atollic/truestudio for stm32 9.3.0/armtools/bin/../lib/gcc/arm-atollic-eabi/6.3.1/../../../../arm-atollic-eabi/lib/armv7e-m/fpu\libc_nano.a(lib_a-memchr.o)
                              c:/program files (x86)/atollic/truestudio for stm32 9.3.0/armtools/bin/../lib/gcc/arm-atollic-eabi/6.3.1/../../../../arm-atollic-eabi/lib/armv7e-m/fpu\libc_nano.a(lib_a-nano-vfprintf_i.o) (memchr)
c:/program files (x86)/atollic/truestudio for stm32 9.3.0/armtools/bin/../lib/gcc/arm-atollic-eabi/6.3.1/../../../../arm-atollic-eabi/lib/armv7e-m/fpu\libc_nano.a(lib_a-mprec.o)
                              c:/program files (x86)/atollic/truestudio for stm32 9.3.0/armtools/bin/../lib/gcc/arm-atollic-eabi/6.3.1/../../../../arm-atollic-eabi/lib/armv7e-m/fpu\libc_nano.a(lib_a-dtoa.o) (_Balloc)
c:/program files (x86)/atollic/truestudio for stm32 9.3.0/armtools/bin/../lib/gcc/arm-atollic-eabi/6.3.1/../../../../arm-atollic-eabi/lib/armv7e-m/fpu\libc_nano.a(lib_a-nano-callocr.o)
                              c:/program files (x86)/atollic/truestudio for stm32 9.3.0/armtools/bin/../lib/gcc/arm-atollic-eabi/6.3.1/../../../../arm-atollic-eabi/lib/armv7e-m/fpu\libc_nano.a(lib_a-mprec.o) (_calloc_r)
[...]
Memory Configuration

Name             Origin             Length             Attributes
RAM              0x20000000         0x00020000         xrw
CCMRAM           0x10000000         0x00010000         rw
FLASH            0x08000000         0x00100000         xr
*default*        0x00000000         0xffffffff

Linker script and memory map

LOAD c:/program files (x86)/atollic/truestudio for stm32 9.3.0/armtools/bin/../lib/gcc/arm-atollic-eabi/6.3.1/armv7e-m/fpu/crti.o
LOAD c:/program files (x86)/atollic/truestudio for stm32 9.3.0/armtools/bin/../lib/gcc/arm-atollic-eabi/6.3.1/armv7e-m/fpu/crtbegin.o
LOAD Drivers\STM32F4xx_HAL_Driver\Src\stm32f4xx_hal.o
LOAD Drivers\STM32F4xx_HAL_Driver\Src\stm32f4xx_hal_adc.o
LOAD Drivers\STM32F4xx_HAL_Driver\Src\stm32f4xx_hal_adc_ex.o
LOAD Drivers\STM32F4xx_HAL_Driver\Src\stm32f4xx_hal_cortex.o
LOAD Drivers\STM32F4xx_HAL_Driver\Src\stm32f4xx_hal_dma.o
LOAD Drivers\STM32F4xx_HAL_Driver\Src\stm32f4xx_hal_dma_ex.o
LOAD Drivers\STM32F4xx_HAL_Driver\Src\stm32f4xx_hal_flash.o
LOAD Drivers\STM32F4xx_HAL_Driver\Src\stm32f4xx_hal_flash_ex.o
LOAD Drivers\STM32F4xx_HAL_Driver\Src\stm32f4xx_hal_flash_ramfunc.o
LOAD Drivers\STM32F4xx_HAL_Driver\Src\stm32f4xx_hal_gpio.o
LOAD Drivers\STM32F4xx_HAL_Driver\Src\stm32f4xx_hal_i2c.o
LOAD Drivers\STM32F4xx_HAL_Driver\Src\stm32f4xx_hal_i2c_ex.o
LOAD Drivers\STM32F4xx_HAL_Driver\Src\stm32f4xx_hal_pwr.o
LOAD Drivers\STM32F4xx_HAL_Driver\Src\stm32f4xx_hal_pwr_ex.o
LOAD Drivers\STM32F4xx_HAL_Driver\Src\stm32f4xx_hal_rcc.o
LOAD Drivers\STM32F4xx_HAL_Driver\Src\stm32f4xx_hal_rcc_ex.o
LOAD Drivers\STM32F4xx_HAL_Driver\Src\stm32f4xx_hal_sd.o
LOAD Drivers\STM32F4xx_HAL_Driver\Src\stm32f4xx_hal_spi.o
LOAD Drivers\STM32F4xx_HAL_Driver\Src\stm32f4xx_hal_tim.o
LOAD Drivers\STM32F4xx_HAL_Driver\Src\stm32f4xx_hal_tim_ex.o
LOAD Drivers\STM32F4xx_HAL_Driver\Src\stm32f4xx_hal_uart.o
LOAD Drivers\STM32F4xx_HAL_Driver\Src\stm32f4xx_ll_sdmmc.o
LOAD Middlewares\Third_Party\FatFs\src\diskio.o
LOAD Middlewares\Third_Party\FatFs\src\ff.o
LOAD Middlewares\Third_Party\FatFs\src\ff_gen_drv.o
LOAD Middlewares\Third_Party\FatFs\src\option\syscall.o
LOAD Src\SX1278.o
LOAD Src\adc.o
LOAD Src\bmi160.o
LOAD Src\bmp280.o
LOAD Src\bsp_driver_sd.o
LOAD Src\fatfs.o
LOAD Src\gpio.o
LOAD Src\i2c.o
LOAD Src\lora_sx1276.o
LOAD Src\main.o
LOAD Src\sd_diskio.o
LOAD Src\sdio.o
LOAD Src\spi.o
LOAD Src\stm32f4xx_hal_msp.o
LOAD Src\stm32f4xx_it.o
LOAD Src\system_stm32f4xx.o
LOAD Src\usart.o
LOAD startup\startup_stm32f405xx.o
                0x00000080                malloc_getpagesize_P = 0x80
START GROUP
LOAD c:/program files (x86)/atollic/truestudio for stm32 9.3.0/armtools/bin/../lib/gcc/arm-atollic-eabi/6.3.1/../../../../arm-atollic-eabi/lib/armv7e-m/fpu\libc_nano.a
LOAD c:/program files (x86)/atollic/truestudio for stm32 9.3.0/armtools/bin/../lib/gcc/arm-atollic-eabi/6.3.1/../../../../arm-atollic-eabi/lib/armv7e-m/fpu\libm.a
END GROUP
START GROUP
LOAD c:/program files (x86)/atollic/truestudio for stm32 9.3.0/armtools/bin/../lib/gcc/arm-atollic-eabi/6.3.1/armv7e-m/fpu\libgcc.a
LOAD c:/program files (x86)/atollic/truestudio for stm32 9.3.0/armtools/bin/../lib/gcc/arm-atollic-eabi/6.3.1/../../../../arm-atollic-eabi/lib/armv7e-m/fpu\libc_nano.a
END GROUP
START GROUP
LOAD c:/program files (x86)/atollic/truestudio for stm32 9.3.0/armtools/bin/../lib/gcc/arm-atollic-eabi/6.3.1/armv7e-m/fpu\libgcc.a
LOAD c:/program files (x86)/atollic/truestudio for stm32 9.3.0/armtools/bin/../lib/gcc/arm-atollic-eabi/6.3.1/../../../../arm-atollic-eabi/lib/armv7e-m/fpu\libc_nano.a
LOAD c:/program files (x86)/atollic/truestudio for stm32 9.3.0/armtools/bin/../lib/gcc/arm-atollic-eabi/6.3.1/../../../../arm-atollic-eabi/lib/armv7e-m/fpu\libnosys.a
END GROUP
START GROUP
LOAD c:/program files (x86)/atollic/truestudio for stm32 9.3.0/armtools/bin/../lib/gcc/arm-atollic-eabi/6.3.1/armv7e-m/fpu\libgcc.a
LOAD c:/program files (x86)/atollic/truestudio for stm32 9.3.0/armtools/bin/../lib/gcc/arm-atollic-eabi/6.3.1/../../../../arm-atollic-eabi/lib/armv7e-m/fpu\libc_nano.a
LOAD c:/program files (x86)/atollic/truestudio for stm32 9.3.0/armtools/bin/../lib/gcc/arm-atollic-eabi/6.3.1/../../../../arm-atollic-eabi/lib/armv7e-m/fpu\libnosys.a
END GROUP
LOAD c:/program files (x86)/atollic/truestudio for stm32 9.3.0/armtools/bin/../lib/gcc/arm-atollic-eabi/6.3.1/armv7e-m/fpu/crtend.o
LOAD c:/program files (x86)/atollic/truestudio for stm32 9.3.0/armtools/bin/../lib/gcc/arm-atollic-eabi/6.3.1/armv7e-m/fpu/crtn.o
                0x20020000                _estack = 0x20020000
                0x00000200                _Min_Heap_Size = 0x200
                0x00000400                _Min_Stack_Size = 0x400

.isr_vector     0x08000000      0x188
                0x08000000                . = ALIGN (0x4)
 *(.isr_vector)
 .isr_vector    0x08000000      0x188 startup\startup_stm32f405xx.o
                0x08000000                g_pfnVectors
                0x08000188                . = ALIGN (0x4)

.text           0x08000190     0x6dec
                0x08000190                . = ALIGN (0x4)
 *(.text)
 .text          0x08000190       0x40 c:/program files (x86)/atollic/truestudio for stm32 9.3.0/armtools/bin/../lib/gcc/arm-atollic-eabi/6.3.1/armv7e-m/fpu/crtbegin.o
 .text          0x080001d0       0x10 c:/program files (x86)/atollic/truestudio for stm32 9.3.0/armtools/bin/../lib/gcc/arm-atollic-eabi/6.3.1/../../../../arm-atollic-eabi/lib/armv7e-m/fpu\libc_nano.a(lib_a-strlen.o)
                0x080001d0                strlen
 .text          0x080001e0       0xa0 c:/program files (x86)/atollic/truestudio for stm32 9.3.0/armtools/bin/../lib/gcc/arm-atollic-eabi/6.3.1/../../../../arm-atollic-eabi/lib/armv7e-m/fpu\libc_nano.a(lib_a-memchr.o)
                0x080001e0                memchr
 .text          0x08000280      0x370 c:/program files (x86)/atollic/truestudio for stm32 9.3.0/armtools/bin/../lib/gcc/arm-atollic-eabi/6.3.1/armv7e-m/fpu\libgcc.a(_arm_addsubdf3.o)
                0x08000280                __aeabi_drsub
                0x08000288                __aeabi_dsub
                0x08000288                __subdf3
                0x0800028c                __aeabi_dadd
                0x0800028c                __adddf3
                0x08000504                __floatunsidf
                0x08000504                __aeabi_ui2d
                0x08000524                __floatsidf
                0x08000524                __aeabi_i2d
                0x08000548                __aeabi_f2d
                0x08000548                __extendsfdf2
                0x08000584                __floatundidf
                0x08000584                __aeabi_ul2d
                0x08000594                __floatdidf
                0x08000594                __aeabi_l2d
 .text          0x080005f0      0x424 c:/program files (x86)/atollic/truestudio for stm32 9.3.0/armtools/bin/../lib/gcc/arm-atollic-eabi/6.3.1/armv7e-m/fpu\libgcc.a(_arm_muldivdf3.o)
                0x080005f0                __aeabi_dmul
                0x080005f0                __muldf3
                0x08000844                __divdf3
                0x08000844                __aeabi_ddiv
 .text          0x08000a14      0x110 c:/program files (x86)/atollic/truestudio for stm32 9.3.0/armtools/bin/../lib/gcc/arm-atollic-eabi/6.3.1/armv7e-m/fpu\libgcc.a(_arm_cmpdf2.o)
                0x08000a14                __gtdf2
                0x08000a14                __gedf2
                0x08000a1c                __ltdf2
                0x08000a1c                __ledf2
                0x08000a24                __nedf2
                0x08000a24                __eqdf2
                0x08000a24                __cmpdf2
                0x08000aa0                __aeabi_cdrcmple
                0x08000ab0                __aeabi_cdcmpeq
                0x08000ab0                __aeabi_cdcmple
                0x08000ac0                __aeabi_dcmpeq
                0x08000ad4                __aeabi_dcmplt
                0x08000ae8                __aeabi_dcmple
                0x08000afc                __aeabi_dcmpge
                0x08000b10                __aeabi_dcmpgt
 .text          0x08000b24       0x2c c:/program files (x86)/atollic/truestudio for stm32 9.3.0/armtools/bin/../lib/gcc/arm-atollic-eabi/6.3.1/armv7e-m/fpu\libgcc.a(_arm_unorddf2.o)
                0x08000b24                __unorddf2
                0x08000b24                __aeabi_dcmpun
 .text          0x08000b50       0x50 c:/program files (x86)/atollic/truestudio for stm32 9.3.0/armtools/bin/../lib/gcc/arm-atollic-eabi/6.3.1/armv7e-m/fpu\libgcc.a(_arm_fixdfsi.o)
                0x08000b50                __aeabi_d2iz
                0x08000b50                __fixdfsi
 .text          0x08000ba0       0x30 c:/program files (x86)/atollic/truestudio for stm32 9.3.0/armtools/bin/../lib/gcc/arm-atollic-eabi/6.3.1/armv7e-m/fpu\libgcc.a(_aeabi_uldivmod.o)
                0x08000ba0                __aeabi_uldivmod
 .text          0x08000bd0      0x2dc c:/program files (x86)/atollic/truestudio for stm32 9.3.0/armtools/bin/../lib/gcc/arm-atollic-eabi/6.3.1/armv7e-m/fpu\libgcc.a(_udivmoddi4.o)
                0x08000bd0                __udivmoddi4
 .text          0x08000eac        0x4 c:/program files (x86)/atollic/truestudio for stm32 9.3.0/armtools/bin/../lib/gcc/arm-atollic-eabi/6.3.1/armv7e-m/fpu\libgcc.a(_dvmd_tls.o)
                0x08000eac                __aeabi_idiv0
                0x08000eac                __aeabi_ldiv0
 *(.text*)
 .text.HAL_InitTick
                0x08000eb0       0x48 Drivers\STM32F4xx_HAL_Driver\Src\stm32f4xx_hal.o
                0x08000eb0                HAL_InitTick
 .text.HAL_Init
                0x08000ef8       0x34 Drivers\STM32F4xx_HAL_Driver\Src\stm32f4xx_hal.o
                0x08000ef8                HAL_Init
 .text.HAL_IncTick
                0x08000f2c       0x18 Drivers\STM32F4xx_HAL_Driver\Src\stm32f4xx_hal.o
                0x08000f2c                HAL_IncTick
 .text.HAL_GetTick
                0x08000f44        0xc Drivers\STM32F4xx_HAL_Driver\Src\stm32f4xx_hal.o
                0x08000f44                HAL_GetTick
 .text.HAL_Delay
                0x08000f50       0x28 Drivers\STM32F4xx_HAL_Driver\Src\stm32f4xx_hal.o
                0x08000f50                HAL_Delay
 .text.HAL_ADC_Init
                0x08000f78      0x14c Drivers\STM32F4xx_HAL_Driver\Src\stm32f4xx_hal_adc.o
                0x08000f78                HAL_ADC_Init
 .text.HAL_ADC_ConfigChannel
                0x080010c4      0x12c Drivers\STM32F4xx_HAL_Driver\Src\stm32f4xx_hal_adc.o
                0x080010c4                HAL_ADC_ConfigChannel
 .text.HAL_ADCEx_InjectedStart
                0x080011f0       0xb4 Drivers\STM32F4xx_HAL_Driver\Src\stm32f4xx_hal_adc_ex.o
                0x080011f0                HAL_ADCEx_InjectedStart
 .text.HAL_ADCEx_InjectedStop
                0x080012a4       0x5c Drivers\STM32F4xx_HAL_Driver\Src\stm32f4xx_hal_adc_ex.o
                0x080012a4                HAL_ADCEx_InjectedStop
 .text.HAL_ADCEx_InjectedPollForConversion
                0x08001300       0x8a Drivers\STM32F4xx_HAL_Driver\Src\stm32f4xx_hal_adc_ex.o
                0x08001300                HAL_ADCEx_InjectedPollForConversion
 .text.HAL_ADCEx_InjectedGetValue
                0x0800138a       0x32 Drivers\STM32F4xx_HAL_Driver\Src\stm32f4xx_hal_adc_ex.o
                0x0800138a                HAL_ADCEx_InjectedGetValue
 .text.HAL_NVIC_SetPriorityGrouping
                0x080013bc       0x24 Drivers\STM32F4xx_HAL_Driver\Src\stm32f4xx_hal_cortex.o
                0x080013bc                HAL_NVIC_SetPriorityGrouping
 .text.HAL_NVIC_SetPriority
                0x080013e0       0x68 Drivers\STM32F4xx_HAL_Driver\Src\stm32f4xx_hal_cortex.o
                0x080013e0                HAL_NVIC_SetPriority
 .text.HAL_NVIC_EnableIRQ
                0x08001448       0x1c Drivers\STM32F4xx_HAL_Driver\Src\stm32f4xx_hal_cortex.o
                0x08001448                HAL_NVIC_EnableIRQ
 .text.HAL_SYSTICK_Config
                0x08001464       0x2c Drivers\STM32F4xx_HAL_Driver\Src\stm32f4xx_hal_cortex.o
                0x08001464                HAL_SYSTICK_Config
 .text.HAL_SYSTICK_CLKSourceConfig
                0x08001490       0x18 Drivers\STM32F4xx_HAL_Driver\Src\stm32f4xx_hal_cortex.o
                0x08001490                HAL_SYSTICK_CLKSourceConfig
 .text.HAL_SYSTICK_Callback
                0x080014a8        0x2 Drivers\STM32F4xx_HAL_Driver\Src\stm32f4xx_hal_cortex.o
                0x080014a8                HAL_SYSTICK_Callback
 .text.HAL_SYSTICK_IRQHandler
                0x080014aa        0x8 Drivers\STM32F4xx_HAL_Driver\Src\stm32f4xx_hal_cortex.o
                0x080014aa                HAL_SYSTICK_IRQHandler
 .text.HAL_DMA_Abort_IT
                0x080014b2       0x24 Drivers\STM32F4xx_HAL_Driver\Src\stm32f4xx_hal_dma.o
                0x080014b2                HAL_DMA_Abort_IT
 *fill*         0x080014d6        0x2 
 .text.HAL_GPIO_Init
                0x080014d8      0x1c0 Drivers\STM32F4xx_HAL_Driver\Src\stm32f4xx_hal_gpio.o
                0x080014d8                HAL_GPIO_Init
 .text.HAL_GPIO_WritePin
                0x08001698        0xa Drivers\STM32F4xx_HAL_Driver\Src\stm32f4xx_hal_gpio.o
                0x08001698                HAL_GPIO_WritePin
 *fill*         0x080016a2        0x2 
 .text.HAL_I2C_Init
                0x080016a4      0x158 Drivers\STM32F4xx_HAL_Driver\Src\stm32f4xx_hal_i2c.o
                0x080016a4                HAL_I2C_Init
 .text.HAL_RCC_OscConfig
                0x080017fc      0x34c Drivers\STM32F4xx_HAL_Driver\Src\stm32f4xx_hal_rcc.o
                0x080017fc                HAL_RCC_OscConfig
 .text.HAL_RCC_GetSysClockFreq
                0x08001b48       0x5c Drivers\STM32F4xx_HAL_Driver\Src\stm32f4xx_hal_rcc.o
                0x08001b48                HAL_RCC_GetSysClockFreq
 .text.HAL_RCC_ClockConfig
                0x08001ba4      0x138 Drivers\STM32F4xx_HAL_Driver\Src\stm32f4xx_hal_rcc.o
                0x08001ba4                HAL_RCC_ClockConfig
 .text.HAL_RCC_GetHCLKFreq
                0x08001cdc        0xc Drivers\STM32F4xx_HAL_Driver\Src\stm32f4xx_hal_rcc.o
                0x08001cdc                HAL_RCC_GetHCLKFreq
 .text.HAL_RCC_GetPCLK1Freq
                0x08001ce8       0x20 Drivers\STM32F4xx_HAL_Driver\Src\stm32f4xx_hal_rcc.o
                0x08001ce8                HAL_RCC_GetPCLK1Freq
 .text.HAL_RCC_GetPCLK2Freq
                0x08001d08       0x20 Drivers\STM32F4xx_HAL_Driver\Src\stm32f4xx_hal_rcc.o
                0x08001d08                HAL_RCC_GetPCLK2Freq
 .text.SD_FindSCR
                0x08001d28       0xca Drivers\STM32F4xx_HAL_Driver\Src\stm32f4xx_hal_sd.o
 *fill*         0x08001df2        0x2 
 .text.HAL_SD_ReadBlocks
                0x08001df4      0x224 Drivers\STM32F4xx_HAL_Driver\Src\stm32f4xx_hal_sd.o
                0x08001df4                HAL_SD_ReadBlocks
 .text.HAL_SD_WriteBlocks
                0x08002018      0x1ac Drivers\STM32F4xx_HAL_Driver\Src\stm32f4xx_hal_sd.o
                0x08002018                HAL_SD_WriteBlocks
 .text.HAL_SD_GetCardCSD
                0x080021c4      0x16c Drivers\STM32F4xx_HAL_Driver\Src\stm32f4xx_hal_sd.o
                0x080021c4                HAL_SD_GetCardCSD
 .text.HAL_SD_InitCard
                0x08002330      0x1f8 Drivers\STM32F4xx_HAL_Driver\Src\stm32f4xx_hal_sd.o
                0x08002330                HAL_SD_InitCard
 .text.HAL_SD_Init
                0x08002528       0x36 Drivers\STM32F4xx_HAL_Driver\Src\stm32f4xx_hal_sd.o
                0x08002528                HAL_SD_Init
 .text.HAL_SD_GetCardInfo
                0x0800255e       0x24 Drivers\STM32F4xx_HAL_Driver\Src\stm32f4xx_hal_sd.o
                0x0800255e                HAL_SD_GetCardInfo
 *fill*         0x08002582        0x2 
 .text.HAL_SD_ConfigWideBusOperation
                0x08002584      0x10c Drivers\STM32F4xx_HAL_Driver\Src\stm32f4xx_hal_sd.o
                0x08002584                HAL_SD_ConfigWideBusOperation
 .text.HAL_SD_GetCardState
                0x08002690       0x28 Drivers\STM32F4xx_HAL_Driver\Src\stm32f4xx_hal_sd.o
                0x08002690                HAL_SD_GetCardState
 .text.HAL_SPI_Init
                0x080026b8       0x7a Drivers\STM32F4xx_HAL_Driver\Src\stm32f4xx_hal_spi.o
                0x080026b8                HAL_SPI_Init
 .text.UART_EndRxTransfer
                0x08002732       0x1a Drivers\STM32F4xx_HAL_Driver\Src\stm32f4xx_hal_uart.o
 .text.UART_SetConfig
                0x0800274c       0xdc Drivers\STM32F4xx_HAL_Driver\Src\stm32f4xx_hal_uart.o
 .text.HAL_UART_Init
                0x08002828       0x5c Drivers\STM32F4xx_HAL_Driver\Src\stm32f4xx_hal_uart.o
                0x08002828                HAL_UART_Init
 .text.HAL_UART_Receive_IT
                0x08002884       0x4e Drivers\STM32F4xx_HAL_Driver\Src\stm32f4xx_hal_uart.o
                0x08002884                HAL_UART_Receive_IT
 .text.HAL_UART_TxCpltCallback
                0x080028d2        0x2 Drivers\STM32F4xx_HAL_Driver\Src\stm32f4xx_hal_uart.o
                0x080028d2                HAL_UART_TxCpltCallback
 .text.UART_Receive_IT
                0x080028d4       0x7c Drivers\STM32F4xx_HAL_Driver\Src\stm32f4xx_hal_uart.o
 .text.HAL_UART_ErrorCallback
                0x08002950        0x2 Drivers\STM32F4xx_HAL_Driver\Src\stm32f4xx_hal_uart.o
                0x08002950                HAL_UART_ErrorCallback
 *fill*         0x08002952        0x2 
 .text.HAL_UART_IRQHandler
                0x08002954      0x144 Drivers\STM32F4xx_HAL_Driver\Src\stm32f4xx_hal_uart.o
                0x08002954                HAL_UART_IRQHandler
 .text.UART_DMAAbortOnError
                0x08002a98       0x10 Drivers\STM32F4xx_HAL_Driver\Src\stm32f4xx_hal_uart.o
 .text.SDMMC_GetCmdResp2
                0x08002aa8       0x50 Drivers\STM32F4xx_HAL_Driver\Src\stm32f4xx_ll_sdmmc.o
 .text.SDMMC_GetCmdResp3
                0x08002af8       0x44 Drivers\STM32F4xx_HAL_Driver\Src\stm32f4xx_ll_sdmmc.o
 .text.SDMMC_GetCmdResp1
                0x08002b3c      0x11c Drivers\STM32F4xx_HAL_Driver\Src\stm32f4xx_ll_sdmmc.o
 .text.SDIO_Init
                0x08002c58       0x38 Drivers\STM32F4xx_HAL_Driver\Src\stm32f4xx_ll_sdmmc.o
                0x08002c58                SDIO_Init
 .text.SDIO_ReadFIFO
                0x08002c90        0x6 Drivers\STM32F4xx_HAL_Driver\Src\stm32f4xx_ll_sdmmc.o
                0x08002c90                SDIO_ReadFIFO
 .text.SDIO_WriteFIFO
                0x08002c96        0xa Drivers\STM32F4xx_HAL_Driver\Src\stm32f4xx_ll_sdmmc.o
                0x08002c96                SDIO_WriteFIFO
 .text.SDIO_PowerState_ON
                0x08002ca0       0x10 Drivers\STM32F4xx_HAL_Driver\Src\stm32f4xx_ll_sdmmc.o
                0x08002ca0                SDIO_PowerState_ON
 .text.SDIO_GetPowerState
                0x08002cb0        0x8 Drivers\STM32F4xx_HAL_Driver\Src\stm32f4xx_ll_sdmmc.o
                0x08002cb0                SDIO_GetPowerState
 .text.SDIO_SendCommand
                0x08002cb8       0x26 Drivers\STM32F4xx_HAL_Driver\Src\stm32f4xx_ll_sdmmc.o
                0x08002cb8                SDIO_SendCommand
 .text.SDIO_GetResponse
                0x08002cde        0x6 Drivers\STM32F4xx_HAL_Driver\Src\stm32f4xx_ll_sdmmc.o
                0x08002cde                SDIO_GetResponse
 .text.SDIO_ConfigData
                0x08002ce4       0x26 Drivers\STM32F4xx_HAL_Driver\Src\stm32f4xx_ll_sdmmc.o
                0x08002ce4                SDIO_ConfigData
 .text.SDMMC_CmdBlockLength
                0x08002d0a       0x30 Drivers\STM32F4xx_HAL_Driver\Src\stm32f4xx_ll_sdmmc.o
                0x08002d0a                SDMMC_CmdBlockLength
 .text.SDMMC_CmdReadSingleBlock
                0x08002d3a       0x30 Drivers\STM32F4xx_HAL_Driver\Src\stm32f4xx_ll_sdmmc.o
                0x08002d3a                SDMMC_CmdReadSingleBlock
 .text.SDMMC_CmdReadMultiBlock
                0x08002d6a       0x30 Drivers\STM32F4xx_HAL_Driver\Src\stm32f4xx_ll_sdmmc.o
                0x08002d6a                SDMMC_CmdReadMultiBlock
 .text.SDMMC_CmdWriteSingleBlock
                0x08002d9a       0x30 Drivers\STM32F4xx_HAL_Driver\Src\stm32f4xx_ll_sdmmc.o
                0x08002d9a                SDMMC_CmdWriteSingleBlock
 .text.SDMMC_CmdWriteMultiBlock
                0x08002dca       0x30 Drivers\STM32F4xx_HAL_Driver\Src\stm32f4xx_ll_sdmmc.o
                0x08002dca                SDMMC_CmdWriteMultiBlock
 *fill*         0x08002dfa        0x2 
 .text.SDMMC_CmdStopTransfer
                0x08002dfc       0x34 Drivers\STM32F4xx_HAL_Driver\Src\stm32f4xx_ll_sdmmc.o
                0x08002dfc                SDMMC_CmdStopTransfer
 .text.SDMMC_CmdSelDesel
                0x08002e30       0x30 Drivers\STM32F4xx_HAL_Driver\Src\stm32f4xx_ll_sdmmc.o
                0x08002e30                SDMMC_CmdSelDesel
 .text.SDMMC_CmdGoIdleState
                0x08002e60       0x50 Drivers\STM32F4xx_HAL_Driver\Src\stm32f4xx_ll_sdmmc.o
                0x08002e60                SDMMC_CmdGoIdleState
 .text.SDMMC_CmdOperCond
                0x08002eb0       0x7c Drivers\STM32F4xx_HAL_Driver\Src\stm32f4xx_ll_sdmmc.o
                0x08002eb0                SDMMC_CmdOperCond
 .text.SDMMC_CmdAppCommand
                0x08002f2c       0x30 Drivers\STM32F4xx_HAL_Driver\Src\stm32f4xx_ll_sdmmc.o
                0x08002f2c                SDMMC_CmdAppCommand
 .text.SDMMC_CmdAppOperCommand
                0x08002f5c       0x32 Drivers\STM32F4xx_HAL_Driver\Src\stm32f4xx_ll_sdmmc.o
                0x08002f5c                SDMMC_CmdAppOperCommand
 .text.SDMMC_CmdSendSCR
                0x08002f8e       0x30 Drivers\STM32F4xx_HAL_Driver\Src\stm32f4xx_ll_sdmmc.o
                0x08002f8e                SDMMC_CmdSendSCR
 .text.SDMMC_CmdSendCID
                0x08002fbe       0x2a Drivers\STM32F4xx_HAL_Driver\Src\stm32f4xx_ll_sdmmc.o
                0x08002fbe                SDMMC_CmdSendCID
 .text.SDMMC_CmdSendCSD
                0x08002fe8       0x2a Drivers\STM32F4xx_HAL_Driver\Src\stm32f4xx_ll_sdmmc.o
                0x08002fe8                SDMMC_CmdSendCSD
 *fill*         0x08003012        0x2 
 .text.SDMMC_CmdSetRelAdd
                0x08003014       0xa0 Drivers\STM32F4xx_HAL_Driver\Src\stm32f4xx_ll_sdmmc.o
                0x08003014                SDMMC_CmdSetRelAdd
 .text.SDMMC_CmdSendStatus
                0x080030b4       0x30 Drivers\STM32F4xx_HAL_Driver\Src\stm32f4xx_ll_sdmmc.o
                0x080030b4                SDMMC_CmdSendStatus
 .text.SDMMC_CmdSwitch
                0x080030e4       0x30 Drivers\STM32F4xx_HAL_Driver\Src\stm32f4xx_ll_sdmmc.o
                0x080030e4                SDMMC_CmdSwitch
 .text.SDMMC_CmdBusWidth
                0x08003114        0x4 Drivers\STM32F4xx_HAL_Driver\Src\stm32f4xx_ll_sdmmc.o
                0x08003114                SDMMC_CmdBusWidth
 .text.disk_status
                0x08003118       0x14 Middlewares\Third_Party\FatFs\src\diskio.o
                0x08003118                disk_status
 .text.disk_initialize
                0x0800312c       0x20 Middlewares\Third_Party\FatFs\src\diskio.o
                0x0800312c                disk_initialize
 .text.disk_read
                0x0800314c       0x1c Middlewares\Third_Party\FatFs\src\diskio.o
                0x0800314c                disk_read
 .text.disk_write
                0x08003168       0x1c Middlewares\Third_Party\FatFs\src\diskio.o
                0x08003168                disk_write
 .text.disk_ioctl
                0x08003184       0x1c Middlewares\Third_Party\FatFs\src\diskio.o
                0x08003184                disk_ioctl
 .text.ld_dword
                0x080031a0       0x10 Middlewares\Third_Party\FatFs\src\ff.o
 .text.st_dword
                0x080031b0       0x10 Middlewares\Third_Party\FatFs\src\ff.o
 .text.mem_set  0x080031c0        0xc Middlewares\Third_Party\FatFs\src\ff.o
 .text.chk_lock
                0x080031cc       0x5c Middlewares\Third_Party\FatFs\src\ff.o
 .text.inc_lock
                0x08003228       0x78 Middlewares\Third_Party\FatFs\src\ff.o
 .text.dec_lock
                0x080032a0       0x30 Middlewares\Third_Party\FatFs\src\ff.o
 .text.clust2sect
                0x080032d0       0x16 Middlewares\Third_Party\FatFs\src\ff.o
 .text.clmt_clust
                0x080032e6       0x22 Middlewares\Third_Party\FatFs\src\ff.o
 .text.get_ldnumber
                0x08003308       0x30 Middlewares\Third_Party\FatFs\src\ff.o
 .text.validate
                0x08003338       0x34 Middlewares\Third_Party\FatFs\src\ff.o
 .text.mem_cpy.part.0
                0x0800336c       0x12 Middlewares\Third_Party\FatFs\src\ff.o
 .text.ld_clust.isra.1
                0x0800337e       0x1c Middlewares\Third_Party\FatFs\src\ff.o
 .text.st_clust.isra.2
                0x0800339a       0x18 Middlewares\Third_Party\FatFs\src\ff.o
 .text.sync_window.part.4
                0x080033b2       0x46 Middlewares\Third_Party\FatFs\src\ff.o
 .text.sync_window
                0x080033f8        0xc Middlewares\Third_Party\FatFs\src\ff.o
 .text.sync_fs  0x08003404       0x96 Middlewares\Third_Party\FatFs\src\ff.o
 .text.move_window
                0x0800349a       0x36 Middlewares\Third_Party\FatFs\src\ff.o
 .text.check_fs
                0x080034d0       0x80 Middlewares\Third_Party\FatFs\src\ff.o
 .text.find_volume
                0x08003550      0x2bc Middlewares\Third_Party\FatFs\src\ff.o
 .text.put_fat  0x0800380c       0xf8 Middlewares\Third_Party\FatFs\src\ff.o
 .text.get_fat.isra.8
                0x08003904       0xb4 Middlewares\Third_Party\FatFs\src\ff.o
 .text.create_chain
                0x080039b8       0xb0 Middlewares\Third_Party\FatFs\src\ff.o
 .text.remove_chain
                0x08003a68       0x6c Middlewares\Third_Party\FatFs\src\ff.o
 .text.dir_sdi.constprop.11
                0x08003ad4       0x66 Middlewares\Third_Party\FatFs\src\ff.o
 .text.dir_next
                0x08003b3a       0xf2 Middlewares\Third_Party\FatFs\src\ff.o
 .text.follow_path
                0x08003c2c      0x188 Middlewares\Third_Party\FatFs\src\ff.o
 .text.dir_register
                0x08003db4       0x62 Middlewares\Third_Party\FatFs\src\ff.o
 *fill*         0x08003e16        0x2 
 .text.f_mount  0x08003e18       0x68 Middlewares\Third_Party\FatFs\src\ff.o
                0x08003e18                f_mount
 .text.f_open   0x08003e80      0x224 Middlewares\Third_Party\FatFs\src\ff.o
                0x08003e80                f_open
 .text.f_write  0x080040a4      0x18a Middlewares\Third_Party\FatFs\src\ff.o
                0x080040a4                f_write
 .text.f_sync   0x0800422e       0x90 Middlewares\Third_Party\FatFs\src\ff.o
                0x0800422e                f_sync
 .text.f_close  0x080042be       0x22 Middlewares\Third_Party\FatFs\src\ff.o
                0x080042be                f_close
 .text.f_lseek  0x080042e0      0x23a Middlewares\Third_Party\FatFs\src\ff.o
                0x080042e0                f_lseek
 *fill*         0x0800451a        0x2 
 .text.FATFS_LinkDriverEx
                0x0800451c       0x44 Middlewares\Third_Party\FatFs\src\ff_gen_drv.o
                0x0800451c                FATFS_LinkDriverEx
 .text.FATFS_LinkDriver
                0x08004560        0x6 Middlewares\Third_Party\FatFs\src\ff_gen_drv.o
                0x08004560                FATFS_LinkDriver
 *fill*         0x08004566        0x2 
 .text.MX_ADC2_Init
                0x08004568       0x68 Src\adc.o
                0x08004568                MX_ADC2_Init
 .text.HAL_ADC_MspInit
                0x080045d0       0x48 Src\adc.o
                0x080045d0                HAL_ADC_MspInit
 .text.BSP_SD_Init
                0x08004618       0x34 Src\bsp_driver_sd.o
                0x08004618                BSP_SD_Init
 .text.BSP_SD_ReadBlocks
                0x0800464c       0x20 Src\bsp_driver_sd.o
                0x0800464c                BSP_SD_ReadBlocks
 .text.BSP_SD_WriteBlocks
                0x0800466c       0x20 Src\bsp_driver_sd.o
                0x0800466c                BSP_SD_WriteBlocks
 .text.BSP_SD_GetCardState
                0x0800468c       0x14 Src\bsp_driver_sd.o
                0x0800468c                BSP_SD_GetCardState
 .text.BSP_SD_GetCardInfo
                0x080046a0        0xc Src\bsp_driver_sd.o
                0x080046a0                BSP_SD_GetCardInfo
 .text.MX_FATFS_Init
                0x080046ac       0x1c Src\fatfs.o
                0x080046ac                MX_FATFS_Init
 .text.get_fattime
                0x080046c8        0x4 Src\fatfs.o
                0x080046c8                get_fattime
 .text.MX_GPIO_Init
                0x080046cc       0xd8 Src\gpio.o
                0x080046cc                MX_GPIO_Init
 .text.MX_I2C1_Init
                0x080047a4       0x4c Src\i2c.o
                0x080047a4                MX_I2C1_Init
 .text.HAL_I2C_MspInit
                0x080047f0       0x54 Src\i2c.o
                0x080047f0                HAL_I2C_MspInit
 .text.HAL_UART_RxCpltCallback
                0x08004844       0x38 Src\main.o
                0x08004844                HAL_UART_RxCpltCallback
 .text.SystemClock_Config
                0x0800487c       0xa4 Src\main.o
                0x0800487c                SystemClock_Config
 .text.startup.main
                0x08004920       0xfc Src\main.o
                0x08004920                main
 .text._Error_Handler
                0x08004a1c        0x2 Src\main.o
                0x08004a1c                _Error_Handler
 *fill*         0x08004a1e        0x2 
 .text.SD_CheckStatus.isra.0
                0x08004a20       0x20 Src\sd_diskio.o
 .text.SD_initialize
                0x08004a40       0x1c Src\sd_diskio.o
                0x08004a40                SD_initialize
 .text.SD_status
                0x08004a5c        0x4 Src\sd_diskio.o
                0x08004a5c                SD_status
 .text.SD_read  0x08004a60       0x20 Src\sd_diskio.o
                0x08004a60                SD_read
 .text.SD_ioctl
                0x08004a80       0x50 Src\sd_diskio.o
                0x08004a80                SD_ioctl
 .text.SD_write
                0x08004ad0       0x20 Src\sd_diskio.o
                0x08004ad0                SD_write
 .text.MX_SDIO_SD_Init
                0x08004af0       0x20 Src\sdio.o
                0x08004af0                MX_SDIO_SD_Init
 .text.HAL_SD_MspInit
                0x08004b10       0x68 Src\sdio.o
                0x08004b10                HAL_SD_MspInit
 .text.MX_SPI1_Init
                0x08004b78       0x4c Src\spi.o
                0x08004b78                MX_SPI1_Init
 .text.HAL_SPI_MspInit
                0x08004bc4       0x4c Src\spi.o
                0x08004bc4                HAL_SPI_MspInit
 .text.HAL_MspInit
                0x08004c10       0x60 Src\stm32f4xx_hal_msp.o
                0x08004c10                HAL_MspInit
 .text.NMI_Handler
                0x08004c70        0x2 Src\stm32f4xx_it.o
                0x08004c70                NMI_Handler
 .text.HardFault_Handler
                0x08004c72        0x2 Src\stm32f4xx_it.o
                0x08004c72                HardFault_Handler
 .text.MemManage_Handler
                0x08004c74        0x2 Src\stm32f4xx_it.o
                0x08004c74                MemManage_Handler
 .text.BusFault_Handler
                0x08004c76        0x2 Src\stm32f4xx_it.o
                0x08004c76                BusFault_Handler
 .text.UsageFault_Handler
                0x08004c78        0x2 Src\stm32f4xx_it.o
                0x08004c78                UsageFault_Handler
 .text.SVC_Handler
                0x08004c7a        0x2 Src\stm32f4xx_it.o
                0x08004c7a                SVC_Handler
 .text.DebugMon_Handler
                0x08004c7c        0x2 Src\stm32f4xx_it.o
                0x08004c7c                DebugMon_Handler
 .text.PendSV_Handler
                0x08004c7e        0x2 Src\stm32f4xx_it.o
                0x08004c7e                PendSV_Handler
 .text.SysTick_Handler
                0x08004c80        0xe Src\stm32f4xx_it.o
                0x08004c80                SysTick_Handler
 *fill*         0x08004c8e        0x2 
 .text.UART4_IRQHandler
                0x08004c90        0xc Src\stm32f4xx_it.o
                0x08004c90                UART4_IRQHandler
 .text.SystemInit
                0x08004c9c       0x1c Src\system_stm32f4xx.o
                0x08004c9c                SystemInit
 .text.MX_UART4_Init
                0x08004cb8       0x40 Src\usart.o
                0x08004cb8                MX_UART4_Init
 .text.MX_USART1_UART_Init
                0x08004cf8       0x40 Src\usart.o
                0x08004cf8                MX_USART1_UART_Init
 .text.HAL_UART_MspInit
                0x08004d38       0xa0 Src\usart.o
                0x08004d38                HAL_UART_MspInit
 .text.Reset_Handler
                0x08004dd8       0x50 startup\startup_stm32f405xx.o
                0x08004dd8                Reset_Handler
 .text.Default_Handler
                0x08004e28        0x2 startup\startup_stm32f405xx.o
                0x08004e28                RTC_Alarm_IRQHandler
                0x08004e28                HASH_RNG_IRQHandler
                0x08004e28                EXTI2_IRQHandler
                0x08004e28                TIM8_CC_IRQHandler
                0x08004e28                TIM1_CC_IRQHandler
                0x08004e28                DMA2_Stream5_IRQHandler
                0x08004e28                DMA1_Stream5_IRQHandler
                0x08004e28                PVD_IRQHandler
                0x08004e28                SDIO_IRQHandler
                0x08004e28                TAMP_STAMP_IRQHandler
                0x08004e28                CAN2_RX1_IRQHandler
                0x08004e28                EXTI3_IRQHandler
                0x08004e28                TIM8_TRG_COM_TIM14_IRQHandler
                0x08004e28                TIM1_UP_TIM10_IRQHandler
                0x08004e28                TIM8_UP_TIM13_IRQHandler
                0x08004e28                I2C3_ER_IRQHandler
                0x08004e28                EXTI0_IRQHandler
                0x08004e28                I2C2_EV_IRQHandler
                0x08004e28                DMA1_Stream2_IRQHandler
                0x08004e28                CAN1_RX0_IRQHandler
                0x08004e28                FPU_IRQHandler
                0x08004e28                OTG_HS_WKUP_IRQHandler
                0x08004e28                CAN2_SCE_IRQHandler
                0x08004e28                DMA2_Stream2_IRQHandler
                0x08004e28                SPI1_IRQHandler
                0x08004e28                TIM6_DAC_IRQHandler
                0x08004e28                TIM1_BRK_TIM9_IRQHandler
                0x08004e28                CAN2_RX0_IRQHandler
                0x08004e28                DMA2_Stream3_IRQHandler
                0x08004e28                USART6_IRQHandler
                0x08004e28                USART3_IRQHandler
                0x08004e28                CAN1_RX1_IRQHandler
                0x08004e28                UART5_IRQHandler
                0x08004e28                DMA2_Stream0_IRQHandler
                0x08004e28                TIM4_IRQHandler
                0x08004e28                I2C1_EV_IRQHandler
                0x08004e28                DMA1_Stream6_IRQHandler
                0x08004e28                DMA1_Stream1_IRQHandler
                0x08004e28                TIM3_IRQHandler
                0x08004e28                RCC_IRQHandler
                0x08004e28                TIM8_BRK_TIM12_IRQHandler
                0x08004e28                Default_Handler
                0x08004e28                EXTI15_10_IRQHandler
                0x08004e28                ADC_IRQHandler
                0x08004e28                DMA1_Stream7_IRQHandler
                0x08004e28                TIM7_IRQHandler
                0x08004e28                CAN2_TX_IRQHandler
                0x08004e28                TIM5_IRQHandler
                0x08004e28                DMA2_Stream7_IRQHandler
                0x08004e28                I2C3_EV_IRQHandler
                0x08004e28                EXTI9_5_IRQHandler
                0x08004e28                RTC_WKUP_IRQHandler
                0x08004e28                SPI2_IRQHandler
                0x08004e28                OTG_HS_EP1_IN_IRQHandler
                0x08004e28                DMA1_Stream0_IRQHandler
                0x08004e28                CAN1_TX_IRQHandler
                0x08004e28                EXTI4_IRQHandler
                0x08004e28                FSMC_IRQHandler
                0x08004e28                OTG_HS_EP1_OUT_IRQHandler
                0x08004e28                WWDG_IRQHandler
                0x08004e28                TIM2_IRQHandler
                0x08004e28                OTG_FS_WKUP_IRQHandler
                0x08004e28                TIM1_TRG_COM_TIM11_IRQHandler
                0x08004e28                OTG_HS_IRQHandler
                0x08004e28                EXTI1_IRQHandler
                0x08004e28                USART2_IRQHandler
                0x08004e28                I2C2_ER_IRQHandler
                0x08004e28                DMA2_Stream1_IRQHandler
                0x08004e28                CAN1_SCE_IRQHandler
                0x08004e28                FLASH_IRQHandler
                0x08004e28                DMA2_Stream4_IRQHandler
                0x08004e28                USART1_IRQHandler
                0x08004e28                OTG_FS_IRQHandler
                0x08004e28                SPI3_IRQHandler
                0x08004e28                DMA1_Stream4_IRQHandler
                0x08004e28                I2C1_ER_IRQHandler
                0x08004e28                DMA2_Stream6_IRQHandler
                0x08004e28                DMA1_Stream3_IRQHandler
 *fill*         0x08004e2a        0x2 
 .text.__libc_init_array
                0x08004e2c       0x48 c:/program files (x86)/atollic/truestudio for stm32 9.3.0/armtools/bin/../lib/gcc/arm-atollic-eabi/6.3.1/../../../../arm-atollic-eabi/lib/armv7e-m/fpu\libc_nano.a(lib_a-init.o)
                0x08004e2c                __libc_init_array
 .text.memcpy   0x08004e74       0x16 c:/program files (x86)/atollic/truestudio for stm32 9.3.0/armtools/bin/../lib/gcc/arm-atollic-eabi/6.3.1/../../../../arm-atollic-eabi/lib/armv7e-m/fpu\libc_nano.a(lib_a-memcpy-stub.o)
                0x08004e74                memcpy
 .text.memset   0x08004e8a       0x10 c:/program files (x86)/atollic/truestudio for stm32 9.3.0/armtools/bin/../lib/gcc/arm-atollic-eabi/6.3.1/../../../../arm-atollic-eabi/lib/armv7e-m/fpu\libc_nano.a(lib_a-memset.o)
                0x08004e8a                memset
 .text.__cvt    0x08004e9a       0xc2 c:/program files (x86)/atollic/truestudio for stm32 9.3.0/armtools/bin/../lib/gcc/arm-atollic-eabi/6.3.1/../../../../arm-atollic-eabi/lib/armv7e-m/fpu\libc_nano.a(lib_a-nano-vfprintf_float.o)
                0x08004e9a                __cvt
 .text.__exponent
                0x08004f5c       0x6a c:/program files (x86)/atollic/truestudio for stm32 9.3.0/armtools/bin/../lib/gcc/arm-atollic-eabi/6.3.1/../../../../arm-atollic-eabi/lib/armv7e-m/fpu\libc_nano.a(lib_a-nano-vfprintf_float.o)
                0x08004f5c                __exponent
 *fill*         0x08004fc6        0x2 
 .text._printf_float
                0x08004fc8      0x480 c:/program files (x86)/atollic/truestudio for stm32 9.3.0/armtools/bin/../lib/gcc/arm-atollic-eabi/6.3.1/../../../../arm-atollic-eabi/lib/armv7e-m/fpu\libc_nano.a(lib_a-nano-vfprintf_float.o)
                0x08004fc8                _printf_float
 .text._printf_common
                0x08005448       0xec c:/program files (x86)/atollic/truestudio for stm32 9.3.0/armtools/bin/../lib/gcc/arm-atollic-eabi/6.3.1/../../../../arm-atollic-eabi/lib/armv7e-m/fpu\libc_nano.a(lib_a-nano-vfprintf_i.o)
                0x08005448                _printf_common
 .text._printf_i
                0x08005534      0x240 c:/program files (x86)/atollic/truestudio for stm32 9.3.0/armtools/bin/../lib/gcc/arm-atollic-eabi/6.3.1/../../../../arm-atollic-eabi/lib/armv7e-m/fpu\libc_nano.a(lib_a-nano-vfprintf_i.o)
                0x08005534                _printf_i
 .text.sprintf  0x08005774       0x48 c:/program files (x86)/atollic/truestudio for stm32 9.3.0/armtools/bin/../lib/gcc/arm-atollic-eabi/6.3.1/../../../../arm-atollic-eabi/lib/armv7e-m/fpu\libc_nano.a(lib_a-sprintf.o)
                0x08005774                siprintf
                0x08005774                sprintf
 .text.quorem   0x080057bc      0x118 c:/program files (x86)/atollic/truestudio for stm32 9.3.0/armtools/bin/../lib/gcc/arm-atollic-eabi/6.3.1/../../../../arm-atollic-eabi/lib/armv7e-m/fpu\libc_nano.a(lib_a-dtoa.o)
 *fill*         0x080058d4        0x4 
 .text._dtoa_r  0x080058d8      0xb9c c:/program files (x86)/atollic/truestudio for stm32 9.3.0/armtools/bin/../lib/gcc/arm-atollic-eabi/6.3.1/../../../../arm-atollic-eabi/lib/armv7e-m/fpu\libc_nano.a(lib_a-dtoa.o)
                0x080058d8                _dtoa_r
 .text._localeconv_r
                0x08006474       0x1c c:/program files (x86)/atollic/truestudio for stm32 9.3.0/armtools/bin/../lib/gcc/arm-atollic-eabi/6.3.1/../../../../arm-atollic-eabi/lib/armv7e-m/fpu\libc_nano.a(lib_a-localeconv.o)
                0x08006474                _localeconv_r
 .text.malloc   0x08006490       0x10 c:/program files (x86)/atollic/truestudio for stm32 9.3.0/armtools/bin/../lib/gcc/arm-atollic-eabi/6.3.1/../../../../arm-atollic-eabi/lib/armv7e-m/fpu\libc_nano.a(lib_a-malloc.o)
                0x08006490                malloc
 .text._Balloc  0x080064a0       0x68 c:/program files (x86)/atollic/truestudio for stm32 9.3.0/armtools/bin/../lib/gcc/arm-atollic-eabi/6.3.1/../../../../arm-atollic-eabi/lib/armv7e-m/fpu\libc_nano.a(lib_a-mprec.o)
                0x080064a0                _Balloc
 .text._Bfree   0x08006508       0x2e c:/program files (x86)/atollic/truestudio for stm32 9.3.0/armtools/bin/../lib/gcc/arm-atollic-eabi/6.3.1/../../../../arm-atollic-eabi/lib/armv7e-m/fpu\libc_nano.a(lib_a-mprec.o)
                0x08006508                _Bfree
 .text.__multadd
                0x08006536       0x76 c:/program files (x86)/atollic/truestudio for stm32 9.3.0/armtools/bin/../lib/gcc/arm-atollic-eabi/6.3.1/../../../../arm-atollic-eabi/lib/armv7e-m/fpu\libc_nano.a(lib_a-mprec.o)
                0x08006536                __multadd
 .text.__hi0bits
                0x080065ac       0x3e c:/program files (x86)/atollic/truestudio for stm32 9.3.0/armtools/bin/../lib/gcc/arm-atollic-eabi/6.3.1/../../../../arm-atollic-eabi/lib/armv7e-m/fpu\libc_nano.a(lib_a-mprec.o)
                0x080065ac                __hi0bits
 .text.__lo0bits
                0x080065ea       0x5e c:/program files (x86)/atollic/truestudio for stm32 9.3.0/armtools/bin/../lib/gcc/arm-atollic-eabi/6.3.1/../../../../arm-atollic-eabi/lib/armv7e-m/fpu\libc_nano.a(lib_a-mprec.o)
                0x080065ea                __lo0bits
 .text.__i2b    0x08006648       0x12 c:/program files (x86)/atollic/truestudio for stm32 9.3.0/armtools/bin/../lib/gcc/arm-atollic-eabi/6.3.1/../../../../arm-atollic-eabi/lib/armv7e-m/fpu\libc_nano.a(lib_a-mprec.o)
                0x08006648                __i2b
 .text.__multiply
                0x0800665a      0x11a c:/program files (x86)/atollic/truestudio for stm32 9.3.0/armtools/bin/../lib/gcc/arm-atollic-eabi/6.3.1/../../../../arm-atollic-eabi/lib/armv7e-m/fpu\libc_nano.a(lib_a-mprec.o)
                0x0800665a                __multiply
 .text.__pow5mult
                0x08006774       0x9c c:/program files (x86)/atollic/truestudio for stm32 9.3.0/armtools/bin/../lib/gcc/arm-atollic-eabi/6.3.1/../../../../arm-atollic-eabi/lib/armv7e-m/fpu\libc_nano.a(lib_a-mprec.o)
                0x08006774                __pow5mult
 .text.__lshift
                0x08006810       0xa2 c:/program files (x86)/atollic/truestudio for stm32 9.3.0/armtools/bin/../lib/gcc/arm-atollic-eabi/6.3.1/../../../../arm-atollic-eabi/lib/armv7e-m/fpu\libc_nano.a(lib_a-mprec.o)
                0x08006810                __lshift
 .text.__mcmp   0x080068b2       0x34 c:/program files (x86)/atollic/truestudio for stm32 9.3.0/armtools/bin/../lib/gcc/arm-atollic-eabi/6.3.1/../../../../arm-atollic-eabi/lib/armv7e-m/fpu\libc_nano.a(lib_a-mprec.o)
                0x080068b2                __mcmp
 .text.__mdiff  0x080068e6       0xbc c:/program files (x86)/atollic/truestudio for stm32 9.3.0/armtools/bin/../lib/gcc/arm-atollic-eabi/6.3.1/../../../../arm-atollic-eabi/lib/armv7e-m/fpu\libc_nano.a(lib_a-mprec.o)
                0x080068e6                __mdiff
 .text.__d2b    0x080069a2       0x9e c:/program files (x86)/atollic/truestudio for stm32 9.3.0/armtools/bin/../lib/gcc/arm-atollic-eabi/6.3.1/../../../../arm-atollic-eabi/lib/armv7e-m/fpu\libc_nano.a(lib_a-mprec.o)
                0x080069a2                __d2b
 .text._calloc_r
                0x08006a40       0x1c c:/program files (x86)/atollic/truestudio for stm32 9.3.0/armtools/bin/../lib/gcc/arm-atollic-eabi/6.3.1/../../../../arm-atollic-eabi/lib/armv7e-m/fpu\libc_nano.a(lib_a-nano-callocr.o)
                0x08006a40                _calloc_r
 .text._free_r  0x08006a5c       0x9c c:/program files (x86)/atollic/truestudio for stm32 9.3.0/armtools/bin/../lib/gcc/arm-atollic-eabi/6.3.1/../../../../arm-atollic-eabi/lib/armv7e-m/fpu\libc_nano.a(lib_a-nano-freer.o)
                0x08006a5c                _free_r
 .text._malloc_r
                0x08006af8       0xbc c:/program files (x86)/atollic/truestudio for stm32 9.3.0/armtools/bin/../lib/gcc/arm-atollic-eabi/6.3.1/../../../../arm-atollic-eabi/lib/armv7e-m/fpu\libc_nano.a(lib_a-nano-mallocr.o)
                0x08006af8                _malloc_r
 .text.__ssputs_r
                0x08006bb4       0xb6 c:/program files (x86)/atollic/truestudio for stm32 9.3.0/armtools/bin/../lib/gcc/arm-atollic-eabi/6.3.1/../../../../arm-atollic-eabi/lib/armv7e-m/fpu\libc_nano.a(lib_a-nano-svfprintf.o)
                0x08006bb4                __ssputs_r
 *fill*         0x08006c6a        0x2 
 .text._svfprintf_r
                0x08006c6c      0x1e8 c:/program files (x86)/atollic/truestudio for stm32 9.3.0/armtools/bin/../lib/gcc/arm-atollic-eabi/6.3.1/../../../../arm-atollic-eabi/lib/armv7e-m/fpu\libc_nano.a(lib_a-nano-svfprintf.o)
                0x08006c6c                _svfiprintf_r
                0x08006c6c                _svfprintf_r
 .text._sbrk_r  0x08006e54       0x20 c:/program files (x86)/atollic/truestudio for stm32 9.3.0/armtools/bin/../lib/gcc/arm-atollic-eabi/6.3.1/../../../../arm-atollic-eabi/lib/armv7e-m/fpu\libc_nano.a(lib_a-sbrkr.o)
                0x08006e54                _sbrk_r
 .text.__ascii_mbtowc
                0x08006e74       0x24 c:/program files (x86)/atollic/truestudio for stm32 9.3.0/armtools/bin/../lib/gcc/arm-atollic-eabi/6.3.1/../../../../arm-atollic-eabi/lib/armv7e-m/fpu\libc_nano.a(lib_a-mbtowc_r.o)
                0x08006e74                __ascii_mbtowc
 .text.memmove  0x08006e98       0x34 c:/program files (x86)/atollic/truestudio for stm32 9.3.0/armtools/bin/../lib/gcc/arm-atollic-eabi/6.3.1/../../../../arm-atollic-eabi/lib/armv7e-m/fpu\libc_nano.a(lib_a-memmove.o)
                0x08006e98                memmove
 .text.__malloc_lock
                0x08006ecc        0x2 c:/program files (x86)/atollic/truestudio for stm32 9.3.0/armtools/bin/../lib/gcc/arm-atollic-eabi/6.3.1/../../../../arm-atollic-eabi/lib/armv7e-m/fpu\libc_nano.a(lib_a-mlock.o)
                0x08006ecc                __malloc_lock
 .text.__malloc_unlock
                0x08006ece        0x2 c:/program files (x86)/atollic/truestudio for stm32 9.3.0/armtools/bin/../lib/gcc/arm-atollic-eabi/6.3.1/../../../../arm-atollic-eabi/lib/armv7e-m/fpu\libc_nano.a(lib_a-mlock.o)
                0x08006ece                __malloc_unlock
 .text._realloc_r
                0x08006ed0       0x4c c:/program files (x86)/atollic/truestudio for stm32 9.3.0/armtools/bin/../lib/gcc/arm-atollic-eabi/6.3.1/../../../../arm-atollic-eabi/lib/armv7e-m/fpu\libc_nano.a(lib_a-nano-reallocr.o)
                0x08006ed0                _realloc_r
 .text.__ascii_wctomb
                0x08006f1c       0x1a c:/program files (x86)/atollic/truestudio for stm32 9.3.0/armtools/bin/../lib/gcc/arm-atollic-eabi/6.3.1/../../../../arm-atollic-eabi/lib/armv7e-m/fpu\libc_nano.a(lib_a-wctomb_r.o)
                0x08006f1c                __ascii_wctomb
 .text._malloc_usable_size_r
                0x08006f36       0x12 c:/program files (x86)/atollic/truestudio for stm32 9.3.0/armtools/bin/../lib/gcc/arm-atollic-eabi/6.3.1/../../../../arm-atollic-eabi/lib/armv7e-m/fpu\libc_nano.a(lib_a-nano-msizer.o)
                0x08006f36                _malloc_usable_size_r
 .text._sbrk    0x08006f48       0x1c c:/program files (x86)/atollic/truestudio for stm32 9.3.0/armtools/bin/../lib/gcc/arm-atollic-eabi/6.3.1/../../../../arm-atollic-eabi/lib/armv7e-m/fpu\libnosys.a(sbrk.o)
                0x08006f48                _sbrk
 *(.glue_7)
 .glue_7        0x08006f64        0x0 linker stubs
 *(.glue_7t)
 .glue_7t       0x08006f64        0x0 linker stubs
 *(.eh_frame)
 .eh_frame      0x08006f64        0x0 c:/program files (x86)/atollic/truestudio for stm32 9.3.0/armtools/bin/../lib/gcc/arm-atollic-eabi/6.3.1/armv7e-m/fpu/crtbegin.o
 *(.init)
 .init          0x08006f64        0x4 c:/program files (x86)/atollic/truestudio for stm32 9.3.0/armtools/bin/../lib/gcc/arm-atollic-eabi/6.3.1/armv7e-m/fpu/crti.o
                0x08006f64                _init
 .init          0x08006f68        0x8 c:/program files (x86)/atollic/truestudio for stm32 9.3.0/armtools/bin/../lib/gcc/arm-atollic-eabi/6.3.1/armv7e-m/fpu/crtn.o
 *(.fini)
 .fini          0x08006f70        0x4 c:/program files (x86)/atollic/truestudio for stm32 9.3.0/armtools/bin/../lib/gcc/arm-atollic-eabi/6.3.1/armv7e-m/fpu/crti.o
                0x08006f70                _fini
 .fini          0x08006f74        0x8 c:/program files (x86)/atollic/truestudio for stm32 9.3.0/armtools/bin/../lib/gcc/arm-atollic-eabi/6.3.1/armv7e-m/fpu/crtn.o
                0x08006f7c                . = ALIGN (0x4)
                0x08006f7c                _etext = .

.vfp11_veneer   0x08006f7c        0x0
 .vfp11_veneer  0x08006f7c        0x0 linker stubs

.v4_bx          0x08006f7c        0x0
 .v4_bx         0x08006f7c        0x0 linker stubs

.iplt           0x08006f7c        0x0
 .iplt          0x08006f7c        0x0 c:/program files (x86)/atollic/truestudio for stm32 9.3.0/armtools/bin/../lib/gcc/arm-atollic-eabi/6.3.1/armv7e-m/fpu/crtbegin.o

.rodata         0x08006f80      0x368
                0x08006f80                . = ALIGN (0x4)
 *(.rodata)
 *(.rodata*)
 .rodata.ExCvt  0x08006f80       0x80 Middlewares\Third_Party\FatFs\src\ff.o
 .rodata.follow_path.str1.1
                0x08007000        0xf Middlewares\Third_Party\FatFs\src\ff.o
 .rodata.MX_ADC2_Init.str1.1
                0x0800700f        0xd Src\adc.o
 .rodata.MX_I2C1_Init.str1.1
                0x0800701c        0xd Src\i2c.o
 .rodata.main.str1.1
                0x08007029       0x1b Src\main.o
                                 0x1c (size before relaxing)
 .rodata.SD_Driver
                0x08007044       0x14 Src\sd_diskio.o
                0x08007044                SD_Driver
 .rodata.MX_SPI1_Init.str1.1
                0x08007058        0xd Src\spi.o
 .rodata.AHBPrescTable
                0x08007065       0x10 Src\system_stm32f4xx.o
                0x08007065                AHBPrescTable
 .rodata.APBPrescTable
                0x08007075        0x8 Src\system_stm32f4xx.o
                0x08007075                APBPrescTable
 .rodata.MX_UART4_Init.str1.1
                0x0800707d        0xf Src\usart.o
 .rodata._printf_float.str1.1
                0x0800708c       0x12 c:/program files (x86)/atollic/truestudio for stm32 9.3.0/armtools/bin/../lib/gcc/arm-atollic-eabi/6.3.1/../../../../arm-atollic-eabi/lib/armv7e-m/fpu\libc_nano.a(lib_a-nano-vfprintf_float.o)
 .rodata._printf_i.str1.1
                0x0800709e       0x22 c:/program files (x86)/atollic/truestudio for stm32 9.3.0/armtools/bin/../lib/gcc/arm-atollic-eabi/6.3.1/../../../../arm-atollic-eabi/lib/armv7e-m/fpu\libc_nano.a(lib_a-nano-vfprintf_i.o)
 .rodata._dtoa_r.str1.1
                0x080070c0        0xd c:/program files (x86)/atollic/truestudio for stm32 9.3.0/armtools/bin/../lib/gcc/arm-atollic-eabi/6.3.1/../../../../arm-atollic-eabi/lib/armv7e-m/fpu\libc_nano.a(lib_a-dtoa.o)
                                  0xf (size before relaxing)
 *fill*         0x080070cd        0x3 
 .rodata.__mprec_bigtens
                0x080070d0       0x28 c:/program files (x86)/atollic/truestudio for stm32 9.3.0/armtools/bin/../lib/gcc/arm-atollic-eabi/6.3.1/../../../../arm-atollic-eabi/lib/armv7e-m/fpu\libc_nano.a(lib_a-mprec.o)
                0x080070d0                __mprec_bigtens
 .rodata.__mprec_tens
                0x080070f8       0xc8 c:/program files (x86)/atollic/truestudio for stm32 9.3.0/armtools/bin/../lib/gcc/arm-atollic-eabi/6.3.1/../../../../arm-atollic-eabi/lib/armv7e-m/fpu\libc_nano.a(lib_a-mprec.o)
                0x080070f8                __mprec_tens
 .rodata.p05.7175
                0x080071c0        0xc c:/program files (x86)/atollic/truestudio for stm32 9.3.0/armtools/bin/../lib/gcc/arm-atollic-eabi/6.3.1/../../../../arm-atollic-eabi/lib/armv7e-m/fpu\libc_nano.a(lib_a-mprec.o)
 .rodata._svfprintf_r.str1.1
                0x080071cc       0x11 c:/program files (x86)/atollic/truestudio for stm32 9.3.0/armtools/bin/../lib/gcc/arm-atollic-eabi/6.3.1/../../../../arm-atollic-eabi/lib/armv7e-m/fpu\libc_nano.a(lib_a-nano-svfprintf.o)
 .rodata._setlocale_r.str1.1
                0x080071dd        0x8 c:/program files (x86)/atollic/truestudio for stm32 9.3.0/armtools/bin/../lib/gcc/arm-atollic-eabi/6.3.1/../../../../arm-atollic-eabi/lib/armv7e-m/fpu\libc_nano.a(lib_a-locale.o)
                                  0x9 (size before relaxing)
 .rodata.str1.1
                0x080071e5        0x2 c:/program files (x86)/atollic/truestudio for stm32 9.3.0/armtools/bin/../lib/gcc/arm-atollic-eabi/6.3.1/../../../../arm-atollic-eabi/lib/armv7e-m/fpu\libc_nano.a(lib_a-locale.o)
 .rodata._ctype_
                0x080071e7      0x101 c:/program files (x86)/atollic/truestudio for stm32 9.3.0/armtools/bin/../lib/gcc/arm-atollic-eabi/6.3.1/../../../../arm-atollic-eabi/lib/armv7e-m/fpu\libc_nano.a(lib_a-ctype_.o)
                0x080071e7                _ctype_
                0x080072e8                . = ALIGN (0x4)

.ARM.extab
 *(.ARM.extab* .gnu.linkonce.armextab.*)

.ARM            0x080072e8        0x8
                0x080072e8                __exidx_start = .
 *(.ARM.exidx*)
 .ARM.exidx     0x080072e8        0x8 c:/program files (x86)/atollic/truestudio for stm32 9.3.0/armtools/bin/../lib/gcc/arm-atollic-eabi/6.3.1/armv7e-m/fpu\libgcc.a(_udivmoddi4.o)
                0x080072f0                __exidx_end = .

.rel.dyn        0x080072f0        0x0
 .rel.iplt      0x080072f0        0x0 c:/program files (x86)/atollic/truestudio for stm32 9.3.0/armtools/bin/../lib/gcc/arm-atollic-eabi/6.3.1/armv7e-m/fpu/crtbegin.o

.preinit_array  0x080072f0        0x0
                0x080072f0                PROVIDE (__preinit_array_start, .)
 *(.preinit_array*)
                0x080072f0                PROVIDE (__preinit_array_end, .)

.init_array     0x080072f0        0x4
                0x080072f0                PROVIDE (__init_array_start, .)
 *(SORT(.init_array.*))
 *(.init_array*)
 .init_array    0x080072f0        0x4 c:/program files (x86)/atollic/truestudio for stm32 9.3.0/armtools/bin/../lib/gcc/arm-atollic-eabi/6.3.1/armv7e-m/fpu/crtbegin.o
                0x080072f4                PROVIDE (__init_array_end, .)

.fini_array     0x080072f4        0x4
                [!provide]                PROVIDE (__fini_array_start, .)
 *(SORT(.fini_array.*))
 *(.fini_array*)
 .fini_array    0x080072f4        0x4 c:/program files (x86)/atollic/truestudio for stm32 9.3.0/armtools/bin/../lib/gcc/arm-atollic-eabi/6.3.1/armv7e-m/fpu/crtbegin.o
                [!provide]                PROVIDE (__fini_array_end, .)
                0x080072f8                _sidata = LOADADDR (.data)

.data           0x20000000      0x1e0 load address 0x080072f8
                0x20000000                . = ALIGN (0x4)
                0x20000000                _sdata = .
 *(.data)
 *(.data*)
 .data.uwTickFreq
                0x20000000        0x1 Drivers\STM32F4xx_HAL_Driver\Src\stm32f4xx_hal.o
                0x20000000                uwTickFreq
 *fill*         0x20000001        0x3 
 .data.uwTickPrio
                0x20000004        0x4 Drivers\STM32F4xx_HAL_Driver\Src\stm32f4xx_hal.o
                0x20000004                uwTickPrio
 .data.Stat     0x20000008        0x1 Src\sd_diskio.o
 *fill*         0x20000009        0x3 
 .data.SystemCoreClock
                0x2000000c        0x4 Src\system_stm32f4xx.o
                0x2000000c                SystemCoreClock
 .data._impure_ptr
                0x20000010        0x4 c:/program files (x86)/atollic/truestudio for stm32 9.3.0/armtools/bin/../lib/gcc/arm-atollic-eabi/6.3.1/../../../../arm-atollic-eabi/lib/armv7e-m/fpu\libc_nano.a(lib_a-impure.o)
                0x20000010                _impure_ptr
 .data.impure_data
                0x20000014       0x60 c:/program files (x86)/atollic/truestudio for stm32 9.3.0/armtools/bin/../lib/gcc/arm-atollic-eabi/6.3.1/../../../../arm-atollic-eabi/lib/armv7e-m/fpu\libc_nano.a(lib_a-impure.o)
 .data.__global_locale
                0x20000074      0x16c c:/program files (x86)/atollic/truestudio for stm32 9.3.0/armtools/bin/../lib/gcc/arm-atollic-eabi/6.3.1/../../../../arm-atollic-eabi/lib/armv7e-m/fpu\libc_nano.a(lib_a-locale.o)
                0x20000074                __global_locale
                0x200001e0                . = ALIGN (0x4)
                0x200001e0                _edata = .
                0x080074d8                _siccmram = LOADADDR (.ccmram)

.igot.plt       0x200001e0        0x0 load address 0x080074d8
 .igot.plt      0x200001e0        0x0 c:/program files (x86)/atollic/truestudio for stm32 9.3.0/armtools/bin/../lib/gcc/arm-atollic-eabi/6.3.1/armv7e-m/fpu/crtbegin.o

.ccmram         0x10000000        0x0 load address 0x080074d8
                0x10000000                . = ALIGN (0x4)
                0x10000000                _sccmram = .
 *(.ccmram)
 *(.ccmram*)
                0x10000000                . = ALIGN (0x4)
                0x10000000                _eccmram = .
                0x10000000                . = ALIGN (0x4)

.bss            0x200001e0     0x1390
                0x200001e0                _sbss = .
                0x200001e0                __bss_start__ = _sbss
 *(.bss)
 .bss           0x200001e0       0x1c c:/program files (x86)/atollic/truestudio for stm32 9.3.0/armtools/bin/../lib/gcc/arm-atollic-eabi/6.3.1/armv7e-m/fpu/crtbegin.o
 *(.bss*)
 .bss.FatFs     0x200001fc        0x4 Middlewares\Third_Party\FatFs\src\ff.o
 .bss.Files     0x20000200       0x20 Middlewares\Third_Party\FatFs\src\ff.o
 .bss.Fsid      0x20000220        0x2 Middlewares\Third_Party\FatFs\src\ff.o
 *fill*         0x20000222        0x2 
 .bss.disk      0x20000224        0xc Middlewares\Third_Party\FatFs\src\ff_gen_drv.o
                0x20000224                disk
 .bss.usePhotoresist
                0x20000230        0x4 Src\main.o
                0x20000230                usePhotoresist
 .bss.__malloc_free_list
                0x20000234        0x4 c:/program files (x86)/atollic/truestudio for stm32 9.3.0/armtools/bin/../lib/gcc/arm-atollic-eabi/6.3.1/../../../../arm-atollic-eabi/lib/armv7e-m/fpu\libc_nano.a(lib_a-nano-mallocr.o)
                0x20000234                __malloc_free_list
 .bss.__malloc_sbrk_start
                0x20000238        0x4 c:/program files (x86)/atollic/truestudio for stm32 9.3.0/armtools/bin/../lib/gcc/arm-atollic-eabi/6.3.1/../../../../arm-atollic-eabi/lib/armv7e-m/fpu\libc_nano.a(lib_a-nano-mallocr.o)
                0x20000238                __malloc_sbrk_start
 .bss.heap_end.5239
                0x2000023c        0x4 c:/program files (x86)/atollic/truestudio for stm32 9.3.0/armtools/bin/../lib/gcc/arm-atollic-eabi/6.3.1/../../../../arm-atollic-eabi/lib/armv7e-m/fpu\libnosys.a(sbrk.o)
 *(COMMON)
 COMMON         0x20000240        0x4 Drivers\STM32F4xx_HAL_Driver\Src\stm32f4xx_hal.o
                0x20000240                uwTick
 COMMON         0x20000244       0x48 Src\adc.o
                0x20000244                hadc2
 COMMON         0x2000028c      0x468 Src\fatfs.o
                0x2000028c                retSD
                0x2000028d                SDPath
                0x20000294                SDFile
                0x200004c4                SDFatFS
 COMMON         0x200006f4       0x54 Src\i2c.o
                0x200006f4                hi2c1
 COMMON         0x20000748      0xcc8 Src\main.o
                0x20000748                humi
                0x2000074c                pres
                0x20000750                gpsBuffer
                0x200009dc                fs
                0x20000c0c                byteswritten
                0x20000c10                alti
                0x20000c14                ms
                0x20000c18                temp
                0x20000c1c                bmi160Gyro
                0x20000c28                file
                0x20000e58                rxCharBuf
                0x20001114                bmi160
                0x20001140                rxBuffer
                0x20001340                rxTmp
                0x20001341                s
                0x20001342                h
                0x20001343                buf
                0x200013c4                bmp280
                0x200013f8                bmi160Accel
                0x20001404                s_pres
                0x20001408                m
                0x2000140a                rxIndex
                0x2000140c                rxChars
 COMMON         0x20001410       0x84 Src\sdio.o
                0x20001410                hsd
 COMMON         0x20001494       0x58 Src\spi.o
                0x20001494                hspi1
 COMMON         0x200014ec       0x80 Src\usart.o
                0x200014ec                huart1
                0x2000152c                huart4
 COMMON         0x2000156c        0x4 c:/program files (x86)/atollic/truestudio for stm32 9.3.0/armtools/bin/../lib/gcc/arm-atollic-eabi/6.3.1/../../../../arm-atollic-eabi/lib/armv7e-m/fpu\libc_nano.a(lib_a-reent.o)
                0x2000156c                errno
                0x20001570                . = ALIGN (0x4)
                0x20001570                _ebss = .
                0x20001570                __bss_end__ = _ebss

._user_heap_stack
                0x20001570      0x600
                0x20001570                . = ALIGN (0x4)
                0x20001570                PROVIDE (end, .)
                [!provide]                PROVIDE (_end, .)
                0x20001770                . = (. + _Min_Heap_Size)
 *fill*         0x20001570      0x200 
                0x20001b70                . = (. + _Min_Stack_Size)
 *fill*         0x20001770      0x400 
                0x20001b70                . = ALIGN (0x4)

/DISCARD/
 libc.a(*)
 libm.a(*)
 libgcc.a(*)

.ARM.attributes
                0x00000000       0x30
 *(.ARM.attributes)
 .ARM.attributes
                0x00000000       0x22 c:/program files (x86)/atollic/truestudio for stm32 9.3.0/armtools/bin/../lib/gcc/arm-atollic-eabi/6.3.1/armv7e-m/fpu/crti.o
 .ARM.attributes
                0x00000022       0x34 c:/program files (x86)/atollic/truestudio for stm32 9.3.0/armtools/bin/../lib/gcc/arm-atollic-eabi/6.3.1/armv7e-m/fpu/crtbegin.o
 .ARM.attributes
                0x00000056       0x39 Drivers\STM32F4xx_HAL_Driver\Src\stm32f4xx_hal.o
 .ARM.attributes
                0x0000008f       0x39 Drivers\STM32F4xx_HAL_Driver\Src\stm32f4xx_hal_adc.o
 .ARM.attributes
                0x000000c8       0x39 Drivers\STM32F4xx_HAL_Driver\Src\stm32f4xx_hal_adc_ex.o
 .ARM.attributes
                0x00000101       0x39 Drivers\STM32F4xx_HAL_Driver\Src\stm32f4xx_hal_cortex.o
 .ARM.attributes
                0x0000013a       0x39 Drivers\STM32F4xx_HAL_Driver\Src\stm32f4xx_hal_dma.o
 .ARM.attributes
                0x00000173       0x39 Drivers\STM32F4xx_HAL_Driver\Src\stm32f4xx_hal_gpio.o
 .ARM.attributes
                0x000001ac       0x39 Drivers\STM32F4xx_HAL_Driver\Src\stm32f4xx_hal_i2c.o
 .ARM.attributes
                0x000001e5       0x39 Drivers\STM32F4xx_HAL_Driver\Src\stm32f4xx_hal_rcc.o
 .ARM.attributes
                0x0000021e       0x39 Drivers\STM32F4xx_HAL_Driver\Src\stm32f4xx_hal_sd.o
 .ARM.attributes
                0x00000257       0x39 Drivers\STM32F4xx_HAL_Driver\Src\stm32f4xx_hal_spi.o
 .ARM.attributes
                0x00000290       0x39 Drivers\STM32F4xx_HAL_Driver\Src\stm32f4xx_hal_uart.o
 .ARM.attributes
                0x000002c9       0x39 Drivers\STM32F4xx_HAL_Driver\Src\stm32f4xx_ll_sdmmc.o
 .ARM.attributes
                0x00000302       0x39 Middlewares\Third_Party\FatFs\src\diskio.o
 .ARM.attributes
                0x0000033b       0x39 Middlewares\Third_Party\FatFs\src\ff.o
 .ARM.attributes
                0x00000374       0x39 Middlewares\Third_Party\FatFs\src\ff_gen_drv.o
 .ARM.attributes
                0x000003ad       0x39 Src\adc.o
 .ARM.attributes
                0x000003e6       0x39 Src\bsp_driver_sd.o
 .ARM.attributes
                0x0000041f       0x39 Src\fatfs.o
 .ARM.attributes
                0x00000458       0x39 Src\gpio.o
 .ARM.attributes
                0x00000491       0x39 Src\i2c.o
 .ARM.attributes
                0x000004ca       0x39 Src\main.o
 .ARM.attributes
                0x00000503       0x39 Src\sd_diskio.o
 .ARM.attributes
                0x0000053c       0x39 Src\sdio.o
 .ARM.attributes
                0x00000575       0x39 Src\spi.o
 .ARM.attributes
                0x000005ae       0x39 Src\stm32f4xx_hal_msp.o
 .ARM.attributes
                0x000005e7       0x39 Src\stm32f4xx_it.o
 .ARM.attributes
                0x00000620       0x39 Src\system_stm32f4xx.o
 .ARM.attributes
                0x00000659       0x39 Src\usart.o
 .ARM.attributes
                0x00000692       0x21 startup\startup_stm32f405xx.o
 .ARM.attributes
                0x000006b3       0x34 c:/program files (x86)/atollic/truestudio for stm32 9.3.0/armtools/bin/../lib/gcc/arm-atollic-eabi/6.3.1/../../../../arm-atollic-eabi/lib/armv7e-m/fpu\libc_nano.a(lib_a-init.o)
 .ARM.attributes
                0x000006e7       0x34 c:/program files (x86)/atollic/truestudio for stm32 9.3.0/armtools/bin/../lib/gcc/arm-atollic-eabi/6.3.1/../../../../arm-atollic-eabi/lib/armv7e-m/fpu\libc_nano.a(lib_a-memcpy-stub.o)
 .ARM.attributes
                0x0000071b       0x34 c:/program files (x86)/atollic/truestudio for stm32 9.3.0/armtools/bin/../lib/gcc/arm-atollic-eabi/6.3.1/../../../../arm-atollic-eabi/lib/armv7e-m/fpu\libc_nano.a(lib_a-memset.o)
 .ARM.attributes
                0x0000074f       0x34 c:/program files (x86)/atollic/truestudio for stm32 9.3.0/armtools/bin/../lib/gcc/arm-atollic-eabi/6.3.1/../../../../arm-atollic-eabi/lib/armv7e-m/fpu\libc_nano.a(lib_a-nano-vfprintf_float.o)
 .ARM.attributes
                0x00000783       0x34 c:/program files (x86)/atollic/truestudio for stm32 9.3.0/armtools/bin/../lib/gcc/arm-atollic-eabi/6.3.1/../../../../arm-atollic-eabi/lib/armv7e-m/fpu\libc_nano.a(lib_a-nano-vfprintf_i.o)
 .ARM.attributes
                0x000007b7       0x34 c:/program files (x86)/atollic/truestudio for stm32 9.3.0/armtools/bin/../lib/gcc/arm-atollic-eabi/6.3.1/../../../../arm-atollic-eabi/lib/armv7e-m/fpu\libc_nano.a(lib_a-sprintf.o)
 .ARM.attributes
                0x000007eb       0x1b c:/program files (x86)/atollic/truestudio for stm32 9.3.0/armtools/bin/../lib/gcc/arm-atollic-eabi/6.3.1/../../../../arm-atollic-eabi/lib/armv7e-m/fpu\libc_nano.a(lib_a-strlen.o)
 .ARM.attributes
                0x00000806       0x34 c:/program files (x86)/atollic/truestudio for stm32 9.3.0/armtools/bin/../lib/gcc/arm-atollic-eabi/6.3.1/../../../../arm-atollic-eabi/lib/armv7e-m/fpu\libc_nano.a(lib_a-dtoa.o)
 .ARM.attributes
                0x0000083a       0x34 c:/program files (x86)/atollic/truestudio for stm32 9.3.0/armtools/bin/../lib/gcc/arm-atollic-eabi/6.3.1/../../../../arm-atollic-eabi/lib/armv7e-m/fpu\libc_nano.a(lib_a-impure.o)
 .ARM.attributes
                0x0000086e       0x34 c:/program files (x86)/atollic/truestudio for stm32 9.3.0/armtools/bin/../lib/gcc/arm-atollic-eabi/6.3.1/../../../../arm-atollic-eabi/lib/armv7e-m/fpu\libc_nano.a(lib_a-localeconv.o)
 .ARM.attributes
                0x000008a2       0x34 c:/program files (x86)/atollic/truestudio for stm32 9.3.0/armtools/bin/../lib/gcc/arm-atollic-eabi/6.3.1/../../../../arm-atollic-eabi/lib/armv7e-m/fpu\libc_nano.a(lib_a-malloc.o)
 .ARM.attributes
                0x000008d6       0x20 c:/program files (x86)/atollic/truestudio for stm32 9.3.0/armtools/bin/../lib/gcc/arm-atollic-eabi/6.3.1/../../../../arm-atollic-eabi/lib/armv7e-m/fpu\libc_nano.a(lib_a-memchr.o)
 .ARM.attributes
                0x000008f6       0x34 c:/program files (x86)/atollic/truestudio for stm32 9.3.0/armtools/bin/../lib/gcc/arm-atollic-eabi/6.3.1/../../../../arm-atollic-eabi/lib/armv7e-m/fpu\libc_nano.a(lib_a-mprec.o)
 .ARM.attributes
                0x0000092a       0x34 c:/program files (x86)/atollic/truestudio for stm32 9.3.0/armtools/bin/../lib/gcc/arm-atollic-eabi/6.3.1/../../../../arm-atollic-eabi/lib/armv7e-m/fpu\libc_nano.a(lib_a-nano-callocr.o)
 .ARM.attributes
                0x0000095e       0x34 c:/program files (x86)/atollic/truestudio for stm32 9.3.0/armtools/bin/../lib/gcc/arm-atollic-eabi/6.3.1/../../../../arm-atollic-eabi/lib/armv7e-m/fpu\libc_nano.a(lib_a-nano-freer.o)
 .ARM.attributes
                0x00000992       0x34 c:/program files (x86)/atollic/truestudio for stm32 9.3.0/armtools/bin/../lib/gcc/arm-atollic-eabi/6.3.1/../../../../arm-atollic-eabi/lib/armv7e-m/fpu\libc_nano.a(lib_a-nano-mallocr.o)
 .ARM.attributes
                0x000009c6       0x34 c:/program files (x86)/atollic/truestudio for stm32 9.3.0/armtools/bin/../lib/gcc/arm-atollic-eabi/6.3.1/../../../../arm-atollic-eabi/lib/armv7e-m/fpu\libc_nano.a(lib_a-nano-svfprintf.o)
 .ARM.attributes
                0x000009fa       0x34 c:/program files (x86)/atollic/truestudio for stm32 9.3.0/armtools/bin/../lib/gcc/arm-atollic-eabi/6.3.1/../../../../arm-atollic-eabi/lib/armv7e-m/fpu\libc_nano.a(lib_a-sbrkr.o)
 .ARM.attributes
                0x00000a2e       0x34 c:/program files (x86)/atollic/truestudio for stm32 9.3.0/armtools/bin/../lib/gcc/arm-atollic-eabi/6.3.1/../../../../arm-atollic-eabi/lib/armv7e-m/fpu\libc_nano.a(lib_a-locale.o)
 .ARM.attributes
                0x00000a62       0x34 c:/program files (x86)/atollic/truestudio for stm32 9.3.0/armtools/bin/../lib/gcc/arm-atollic-eabi/6.3.1/../../../../arm-atollic-eabi/lib/armv7e-m/fpu\libc_nano.a(lib_a-mbtowc_r.o)
 .ARM.attributes
                0x00000a96       0x34 c:/program files (x86)/atollic/truestudio for stm32 9.3.0/armtools/bin/../lib/gcc/arm-atollic-eabi/6.3.1/../../../../arm-atollic-eabi/lib/armv7e-m/fpu\libc_nano.a(lib_a-memmove.o)
 .ARM.attributes
                0x00000aca       0x34 c:/program files (x86)/atollic/truestudio for stm32 9.3.0/armtools/bin/../lib/gcc/arm-atollic-eabi/6.3.1/../../../../arm-atollic-eabi/lib/armv7e-m/fpu\libc_nano.a(lib_a-mlock.o)
 .ARM.attributes
                0x00000afe       0x34 c:/program files (x86)/atollic/truestudio for stm32 9.3.0/armtools/bin/../lib/gcc/arm-atollic-eabi/6.3.1/../../../../arm-atollic-eabi/lib/armv7e-m/fpu\libc_nano.a(lib_a-nano-reallocr.o)
 .ARM.attributes
                0x00000b32       0x34 c:/program files (x86)/atollic/truestudio for stm32 9.3.0/armtools/bin/../lib/gcc/arm-atollic-eabi/6.3.1/../../../../arm-atollic-eabi/lib/armv7e-m/fpu\libc_nano.a(lib_a-reent.o)
 .ARM.attributes
                0x00000b66       0x34 c:/program files (x86)/atollic/truestudio for stm32 9.3.0/armtools/bin/../lib/gcc/arm-atollic-eabi/6.3.1/../../../../arm-atollic-eabi/lib/armv7e-m/fpu\libc_nano.a(lib_a-wctomb_r.o)
 .ARM.attributes
                0x00000b9a       0x34 c:/program files (x86)/atollic/truestudio for stm32 9.3.0/armtools/bin/../lib/gcc/arm-atollic-eabi/6.3.1/../../../../arm-atollic-eabi/lib/armv7e-m/fpu\libc_nano.a(lib_a-ctype_.o)
 .ARM.attributes
                0x00000bce       0x34 c:/program files (x86)/atollic/truestudio for stm32 9.3.0/armtools/bin/../lib/gcc/arm-atollic-eabi/6.3.1/../../../../arm-atollic-eabi/lib/armv7e-m/fpu\libc_nano.a(lib_a-nano-msizer.o)
 .ARM.attributes
                0x00000c02       0x22 c:/program files (x86)/atollic/truestudio for stm32 9.3.0/armtools/bin/../lib/gcc/arm-atollic-eabi/6.3.1/armv7e-m/fpu\libgcc.a(_arm_addsubdf3.o)
 .ARM.attributes
                0x00000c24       0x22 c:/program files (x86)/atollic/truestudio for stm32 9.3.0/armtools/bin/../lib/gcc/arm-atollic-eabi/6.3.1/armv7e-m/fpu\libgcc.a(_arm_muldivdf3.o)
 .ARM.attributes
                0x00000c46       0x22 c:/program files (x86)/atollic/truestudio for stm32 9.3.0/armtools/bin/../lib/gcc/arm-atollic-eabi/6.3.1/armv7e-m/fpu\libgcc.a(_arm_cmpdf2.o)
 .ARM.attributes
                0x00000c68       0x22 c:/program files (x86)/atollic/truestudio for stm32 9.3.0/armtools/bin/../lib/gcc/arm-atollic-eabi/6.3.1/armv7e-m/fpu\libgcc.a(_arm_unorddf2.o)
 .ARM.attributes
                0x00000c8a       0x22 c:/program files (x86)/atollic/truestudio for stm32 9.3.0/armtools/bin/../lib/gcc/arm-atollic-eabi/6.3.1/armv7e-m/fpu\libgcc.a(_arm_fixdfsi.o)
 .ARM.attributes
                0x00000cac       0x22 c:/program files (x86)/atollic/truestudio for stm32 9.3.0/armtools/bin/../lib/gcc/arm-atollic-eabi/6.3.1/armv7e-m/fpu\libgcc.a(_aeabi_uldivmod.o)
 .ARM.attributes
                0x00000cce       0x34 c:/program files (x86)/atollic/truestudio for stm32 9.3.0/armtools/bin/../lib/gcc/arm-atollic-eabi/6.3.1/armv7e-m/fpu\libgcc.a(_udivmoddi4.o)
 .ARM.attributes
                0x00000d02       0x22 c:/program files (x86)/atollic/truestudio for stm32 9.3.0/armtools/bin/../lib/gcc/arm-atollic-eabi/6.3.1/armv7e-m/fpu\libgcc.a(_dvmd_tls.o)
 .ARM.attributes
                0x00000d24       0x34 c:/program files (x86)/atollic/truestudio for stm32 9.3.0/armtools/bin/../lib/gcc/arm-atollic-eabi/6.3.1/../../../../arm-atollic-eabi/lib/armv7e-m/fpu\libnosys.a(sbrk.o)
 .ARM.attributes
                0x00000d58       0x22 c:/program files (x86)/atollic/truestudio for stm32 9.3.0/armtools/bin/../lib/gcc/arm-atollic-eabi/6.3.1/armv7e-m/fpu/crtn.o
OUTPUT(CanSatNew.elf elf32-littlearm)

.debug_info     0x00000000    0x204f3
 .debug_info    0x00000000      0xa02 Drivers\STM32F4xx_HAL_Driver\Src\stm32f4xx_hal.o
 .debug_info    0x00000a02      0xe02 Drivers\STM32F4xx_HAL_Driver\Src\stm32f4xx_hal_adc.o
 .debug_info    0x00001804      0xc23 Drivers\STM32F4xx_HAL_Driver\Src\stm32f4xx_hal_adc_ex.o
 .debug_info    0x00002427      0xf78 Drivers\STM32F4xx_HAL_Driver\Src\stm32f4xx_hal_cortex.o
 .debug_info    0x0000339f      0xa9d Drivers\STM32F4xx_HAL_Driver\Src\stm32f4xx_hal_dma.o
 .debug_info    0x00003e3c      0x7c6 Drivers\STM32F4xx_HAL_Driver\Src\stm32f4xx_hal_gpio.o
 .debug_info    0x00004602     0x3412 Drivers\STM32F4xx_HAL_Driver\Src\stm32f4xx_hal_i2c.o
 .debug_info    0x00007a14      0xaad Drivers\STM32F4xx_HAL_Driver\Src\stm32f4xx_hal_rcc.o
 .debug_info    0x000084c1     0x2362 Drivers\STM32F4xx_HAL_Driver\Src\stm32f4xx_hal_sd.o
 .debug_info    0x0000a823     0x1deb Drivers\STM32F4xx_HAL_Driver\Src\stm32f4xx_hal_spi.o
 .debug_info    0x0000c60e     0x16b0 Drivers\STM32F4xx_HAL_Driver\Src\stm32f4xx_hal_uart.o
 .debug_info    0x0000dcbe     0x17c9 Drivers\STM32F4xx_HAL_Driver\Src\stm32f4xx_ll_sdmmc.o
 .debug_info    0x0000f487      0xd1f Middlewares\Third_Party\FatFs\src\diskio.o
 .debug_info    0x000101a6     0x508e Middlewares\Third_Party\FatFs\src\ff.o
 .debug_info    0x00015234      0xd55 Middlewares\Third_Party\FatFs\src\ff_gen_drv.o
 .debug_info    0x00015f89      0xa9c Src\adc.o
 .debug_info    0x00016a25      0xbbe Src\bsp_driver_sd.o
 .debug_info    0x000175e3      0xdaa Src\fatfs.o
 .debug_info    0x0001838d      0x588 Src\gpio.o
 .debug_info    0x00018915      0xa58 Src\i2c.o
 .debug_info    0x0001936d     0x2f5d Src\main.o
 .debug_info    0x0001c2ca      0xf3f Src\sd_diskio.o
 .debug_info    0x0001d209      0xac6 Src\sdio.o
 .debug_info    0x0001dccf      0xa2f Src\spi.o
 .debug_info    0x0001e6fe      0x493 Src\stm32f4xx_hal_msp.o
 .debug_info    0x0001eb91      0x6b4 Src\stm32f4xx_it.o
 .debug_info    0x0001f245      0x55b Src\system_stm32f4xx.o
 .debug_info    0x0001f7a0      0xcef Src\usart.o
 .debug_info    0x0002048f       0x64 startup\startup_stm32f405xx.o

.debug_abbrev   0x00000000     0x4426
 .debug_abbrev  0x00000000      0x239 Drivers\STM32F4xx_HAL_Driver\Src\stm32f4xx_hal.o
 .debug_abbrev  0x00000239      0x2bf Drivers\STM32F4xx_HAL_Driver\Src\stm32f4xx_hal_adc.o
 .debug_abbrev  0x000004f8      0x284 Drivers\STM32F4xx_HAL_Driver\Src\stm32f4xx_hal_adc_ex.o
 .debug_abbrev  0x0000077c      0x314 Drivers\STM32F4xx_HAL_Driver\Src\stm32f4xx_hal_cortex.o
 .debug_abbrev  0x00000a90      0x2e8 Drivers\STM32F4xx_HAL_Driver\Src\stm32f4xx_hal_dma.o
 .debug_abbrev  0x00000d78      0x1ef Drivers\STM32F4xx_HAL_Driver\Src\stm32f4xx_hal_gpio.o
 .debug_abbrev  0x00000f67      0x38a Drivers\STM32F4xx_HAL_Driver\Src\stm32f4xx_hal_i2c.o
 .debug_abbrev  0x000012f1      0x2cb Drivers\STM32F4xx_HAL_Driver\Src\stm32f4xx_hal_rcc.o
 .debug_abbrev  0x000015bc      0x375 Drivers\STM32F4xx_HAL_Driver\Src\stm32f4xx_hal_sd.o
 .debug_abbrev  0x00001931      0x335 Drivers\STM32F4xx_HAL_Driver\Src\stm32f4xx_hal_spi.o
 .debug_abbrev  0x00001c66      0x313 Drivers\STM32F4xx_HAL_Driver\Src\stm32f4xx_hal_uart.o
 .debug_abbrev  0x00001f79      0x2a4 Drivers\STM32F4xx_HAL_Driver\Src\stm32f4xx_ll_sdmmc.o
 .debug_abbrev  0x0000221d      0x23d Middlewares\Third_Party\FatFs\src\diskio.o
 .debug_abbrev  0x0000245a      0x3ed Middlewares\Third_Party\FatFs\src\ff.o
 .debug_abbrev  0x00002847      0x2a5 Middlewares\Third_Party\FatFs\src\ff_gen_drv.o
 .debug_abbrev  0x00002aec      0x1c5 Src\adc.o
 .debug_abbrev  0x00002cb1      0x2a5 Src\bsp_driver_sd.o
 .debug_abbrev  0x00002f56      0x204 Src\fatfs.o
 .debug_abbrev  0x0000315a      0x166 Src\gpio.o
 .debug_abbrev  0x000032c0      0x1c7 Src\i2c.o
 .debug_abbrev  0x00003487      0x36d Src\main.o
 .debug_abbrev  0x000037f4      0x2dd Src\sd_diskio.o
 .debug_abbrev  0x00003ad1      0x1dd Src\sdio.o
 .debug_abbrev  0x00003cae      0x1c5 Src\spi.o
 .debug_abbrev  0x00003e73       0xec Src\stm32f4xx_hal_msp.o
 .debug_abbrev  0x00003f5f      0x1b1 Src\stm32f4xx_it.o
 .debug_abbrev  0x00004110      0x126 Src\system_stm32f4xx.o
 .debug_abbrev  0x00004236      0x1de Src\usart.o
 .debug_abbrev  0x00004414       0x12 startup\startup_stm32f405xx.o

.debug_loc      0x00000000    0x10589
 .debug_loc     0x00000000      0x12e Drivers\STM32F4xx_HAL_Driver\Src\stm32f4xx_hal.o
 .debug_loc     0x0000012e      0x7aa Drivers\STM32F4xx_HAL_Driver\Src\stm32f4xx_hal_adc.o
 .debug_loc     0x000008d8      0x7a8 Drivers\STM32F4xx_HAL_Driver\Src\stm32f4xx_hal_adc_ex.o
 .debug_loc     0x00001080      0x4fb Drivers\STM32F4xx_HAL_Driver\Src\stm32f4xx_hal_cortex.o
 .debug_loc     0x0000157b      0x727 Drivers\STM32F4xx_HAL_Driver\Src\stm32f4xx_hal_dma.o
 .debug_loc     0x00001ca2      0x357 Drivers\STM32F4xx_HAL_Driver\Src\stm32f4xx_hal_gpio.o
 .debug_loc     0x00001ff9     0x3009 Drivers\STM32F4xx_HAL_Driver\Src\stm32f4xx_hal_i2c.o
 .debug_loc     0x00005002      0x346 Drivers\STM32F4xx_HAL_Driver\Src\stm32f4xx_hal_rcc.o
 .debug_loc     0x00005348     0x18ff Drivers\STM32F4xx_HAL_Driver\Src\stm32f4xx_hal_sd.o
 .debug_loc     0x00006c47     0x1830 Drivers\STM32F4xx_HAL_Driver\Src\stm32f4xx_hal_spi.o
 .debug_loc     0x00008477     0x1350 Drivers\STM32F4xx_HAL_Driver\Src\stm32f4xx_hal_uart.o
 .debug_loc     0x000097c7      0xcd6 Drivers\STM32F4xx_HAL_Driver\Src\stm32f4xx_ll_sdmmc.o
 .debug_loc     0x0000a49d      0x1c6 Middlewares\Third_Party\FatFs\src\diskio.o
 .debug_loc     0x0000a663     0x5161 Middlewares\Third_Party\FatFs\src\ff.o
 .debug_loc     0x0000f7c4      0x216 Middlewares\Third_Party\FatFs\src\ff_gen_drv.o
 .debug_loc     0x0000f9da       0x4d Src\adc.o
 .debug_loc     0x0000fa27      0x3c6 Src\bsp_driver_sd.o
 .debug_loc     0x0000fded       0x4d Src\i2c.o
 .debug_loc     0x0000fe3a      0x175 Src\main.o
 .debug_loc     0x0000ffaf      0x3a5 Src\sd_diskio.o
 .debug_loc     0x00010354       0x4d Src\sdio.o
 .debug_loc     0x000103a1       0x4d Src\spi.o
 .debug_loc     0x000103ee      0x11c Src\system_stm32f4xx.o
 .debug_loc     0x0001050a       0x7f Src\usart.o

.debug_aranges  0x00000000     0x1088
 .debug_aranges
                0x00000000       0xe8 Drivers\STM32F4xx_HAL_Driver\Src\stm32f4xx_hal.o
 .debug_aranges
                0x000000e8       0xb8 Drivers\STM32F4xx_HAL_Driver\Src\stm32f4xx_hal_adc.o
 .debug_aranges
                0x000001a0       0x90 Drivers\STM32F4xx_HAL_Driver\Src\stm32f4xx_hal_adc_ex.o
 .debug_aranges
                0x00000230       0xa8 Drivers\STM32F4xx_HAL_Driver\Src\stm32f4xx_hal_cortex.o
 .debug_aranges
                0x000002d8       0x80 Drivers\STM32F4xx_HAL_Driver\Src\stm32f4xx_hal_dma.o
 .debug_aranges
                0x00000358       0x58 Drivers\STM32F4xx_HAL_Driver\Src\stm32f4xx_hal_gpio.o
 .debug_aranges
                0x000003b0      0x1b8 Drivers\STM32F4xx_HAL_Driver\Src\stm32f4xx_hal_i2c.o
 .debug_aranges
                0x00000568       0x88 Drivers\STM32F4xx_HAL_Driver\Src\stm32f4xx_hal_rcc.o
 .debug_aranges
                0x000005f0       0xf0 Drivers\STM32F4xx_HAL_Driver\Src\stm32f4xx_hal_sd.o
 .debug_aranges
                0x000006e0      0x188 Drivers\STM32F4xx_HAL_Driver\Src\stm32f4xx_hal_spi.o
 .debug_aranges
                0x00000868      0x170 Drivers\STM32F4xx_HAL_Driver\Src\stm32f4xx_hal_uart.o
 .debug_aranges
                0x000009d8      0x150 Drivers\STM32F4xx_HAL_Driver\Src\stm32f4xx_ll_sdmmc.o
 .debug_aranges
                0x00000b28       0x48 Middlewares\Third_Party\FatFs\src\diskio.o
 .debug_aranges
                0x00000b70      0x1b8 Middlewares\Third_Party\FatFs\src\ff.o
 .debug_aranges
                0x00000d28       0x40 Middlewares\Third_Party\FatFs\src\ff_gen_drv.o
 .debug_aranges
                0x00000d68       0x30 Src\adc.o
 .debug_aranges
                0x00000d98       0x90 Src\bsp_driver_sd.o
 .debug_aranges
                0x00000e28       0x28 Src\fatfs.o
 .debug_aranges
                0x00000e50       0x20 Src\gpio.o
 .debug_aranges
                0x00000e70       0x30 Src\i2c.o
 .debug_aranges
                0x00000ea0       0x48 Src\main.o
 .debug_aranges
                0x00000ee8       0x48 Src\sd_diskio.o
 .debug_aranges
                0x00000f30       0x30 Src\sdio.o
 .debug_aranges
                0x00000f60       0x30 Src\spi.o
 .debug_aranges
                0x00000f90       0x20 Src\stm32f4xx_hal_msp.o
 .debug_aranges
                0x00000fb0       0x50 Src\stm32f4xx_it.o
 .debug_aranges
                0x00001000       0x28 Src\system_stm32f4xx.o
 .debug_aranges
                0x00001028       0x38 Src\usart.o
 .debug_aranges
                0x00001060       0x28 startup\startup_stm32f405xx.o

.debug_ranges   0x00000000     0x17f8
 .debug_ranges  0x00000000       0xd8 Drivers\STM32F4xx_HAL_Driver\Src\stm32f4xx_hal.o
 .debug_ranges  0x000000d8       0xc8 Drivers\STM32F4xx_HAL_Driver\Src\stm32f4xx_hal_adc.o
 .debug_ranges  0x000001a0       0x80 Drivers\STM32F4xx_HAL_Driver\Src\stm32f4xx_hal_adc_ex.o
 .debug_ranges  0x00000220      0x128 Drivers\STM32F4xx_HAL_Driver\Src\stm32f4xx_hal_cortex.o
 .debug_ranges  0x00000348       0xc8 Drivers\STM32F4xx_HAL_Driver\Src\stm32f4xx_hal_dma.o
 .debug_ranges  0x00000410       0x68 Drivers\STM32F4xx_HAL_Driver\Src\stm32f4xx_hal_gpio.o
 .debug_ranges  0x00000478      0x3c0 Drivers\STM32F4xx_HAL_Driver\Src\stm32f4xx_hal_i2c.o
 .debug_ranges  0x00000838       0xb0 Drivers\STM32F4xx_HAL_Driver\Src\stm32f4xx_hal_rcc.o
 .debug_ranges  0x000008e8      0x1d0 Drivers\STM32F4xx_HAL_Driver\Src\stm32f4xx_hal_sd.o
 .debug_ranges  0x00000ab8      0x238 Drivers\STM32F4xx_HAL_Driver\Src\stm32f4xx_hal_spi.o
 .debug_ranges  0x00000cf0      0x178 Drivers\STM32F4xx_HAL_Driver\Src\stm32f4xx_hal_uart.o
 .debug_ranges  0x00000e68      0x1b8 Drivers\STM32F4xx_HAL_Driver\Src\stm32f4xx_ll_sdmmc.o
 .debug_ranges  0x00001020       0x38 Middlewares\Third_Party\FatFs\src\diskio.o
 .debug_ranges  0x00001058      0x430 Middlewares\Third_Party\FatFs\src\ff.o
 .debug_ranges  0x00001488       0x30 Middlewares\Third_Party\FatFs\src\ff_gen_drv.o
 .debug_ranges  0x000014b8       0x40 Src\adc.o
 .debug_ranges  0x000014f8       0x80 Src\bsp_driver_sd.o
 .debug_ranges  0x00001578       0x18 Src\fatfs.o
 .debug_ranges  0x00001590       0x40 Src\gpio.o
 .debug_ranges  0x000015d0       0x20 Src\i2c.o
 .debug_ranges  0x000015f0       0x58 Src\main.o
 .debug_ranges  0x00001648       0x50 Src\sd_diskio.o
 .debug_ranges  0x00001698       0x40 Src\sdio.o
 .debug_ranges  0x000016d8       0x40 Src\spi.o
 .debug_ranges  0x00001718       0x10 Src\stm32f4xx_hal_msp.o
 .debug_ranges  0x00001728       0x40 Src\stm32f4xx_it.o
 .debug_ranges  0x00001768       0x18 Src\system_stm32f4xx.o
 .debug_ranges  0x00001780       0x58 Src\usart.o
 .debug_ranges  0x000017d8       0x20 startup\startup_stm32f405xx.o

.debug_line     0x00000000     0xa90c
 .debug_line    0x00000000      0x420 Drivers\STM32F4xx_HAL_Driver\Src\stm32f4xx_hal.o
 .debug_line    0x00000420      0x71c Drivers\STM32F4xx_HAL_Driver\Src\stm32f4xx_hal_adc.o
 .debug_line    0x00000b3c      0x599 Drivers\STM32F4xx_HAL_Driver\Src\stm32f4xx_hal_adc_ex.o
 .debug_line    0x000010d5      0x469 Drivers\STM32F4xx_HAL_Driver\Src\stm32f4xx_hal_cortex.o
 .debug_line    0x0000153e      0x56e Drivers\STM32F4xx_HAL_Driver\Src\stm32f4xx_hal_dma.o
 .debug_line    0x00001aac      0x3f2 Drivers\STM32F4xx_HAL_Driver\Src\stm32f4xx_hal_gpio.o
 .debug_line    0x00001e9e     0x1c1b Drivers\STM32F4xx_HAL_Driver\Src\stm32f4xx_hal_i2c.o
 .debug_line    0x00003ab9      0x51a Drivers\STM32F4xx_HAL_Driver\Src\stm32f4xx_hal_rcc.o
 .debug_line    0x00003fd3      0xa4e Drivers\STM32F4xx_HAL_Driver\Src\stm32f4xx_hal_sd.o
 .debug_line    0x00004a21      0xb7e Drivers\STM32F4xx_HAL_Driver\Src\stm32f4xx_hal_spi.o
 .debug_line    0x0000559f      0xb95 Drivers\STM32F4xx_HAL_Driver\Src\stm32f4xx_hal_uart.o
 .debug_line    0x00006134      0x718 Drivers\STM32F4xx_HAL_Driver\Src\stm32f4xx_ll_sdmmc.o
 .debug_line    0x0000684c      0x36d Middlewares\Third_Party\FatFs\src\diskio.o
 .debug_line    0x00006bb9     0x1310 Middlewares\Third_Party\FatFs\src\ff.o
 .debug_line    0x00007ec9      0x374 Middlewares\Third_Party\FatFs\src\ff_gen_drv.o
 .debug_line    0x0000823d      0x29f Src\adc.o
 .debug_line    0x000084dc      0x343 Src\bsp_driver_sd.o
 .debug_line    0x0000881f      0x34c Src\fatfs.o
 .debug_line    0x00008b6b      0x214 Src\gpio.o
 .debug_line    0x00008d7f      0x285 Src\i2c.o
 .debug_line    0x00009004      0x5ba Src\main.o
 .debug_line    0x000095be      0x3e2 Src\sd_diskio.o
 .debug_line    0x000099a0      0x2b7 Src\sdio.o
 .debug_line    0x00009c57      0x290 Src\spi.o
 .debug_line    0x00009ee7      0x205 Src\stm32f4xx_hal_msp.o
 .debug_line    0x0000a0ec      0x2a2 Src\stm32f4xx_it.o
 .debug_line    0x0000a38e      0x20d Src\system_stm32f4xx.o
 .debug_line    0x0000a59b      0x2f2 Src\usart.o
 .debug_line    0x0000a88d       0x7f startup\startup_stm32f405xx.o

.debug_str      0x00000000     0x5c5a
 .debug_str     0x00000000      0xb1f Drivers\STM32F4xx_HAL_Driver\Src\stm32f4xx_hal.o
                                0xb8d (size before relaxing)
 .debug_str     0x00000b1f      0x68b Drivers\STM32F4xx_HAL_Driver\Src\stm32f4xx_hal_adc.o
                                0xa16 (size before relaxing)
 .debug_str     0x000011aa      0x2df Drivers\STM32F4xx_HAL_Driver\Src\stm32f4xx_hal_adc_ex.o
                                0xa79 (size before relaxing)
 .debug_str     0x00001489      0x4a1 Drivers\STM32F4xx_HAL_Driver\Src\stm32f4xx_hal_cortex.o
                                0xccc (size before relaxing)
 .debug_str     0x0000192a      0x2ef Drivers\STM32F4xx_HAL_Driver\Src\stm32f4xx_hal_dma.o
                                0x839 (size before relaxing)
 .debug_str     0x00001c19      0x1cd Drivers\STM32F4xx_HAL_Driver\Src\stm32f4xx_hal_gpio.o
                                0x5b3 (size before relaxing)
 .debug_str     0x00001de6      0xb0c Drivers\STM32F4xx_HAL_Driver\Src\stm32f4xx_hal_i2c.o
                               0x10e8 (size before relaxing)
 .debug_str     0x000028f2      0x2d4 Drivers\STM32F4xx_HAL_Driver\Src\stm32f4xx_hal_rcc.o
                                0x791 (size before relaxing)
 .debug_str     0x00002bc6      0xb9b Drivers\STM32F4xx_HAL_Driver\Src\stm32f4xx_hal_sd.o
                               0x11a3 (size before relaxing)
 .debug_str     0x00003761      0x6a9 Drivers\STM32F4xx_HAL_Driver\Src\stm32f4xx_hal_spi.o
                                0xc9c (size before relaxing)
 .debug_str     0x00003e0a      0x682 Drivers\STM32F4xx_HAL_Driver\Src\stm32f4xx_hal_uart.o
                                0xcf4 (size before relaxing)
 .debug_str     0x0000448c      0x1fd Drivers\STM32F4xx_HAL_Driver\Src\stm32f4xx_ll_sdmmc.o
                                0x89f (size before relaxing)
 .debug_str     0x00004689      0x4d2 Middlewares\Third_Party\FatFs\src\diskio.o
                                0x7b5 (size before relaxing)
 .debug_str     0x00004b5b      0x5b8 Middlewares\Third_Party\FatFs\src\ff.o
                                0xd3d (size before relaxing)
 .debug_str     0x00005113       0xa2 Middlewares\Third_Party\FatFs\src\ff_gen_drv.o
                                0x806 (size before relaxing)
 .debug_str     0x000051b5       0x39 Src\adc.o
                                0x8bc (size before relaxing)
 .debug_str     0x000051ee      0x16f Src\bsp_driver_sd.o
                                0x995 (size before relaxing)
 .debug_str     0x0000535d       0x43 Src\fatfs.o
                                0x87a (size before relaxing)
 .debug_str     0x000053a0       0x1b Src\gpio.o
                                0x44c (size before relaxing)
 .debug_str     0x000053bb       0x2a Src\i2c.o
                                0x97b (size before relaxing)
 .debug_str     0x000053e5      0x6bd Src\main.o
                               0x2462 (size before relaxing)
 .debug_str     0x00005aa2       0x59 Src\sd_diskio.o
                                0x87f (size before relaxing)
 .debug_str     0x00005afb       0x17 Src\sdio.o
                                0x8dd (size before relaxing)
 .debug_str     0x00005b12       0x17 Src\spi.o
                                0x8c4 (size before relaxing)
 .debug_str     0x00005b29       0x1b Src\stm32f4xx_hal_msp.o
                                0x797 (size before relaxing)
 .debug_str     0x00005b44       0xb7 Src\stm32f4xx_it.o
                                0x776 (size before relaxing)
 .debug_str     0x00005bfb       0x45 Src\system_stm32f4xx.o
                                0x417 (size before relaxing)
 .debug_str     0x00005c40       0x1a Src\usart.o
                                0xdc4 (size before relaxing)

.comment        0x00000000       0x7c
 .comment       0x00000000       0x7c Drivers\STM32F4xx_HAL_Driver\Src\stm32f4xx_hal.o
                                 0x7d (size before relaxing)
 .comment       0x0000007c       0x7d Drivers\STM32F4xx_HAL_Driver\Src\stm32f4xx_hal_adc.o
 .comment       0x0000007c       0x7d Drivers\STM32F4xx_HAL_Driver\Src\stm32f4xx_hal_adc_ex.o
 .comment       0x0000007c       0x7d Drivers\STM32F4xx_HAL_Driver\Src\stm32f4xx_hal_cortex.o
 .comment       0x0000007c       0x7d Drivers\STM32F4xx_HAL_Driver\Src\stm32f4xx_hal_dma.o
 .comment       0x0000007c       0x7d Drivers\STM32F4xx_HAL_Driver\Src\stm32f4xx_hal_gpio.o
 .comment       0x0000007c       0x7d Drivers\STM32F4xx_HAL_Driver\Src\stm32f4xx_hal_i2c.o
 .comment       0x0000007c       0x7d Drivers\STM32F4xx_HAL_Driver\Src\stm32f4xx_hal_rcc.o
 .comment       0x0000007c       0x7d Drivers\STM32F4xx_HAL_Driver\Src\stm32f4xx_hal_sd.o
 .comment       0x0000007c       0x7d Drivers\STM32F4xx_HAL_Driver\Src\stm32f4xx_hal_spi.o
 .comment       0x0000007c       0x7d Drivers\STM32F4xx_HAL_Driver\Src\stm32f4xx_hal_uart.o
 .comment       0x0000007c       0x7d Drivers\STM32F4xx_HAL_Driver\Src\stm32f4xx_ll_sdmmc.o
 .comment       0x0000007c       0x7d Middlewares\Third_Party\FatFs\src\diskio.o
 .comment       0x0000007c       0x7d Middlewares\Third_Party\FatFs\src\ff.o
 .comment       0x0000007c       0x7d Middlewares\Third_Party\FatFs\src\ff_gen_drv.o
 .comment       0x0000007c       0x7d Src\adc.o
 .comment       0x0000007c       0x7d Src\bsp_driver_sd.o
 .comment       0x0000007c       0x7d Src\fatfs.o
 .comment       0x0000007c       0x7d Src\gpio.o
 .comment       0x0000007c       0x7d Src\i2c.o
 .comment       0x0000007c       0x7d Src\main.o
 .comment       0x0000007c       0x7d Src\sd_diskio.o
 .comment       0x0000007c       0x7d Src\sdio.o
 .comment       0x0000007c       0x7d Src\spi.o
 .comment       0x0000007c       0x7d Src\stm32f4xx_hal_msp.o
 .comment       0x0000007c       0x7d Src\stm32f4xx_it.o
 .comment       0x0000007c       0x7d Src\system_stm32f4xx.o
 .comment       0x0000007c       0x7d Src\usart.o

.debug_frame    0x00000000     0x3bf0
 .debug_frame   0x00000000      0x1f4 Drivers\STM32F4xx_HAL_Driver\Src\stm32f4xx_hal.o
 .debug_frame   0x000001f4      0x248 Drivers\STM32F4xx_HAL_Driver\Src\stm32f4xx_hal_adc.o
 .debug_frame   0x0000043c      0x160 Drivers\STM32F4xx_HAL_Driver\Src\stm32f4xx_hal_adc_ex.o
 .debug_frame   0x0000059c      0x158 Drivers\STM32F4xx_HAL_Driver\Src\stm32f4xx_hal_cortex.o
 .debug_frame   0x000006f4      0x150 Drivers\STM32F4xx_HAL_Driver\Src\stm32f4xx_hal_dma.o
 .debug_frame   0x00000844       0xd8 Drivers\STM32F4xx_HAL_Driver\Src\stm32f4xx_hal_gpio.o
 .debug_frame   0x0000091c      0x710 Drivers\STM32F4xx_HAL_Driver\Src\stm32f4xx_hal_i2c.o
 .debug_frame   0x0000102c      0x13c Drivers\STM32F4xx_HAL_Driver\Src\stm32f4xx_hal_rcc.o
 .debug_frame   0x00001168      0x3ac Drivers\STM32F4xx_HAL_Driver\Src\stm32f4xx_hal_sd.o
 .debug_frame   0x00001514      0x574 Drivers\STM32F4xx_HAL_Driver\Src\stm32f4xx_hal_spi.o
 .debug_frame   0x00001a88      0x4a0 Drivers\STM32F4xx_HAL_Driver\Src\stm32f4xx_hal_uart.o
 .debug_frame   0x00001f28      0x458 Drivers\STM32F4xx_HAL_Driver\Src\stm32f4xx_ll_sdmmc.o