Archive member included to satisfy reference by file (symbol)

c:/program files (x86)/atollic/truestudio for stm32 9.3.0/armtools/bin/../lib/gcc/arm-atollic-eabi/6.3.1/../../../../arm-atollic-eabi/lib/armv7e-m/fpu\libc_nano.a(lib_a-init.o)
                              startup\startup_stm32f405xx.o (__libc_init_array)
c:/program files (x86)/atollic/truestudio for stm32 9.3.0/armtools/bin/../lib/gcc/arm-atollic-eabi/6.3.1/../../../../arm-atollic-eabi/lib/armv7e-m/fpu\libc_nano.a(lib_a-memcpy-stub.o)
                              Src\SX1278.o (memcpy)
c:/program files (x86)/atollic/truestudio for stm32 9.3.0/armtools/bin/../lib/gcc/arm-atollic-eabi/6.3.1/../../../../arm-atollic-eabi/lib/armv7e-m/fpu\libc_nano.a(lib_a-memset.o)
                              Src\SX1278.o (memset)
c:/program files (x86)/atollic/truestudio for stm32 9.3.0/armtools/bin/../lib/gcc/arm-atollic-eabi/6.3.1/../../../../arm-atollic-eabi/lib/armv7e-m/fpu\libc_nano.a(lib_a-nano-vfprintf_float.o)
                              (_printf_float)
c:/program files (x86)/atollic/truestudio for stm32 9.3.0/armtools/bin/../lib/gcc/arm-atollic-eabi/6.3.1/../../../../arm-atollic-eabi/lib/armv7e-m/fpu\libc_nano.a(lib_a-nano-vfprintf_i.o)
                              c:/program files (x86)/atollic/truestudio for stm32 9.3.0/armtools/bin/../lib/gcc/arm-atollic-eabi/6.3.1/../../../../arm-atollic-eabi/lib/armv7e-m/fpu\libc_nano.a(lib_a-nano-vfprintf_float.o) (_printf_common)
c:/program files (x86)/atollic/truestudio for stm32 9.3.0/armtools/bin/../lib/gcc/arm-atollic-eabi/6.3.1/../../../../arm-atollic-eabi/lib/armv7e-m/fpu\libc_nano.a(lib_a-sprintf.o)
                              Src\main.o (sprintf)
c:/program files (x86)/atollic/truestudio for stm32 9.3.0/armtools/bin/../lib/gcc/arm-atollic-eabi/6.3.1/../../../../arm-atollic-eabi/lib/armv7e-m/fpu\libc_nano.a(lib_a-strlen.o)
                              c:/program files (x86)/atollic/truestudio for stm32 9.3.0/armtools/bin/../lib/gcc/arm-atollic-eabi/6.3.1/../../../../arm-atollic-eabi/lib/armv7e-m/fpu\libc_nano.a(lib_a-nano-vfprintf_float.o) (strlen)
c:/program files (x86)/atollic/truestudio for stm32 9.3.0/armtools/bin/../lib/gcc/arm-atollic-eabi/6.3.1/../../../../arm-atollic-eabi/lib/armv7e-m/fpu\libc_nano.a(lib_a-dtoa.o)
                              c:/program files (x86)/atollic/truestudio for stm32 9.3.0/armtools/bin/../lib/gcc/arm-atollic-eabi/6.3.1/../../../../arm-atollic-eabi/lib/armv7e-m/fpu\libc_nano.a(lib_a-nano-vfprintf_float.o) (_dtoa_r)
c:/program files (x86)/atollic/truestudio for stm32 9.3.0/armtools/bin/../lib/gcc/arm-atollic-eabi/6.3.1/../../../../arm-atollic-eabi/lib/armv7e-m/fpu\libc_nano.a(lib_a-impure.o)
                              c:/program files (x86)/atollic/truestudio for stm32 9.3.0/armtools/bin/../lib/gcc/arm-atollic-eabi/6.3.1/../../../../arm-atollic-eabi/lib/armv7e-m/fpu\libc_nano.a(lib_a-sprintf.o) (_impure_ptr)
c:/program files (x86)/atollic/truestudio for stm32 9.3.0/armtools/bin/../lib/gcc/arm-atollic-eabi/6.3.1/../../../../arm-atollic-eabi/lib/armv7e-m/fpu\libc_nano.a(lib_a-localeconv.o)
                              c:/program files (x86)/atollic/truestudio for stm32 9.3.0/armtools/bin/../lib/gcc/arm-atollic-eabi/6.3.1/../../../../arm-atollic-eabi/lib/armv7e-m/fpu\libc_nano.a(lib_a-nano-vfprintf_float.o) (_localeconv_r)
c:/program files (x86)/atollic/truestudio for stm32 9.3.0/armtools/bin/../lib/gcc/arm-atollic-eabi/6.3.1/../../../../arm-atollic-eabi/lib/armv7e-m/fpu\libc_nano.a(lib_a-malloc.o)
                              c:/program files (x86)/atollic/truestudio for stm32 9.3.0/armtools/bin/../lib/gcc/arm-atollic-eabi/6.3.1/../../../../arm-atollic-eabi/lib/armv7e-m/fpu\libc_nano.a(lib_a-dtoa.o) (malloc)
c:/program files (x86)/atollic/truestudio for stm32 9.3.0/armtools/bin/../lib/gcc/arm-atollic-eabi/6.3.1/../../../../arm-atollic-eabi/lib/armv7e-m/fpu\libc_nano.a(lib_a-memchr.o)
                              c:/program files (x86)/atollic/truestudio for stm32 9.3.0/armtools/bin/../lib/gcc/arm-atollic-eabi/6.3.1/../../../../arm-atollic-eabi/lib/armv7e-m/fpu\libc_nano.a(lib_a-nano-vfprintf_i.o) (memchr)
c:/program files (x86)/atollic/truestudio for stm32 9.3.0/armtools/bin/../lib/gcc/arm-atollic-eabi/6.3.1/../../../../arm-atollic-eabi/lib/armv7e-m/fpu\libc_nano.a(lib_a-mprec.o)
                              c:/program files (x86)/atollic/truestudio for stm32 9.3.0/armtools/bin/../lib/gcc/arm-atollic-eabi/6.3.1/../../../../arm-atollic-eabi/lib/armv7e-m/fpu\libc_nano.a(lib_a-dtoa.o) (_Balloc)
c:/program files (x86)/atollic/truestudio for stm32 9.3.0/armtools/bin/../lib/gcc/arm-atollic-eabi/6.3.1/../../../../arm-atollic-eabi/lib/armv7e-m/fpu\libc_nano.a(lib_a-nano-callocr.o)
                              c:/program files (x86)/atollic/truestudio for stm32 9.3.0/armtools/bin/../lib/gcc/arm-atollic-eabi/6.3.1/../../../../arm-atollic-eabi/lib/armv7e-m/fpu\libc_nano.a(lib_a-mprec.o) (_calloc_r)
[...]
Memory Configuration

Name             Origin             Length             Attributes
RAM              0x20000000         0x00020000         xrw
CCMRAM           0x10000000         0x00010000         rw
FLASH            0x08000000         0x00100000         xr
*default*        0x00000000         0xffffffff

Linker script and memory map

LOAD c:/program files (x86)/atollic/truestudio for stm32 9.3.0/armtools/bin/../lib/gcc/arm-atollic-eabi/6.3.1/armv7e-m/fpu/crti.o
LOAD c:/program files (x86)/atollic/truestudio for stm32 9.3.0/armtools/bin/../lib/gcc/arm-atollic-eabi/6.3.1/armv7e-m/fpu/crtbegin.o
LOAD Drivers\STM32F4xx_HAL_Driver\Src\stm32f4xx_hal.o
LOAD Drivers\STM32F4xx_HAL_Driver\Src\stm32f4xx_hal_cortex.o
LOAD Drivers\STM32F4xx_HAL_Driver\Src\stm32f4xx_hal_dma.o
LOAD Drivers\STM32F4xx_HAL_Driver\Src\stm32f4xx_hal_dma_ex.o
LOAD Drivers\STM32F4xx_HAL_Driver\Src\stm32f4xx_hal_flash.o
LOAD Drivers\STM32F4xx_HAL_Driver\Src\stm32f4xx_hal_flash_ex.o
LOAD Drivers\STM32F4xx_HAL_Driver\Src\stm32f4xx_hal_flash_ramfunc.o
LOAD Drivers\STM32F4xx_HAL_Driver\Src\stm32f4xx_hal_gpio.o
LOAD Drivers\STM32F4xx_HAL_Driver\Src\stm32f4xx_hal_i2c.o
LOAD Drivers\STM32F4xx_HAL_Driver\Src\stm32f4xx_hal_i2c_ex.o
LOAD Drivers\STM32F4xx_HAL_Driver\Src\stm32f4xx_hal_pwr.o
LOAD Drivers\STM32F4xx_HAL_Driver\Src\stm32f4xx_hal_pwr_ex.o
LOAD Drivers\STM32F4xx_HAL_Driver\Src\stm32f4xx_hal_rcc.o
LOAD Drivers\STM32F4xx_HAL_Driver\Src\stm32f4xx_hal_rcc_ex.o
LOAD Drivers\STM32F4xx_HAL_Driver\Src\stm32f4xx_hal_sd.o
LOAD Drivers\STM32F4xx_HAL_Driver\Src\stm32f4xx_hal_spi.o
LOAD Drivers\STM32F4xx_HAL_Driver\Src\stm32f4xx_hal_tim.o
LOAD Drivers\STM32F4xx_HAL_Driver\Src\stm32f4xx_hal_tim_ex.o
LOAD Drivers\STM32F4xx_HAL_Driver\Src\stm32f4xx_hal_uart.o
LOAD Drivers\STM32F4xx_HAL_Driver\Src\stm32f4xx_ll_sdmmc.o
LOAD Middlewares\Third_Party\FatFs\src\diskio.o
LOAD Middlewares\Third_Party\FatFs\src\ff.o
LOAD Middlewares\Third_Party\FatFs\src\ff_gen_drv.o
LOAD Middlewares\Third_Party\FatFs\src\option\syscall.o
LOAD Src\SX1278.o
LOAD Src\bmi160.o
LOAD Src\bmp280.o
LOAD Src\bsp_driver_sd.o
LOAD Src\fatfs.o
LOAD Src\gpio.o
LOAD Src\i2c.o
LOAD Src\lora_sx1276.o
LOAD Src\main.o
LOAD Src\sd_diskio.o
LOAD Src\sdio.o
LOAD Src\spi.o
LOAD Src\stm32f4xx_hal_msp.o
LOAD Src\stm32f4xx_it.o
LOAD Src\system_stm32f4xx.o
LOAD Src\usart.o
LOAD startup\startup_stm32f405xx.o
                0x00000080                malloc_getpagesize_P = 0x80
START GROUP
LOAD c:/program files (x86)/atollic/truestudio for stm32 9.3.0/armtools/bin/../lib/gcc/arm-atollic-eabi/6.3.1/../../../../arm-atollic-eabi/lib/armv7e-m/fpu\libc_nano.a
LOAD c:/program files (x86)/atollic/truestudio for stm32 9.3.0/armtools/bin/../lib/gcc/arm-atollic-eabi/6.3.1/../../../../arm-atollic-eabi/lib/armv7e-m/fpu\libm.a
END GROUP
START GROUP
LOAD c:/program files (x86)/atollic/truestudio for stm32 9.3.0/armtools/bin/../lib/gcc/arm-atollic-eabi/6.3.1/armv7e-m/fpu\libgcc.a
LOAD c:/program files (x86)/atollic/truestudio for stm32 9.3.0/armtools/bin/../lib/gcc/arm-atollic-eabi/6.3.1/../../../../arm-atollic-eabi/lib/armv7e-m/fpu\libc_nano.a
END GROUP
START GROUP
LOAD c:/program files (x86)/atollic/truestudio for stm32 9.3.0/armtools/bin/../lib/gcc/arm-atollic-eabi/6.3.1/armv7e-m/fpu\libgcc.a
LOAD c:/program files (x86)/atollic/truestudio for stm32 9.3.0/armtools/bin/../lib/gcc/arm-atollic-eabi/6.3.1/../../../../arm-atollic-eabi/lib/armv7e-m/fpu\libc_nano.a
LOAD c:/program files (x86)/atollic/truestudio for stm32 9.3.0/armtools/bin/../lib/gcc/arm-atollic-eabi/6.3.1/../../../../arm-atollic-eabi/lib/armv7e-m/fpu\libnosys.a
END GROUP
START GROUP
LOAD c:/program files (x86)/atollic/truestudio for stm32 9.3.0/armtools/bin/../lib/gcc/arm-atollic-eabi/6.3.1/armv7e-m/fpu\libgcc.a
LOAD c:/program files (x86)/atollic/truestudio for stm32 9.3.0/armtools/bin/../lib/gcc/arm-atollic-eabi/6.3.1/../../../../arm-atollic-eabi/lib/armv7e-m/fpu\libc_nano.a
LOAD c:/program files (x86)/atollic/truestudio for stm32 9.3.0/armtools/bin/../lib/gcc/arm-atollic-eabi/6.3.1/../../../../arm-atollic-eabi/lib/armv7e-m/fpu\libnosys.a
END GROUP
LOAD c:/program files (x86)/atollic/truestudio for stm32 9.3.0/armtools/bin/../lib/gcc/arm-atollic-eabi/6.3.1/armv7e-m/fpu/crtend.o
LOAD c:/program files (x86)/atollic/truestudio for stm32 9.3.0/armtools/bin/../lib/gcc/arm-atollic-eabi/6.3.1/armv7e-m/fpu/crtn.o
                0x20020000                _estack = 0x20020000
                0x00000200                _Min_Heap_Size = 0x200
                0x00000400                _Min_Stack_Size = 0x400

.isr_vector     0x08000000      0x188
                0x08000000                . = ALIGN (0x4)
 *(.isr_vector)
 .isr_vector    0x08000000      0x188 startup\startup_stm32f405xx.o
                0x08000000                g_pfnVectors
                0x08000188                . = ALIGN (0x4)

.text           0x08000190     0x8a88
                0x08000190                . = ALIGN (0x4)
 *(.text)
 .text          0x08000190       0x40 c:/program files (x86)/atollic/truestudio for stm32 9.3.0/armtools/bin/../lib/gcc/arm-atollic-eabi/6.3.1/armv7e-m/fpu/crtbegin.o
 .text          0x080001d0       0x10 c:/program files (x86)/atollic/truestudio for stm32 9.3.0/armtools/bin/../lib/gcc/arm-atollic-eabi/6.3.1/../../../../arm-atollic-eabi/lib/armv7e-m/fpu\libc_nano.a(lib_a-strlen.o)
                0x080001d0                strlen
 .text          0x080001e0       0xa0 c:/program files (x86)/atollic/truestudio for stm32 9.3.0/armtools/bin/../lib/gcc/arm-atollic-eabi/6.3.1/../../../../arm-atollic-eabi/lib/armv7e-m/fpu\libc_nano.a(lib_a-memchr.o)
                0x080001e0                memchr
 .text          0x08000280      0x370 c:/program files (x86)/atollic/truestudio for stm32 9.3.0/armtools/bin/../lib/gcc/arm-atollic-eabi/6.3.1/armv7e-m/fpu\libgcc.a(_arm_addsubdf3.o)
                0x08000280                __aeabi_drsub
                0x08000288                __aeabi_dsub
                0x08000288                __subdf3
                0x0800028c                __aeabi_dadd
                0x0800028c                __adddf3
                0x08000504                __floatunsidf
                0x08000504                __aeabi_ui2d
                0x08000524                __floatsidf
                0x08000524                __aeabi_i2d
                0x08000548                __aeabi_f2d
                0x08000548                __extendsfdf2
                0x08000584                __floatundidf
                0x08000584                __aeabi_ul2d
                0x08000594                __floatdidf
                0x08000594                __aeabi_l2d
 .text          0x080005f0      0x424 c:/program files (x86)/atollic/truestudio for stm32 9.3.0/armtools/bin/../lib/gcc/arm-atollic-eabi/6.3.1/armv7e-m/fpu\libgcc.a(_arm_muldivdf3.o)
                0x080005f0                __aeabi_dmul
                0x080005f0                __muldf3
                0x08000844                __divdf3
                0x08000844                __aeabi_ddiv
 .text          0x08000a14      0x110 c:/program files (x86)/atollic/truestudio for stm32 9.3.0/armtools/bin/../lib/gcc/arm-atollic-eabi/6.3.1/armv7e-m/fpu\libgcc.a(_arm_cmpdf2.o)
                0x08000a14                __gtdf2
                0x08000a14                __gedf2
                0x08000a1c                __ltdf2
                0x08000a1c                __ledf2
                0x08000a24                __nedf2
                0x08000a24                __eqdf2
                0x08000a24                __cmpdf2
                0x08000aa0                __aeabi_cdrcmple
                0x08000ab0                __aeabi_cdcmpeq
                0x08000ab0                __aeabi_cdcmple
                0x08000ac0                __aeabi_dcmpeq
                0x08000ad4                __aeabi_dcmplt
                0x08000ae8                __aeabi_dcmple
                0x08000afc                __aeabi_dcmpge
                0x08000b10                __aeabi_dcmpgt
 .text          0x08000b24       0x2c c:/program files (x86)/atollic/truestudio for stm32 9.3.0/armtools/bin/../lib/gcc/arm-atollic-eabi/6.3.1/armv7e-m/fpu\libgcc.a(_arm_unorddf2.o)
                0x08000b24                __unorddf2
                0x08000b24                __aeabi_dcmpun
 .text          0x08000b50       0x50 c:/program files (x86)/atollic/truestudio for stm32 9.3.0/armtools/bin/../lib/gcc/arm-atollic-eabi/6.3.1/armv7e-m/fpu\libgcc.a(_arm_fixdfsi.o)
                0x08000b50                __aeabi_d2iz
                0x08000b50                __fixdfsi
 .text          0x08000ba0       0xa0 c:/program files (x86)/atollic/truestudio for stm32 9.3.0/armtools/bin/../lib/gcc/arm-atollic-eabi/6.3.1/armv7e-m/fpu\libgcc.a(_arm_truncdfsf2.o)
                0x08000ba0                __truncdfsf2
                0x08000ba0                __aeabi_d2f
 .text          0x08000c40       0xa0 c:/program files (x86)/atollic/truestudio for stm32 9.3.0/armtools/bin/../lib/gcc/arm-atollic-eabi/6.3.1/armv7e-m/fpu\libgcc.a(_aeabi_ldivmod.o)
                0x08000c40                __aeabi_ldivmod
 .text          0x08000ce0       0x30 c:/program files (x86)/atollic/truestudio for stm32 9.3.0/armtools/bin/../lib/gcc/arm-atollic-eabi/6.3.1/armv7e-m/fpu\libgcc.a(_aeabi_uldivmod.o)
                0x08000ce0                __aeabi_uldivmod
 .text          0x08000d10      0x2dc c:/program files (x86)/atollic/truestudio for stm32 9.3.0/armtools/bin/../lib/gcc/arm-atollic-eabi/6.3.1/armv7e-m/fpu\libgcc.a(_udivmoddi4.o)
                0x08000d10                __udivmoddi4
 .text          0x08000fec        0x4 c:/program files (x86)/atollic/truestudio for stm32 9.3.0/armtools/bin/../lib/gcc/arm-atollic-eabi/6.3.1/armv7e-m/fpu\libgcc.a(_dvmd_tls.o)
                0x08000fec                __aeabi_idiv0
                0x08000fec                __aeabi_ldiv0
 *(.text*)
 .text.HAL_InitTick
                0x08000ff0       0x48 Drivers\STM32F4xx_HAL_Driver\Src\stm32f4xx_hal.o
                0x08000ff0                HAL_InitTick
 .text.HAL_Init
                0x08001038       0x34 Drivers\STM32F4xx_HAL_Driver\Src\stm32f4xx_hal.o
                0x08001038                HAL_Init
 .text.HAL_IncTick
                0x0800106c       0x18 Drivers\STM32F4xx_HAL_Driver\Src\stm32f4xx_hal.o
                0x0800106c                HAL_IncTick
 .text.HAL_GetTick
                0x08001084        0xc Drivers\STM32F4xx_HAL_Driver\Src\stm32f4xx_hal.o
                0x08001084                HAL_GetTick
 .text.HAL_Delay
                0x08001090       0x28 Drivers\STM32F4xx_HAL_Driver\Src\stm32f4xx_hal.o
                0x08001090                HAL_Delay
 .text.HAL_NVIC_SetPriorityGrouping
                0x080010b8       0x24 Drivers\STM32F4xx_HAL_Driver\Src\stm32f4xx_hal_cortex.o
                0x080010b8                HAL_NVIC_SetPriorityGrouping
 .text.HAL_NVIC_SetPriority
                0x080010dc       0x68 Drivers\STM32F4xx_HAL_Driver\Src\stm32f4xx_hal_cortex.o
                0x080010dc                HAL_NVIC_SetPriority
 .text.HAL_NVIC_EnableIRQ
                0x08001144       0x1c Drivers\STM32F4xx_HAL_Driver\Src\stm32f4xx_hal_cortex.o
                0x08001144                HAL_NVIC_EnableIRQ
 .text.HAL_SYSTICK_Config
                0x08001160       0x2c Drivers\STM32F4xx_HAL_Driver\Src\stm32f4xx_hal_cortex.o
                0x08001160                HAL_SYSTICK_Config
 .text.HAL_SYSTICK_CLKSourceConfig
                0x0800118c       0x18 Drivers\STM32F4xx_HAL_Driver\Src\stm32f4xx_hal_cortex.o
                0x0800118c                HAL_SYSTICK_CLKSourceConfig
 .text.HAL_SYSTICK_Callback
                0x080011a4        0x2 Drivers\STM32F4xx_HAL_Driver\Src\stm32f4xx_hal_cortex.o
                0x080011a4                HAL_SYSTICK_Callback
 .text.HAL_SYSTICK_IRQHandler
                0x080011a6        0x8 Drivers\STM32F4xx_HAL_Driver\Src\stm32f4xx_hal_cortex.o
                0x080011a6                HAL_SYSTICK_IRQHandler
 .text.HAL_DMA_Abort_IT
                0x080011ae       0x24 Drivers\STM32F4xx_HAL_Driver\Src\stm32f4xx_hal_dma.o
                0x080011ae                HAL_DMA_Abort_IT
 *fill*         0x080011d2        0x2 
 .text.HAL_GPIO_Init
                0x080011d4      0x1c0 Drivers\STM32F4xx_HAL_Driver\Src\stm32f4xx_hal_gpio.o
                0x080011d4                HAL_GPIO_Init
 .text.HAL_GPIO_WritePin
                0x08001394        0xa Drivers\STM32F4xx_HAL_Driver\Src\stm32f4xx_hal_gpio.o
                0x08001394                HAL_GPIO_WritePin
 .text.I2C_IsAcknowledgeFailed
                0x0800139e       0x34 Drivers\STM32F4xx_HAL_Driver\Src\stm32f4xx_hal_i2c.o
 .text.I2C_WaitOnMasterAddressFlagUntilTimeout
                0x080013d2       0x8a Drivers\STM32F4xx_HAL_Driver\Src\stm32f4xx_hal_i2c.o
 .text.I2C_WaitOnBTFFlagUntilTimeout
                0x0800145c       0x4c Drivers\STM32F4xx_HAL_Driver\Src\stm32f4xx_hal_i2c.o
 .text.I2C_WaitOnRXNEFlagUntilTimeout
                0x080014a8       0x5e Drivers\STM32F4xx_HAL_Driver\Src\stm32f4xx_hal_i2c.o
 .text.I2C_WaitOnFlagUntilTimeout
                0x08001506       0x64 Drivers\STM32F4xx_HAL_Driver\Src\stm32f4xx_hal_i2c.o
 .text.I2C_WaitOnTXEFlagUntilTimeout
                0x0800156a       0x4c Drivers\STM32F4xx_HAL_Driver\Src\stm32f4xx_hal_i2c.o
 *fill*         0x080015b6        0x2 
 .text.I2C_RequestMemoryWrite
                0x080015b8       0xac Drivers\STM32F4xx_HAL_Driver\Src\stm32f4xx_hal_i2c.o
 .text.I2C_RequestMemoryRead
                0x08001664       0xfc Drivers\STM32F4xx_HAL_Driver\Src\stm32f4xx_hal_i2c.o
 .text.HAL_I2C_Init
                0x08001760      0x158 Drivers\STM32F4xx_HAL_Driver\Src\stm32f4xx_hal_i2c.o
                0x08001760                HAL_I2C_Init
 .text.HAL_I2C_Mem_Write
                0x080018b8      0x120 Drivers\STM32F4xx_HAL_Driver\Src\stm32f4xx_hal_i2c.o
                0x080018b8                HAL_I2C_Mem_Write
 .text.HAL_I2C_Mem_Read
                0x080019d8      0x218 Drivers\STM32F4xx_HAL_Driver\Src\stm32f4xx_hal_i2c.o
                0x080019d8                HAL_I2C_Mem_Read
 .text.HAL_RCC_OscConfig
                0x08001bf0      0x34c Drivers\STM32F4xx_HAL_Driver\Src\stm32f4xx_hal_rcc.o
                0x08001bf0                HAL_RCC_OscConfig
 .text.HAL_RCC_GetSysClockFreq
                0x08001f3c       0x5c Drivers\STM32F4xx_HAL_Driver\Src\stm32f4xx_hal_rcc.o
                0x08001f3c                HAL_RCC_GetSysClockFreq
 .text.HAL_RCC_ClockConfig
                0x08001f98      0x138 Drivers\STM32F4xx_HAL_Driver\Src\stm32f4xx_hal_rcc.o
                0x08001f98                HAL_RCC_ClockConfig
 .text.HAL_RCC_GetHCLKFreq
                0x080020d0        0xc Drivers\STM32F4xx_HAL_Driver\Src\stm32f4xx_hal_rcc.o
                0x080020d0                HAL_RCC_GetHCLKFreq
 .text.HAL_RCC_GetPCLK1Freq
                0x080020dc       0x20 Drivers\STM32F4xx_HAL_Driver\Src\stm32f4xx_hal_rcc.o
                0x080020dc                HAL_RCC_GetPCLK1Freq
 .text.HAL_RCC_GetPCLK2Freq
                0x080020fc       0x20 Drivers\STM32F4xx_HAL_Driver\Src\stm32f4xx_hal_rcc.o
                0x080020fc                HAL_RCC_GetPCLK2Freq
 .text.SD_FindSCR
                0x0800211c       0xca Drivers\STM32F4xx_HAL_Driver\Src\stm32f4xx_hal_sd.o
 *fill*         0x080021e6        0x2 
 .text.HAL_SD_ReadBlocks
                0x080021e8      0x224 Drivers\STM32F4xx_HAL_Driver\Src\stm32f4xx_hal_sd.o
                0x080021e8                HAL_SD_ReadBlocks
 .text.HAL_SD_WriteBlocks
                0x0800240c      0x1ac Drivers\STM32F4xx_HAL_Driver\Src\stm32f4xx_hal_sd.o
                0x0800240c                HAL_SD_WriteBlocks
 .text.HAL_SD_GetCardCSD
                0x080025b8      0x16c Drivers\STM32F4xx_HAL_Driver\Src\stm32f4xx_hal_sd.o
                0x080025b8                HAL_SD_GetCardCSD
 .text.HAL_SD_InitCard
                0x08002724      0x1f8 Drivers\STM32F4xx_HAL_Driver\Src\stm32f4xx_hal_sd.o
                0x08002724                HAL_SD_InitCard
 .text.HAL_SD_Init
                0x0800291c       0x36 Drivers\STM32F4xx_HAL_Driver\Src\stm32f4xx_hal_sd.o
                0x0800291c                HAL_SD_Init
 .text.HAL_SD_GetCardInfo
                0x08002952       0x24 Drivers\STM32F4xx_HAL_Driver\Src\stm32f4xx_hal_sd.o
                0x08002952                HAL_SD_GetCardInfo
 *fill*         0x08002976        0x2 
 .text.HAL_SD_ConfigWideBusOperation
                0x08002978      0x10c Drivers\STM32F4xx_HAL_Driver\Src\stm32f4xx_hal_sd.o
                0x08002978                HAL_SD_ConfigWideBusOperation
 .text.HAL_SD_GetCardState
                0x08002a84       0x28 Drivers\STM32F4xx_HAL_Driver\Src\stm32f4xx_hal_sd.o
                0x08002a84                HAL_SD_GetCardState
 .text.HAL_SPI_Init
                0x08002aac       0x7a Drivers\STM32F4xx_HAL_Driver\Src\stm32f4xx_hal_spi.o
                0x08002aac                HAL_SPI_Init
 .text.UART_EndRxTransfer
                0x08002b26       0x1a Drivers\STM32F4xx_HAL_Driver\Src\stm32f4xx_hal_uart.o
 .text.UART_SetConfig
                0x08002b40       0xdc Drivers\STM32F4xx_HAL_Driver\Src\stm32f4xx_hal_uart.o
 .text.HAL_UART_Init
                0x08002c1c       0x5c Drivers\STM32F4xx_HAL_Driver\Src\stm32f4xx_hal_uart.o
                0x08002c1c                HAL_UART_Init
 .text.HAL_UART_Receive_IT
                0x08002c78       0x4e Drivers\STM32F4xx_HAL_Driver\Src\stm32f4xx_hal_uart.o
                0x08002c78                HAL_UART_Receive_IT
 .text.HAL_UART_TxCpltCallback
                0x08002cc6        0x2 Drivers\STM32F4xx_HAL_Driver\Src\stm32f4xx_hal_uart.o
                0x08002cc6                HAL_UART_TxCpltCallback
 .text.UART_Receive_IT
                0x08002cc8       0x7c Drivers\STM32F4xx_HAL_Driver\Src\stm32f4xx_hal_uart.o
 .text.HAL_UART_ErrorCallback
                0x08002d44        0x2 Drivers\STM32F4xx_HAL_Driver\Src\stm32f4xx_hal_uart.o
                0x08002d44                HAL_UART_ErrorCallback
 *fill*         0x08002d46        0x2 
 .text.HAL_UART_IRQHandler
                0x08002d48      0x144 Drivers\STM32F4xx_HAL_Driver\Src\stm32f4xx_hal_uart.o
                0x08002d48                HAL_UART_IRQHandler
 .text.UART_DMAAbortOnError
                0x08002e8c       0x10 Drivers\STM32F4xx_HAL_Driver\Src\stm32f4xx_hal_uart.o
 .text.SDMMC_GetCmdResp2
                0x08002e9c       0x50 Drivers\STM32F4xx_HAL_Driver\Src\stm32f4xx_ll_sdmmc.o
 .text.SDMMC_GetCmdResp3
                0x08002eec       0x44 Drivers\STM32F4xx_HAL_Driver\Src\stm32f4xx_ll_sdmmc.o
 .text.SDMMC_GetCmdResp1
                0x08002f30      0x11c Drivers\STM32F4xx_HAL_Driver\Src\stm32f4xx_ll_sdmmc.o
 .text.SDIO_Init
                0x0800304c       0x38 Drivers\STM32F4xx_HAL_Driver\Src\stm32f4xx_ll_sdmmc.o
                0x0800304c                SDIO_Init
 .text.SDIO_ReadFIFO
                0x08003084        0x6 Drivers\STM32F4xx_HAL_Driver\Src\stm32f4xx_ll_sdmmc.o
                0x08003084                SDIO_ReadFIFO
 .text.SDIO_WriteFIFO
                0x0800308a        0xa Drivers\STM32F4xx_HAL_Driver\Src\stm32f4xx_ll_sdmmc.o
                0x0800308a                SDIO_WriteFIFO
 .text.SDIO_PowerState_ON
                0x08003094       0x10 Drivers\STM32F4xx_HAL_Driver\Src\stm32f4xx_ll_sdmmc.o
                0x08003094                SDIO_PowerState_ON
 .text.SDIO_GetPowerState
                0x080030a4        0x8 Drivers\STM32F4xx_HAL_Driver\Src\stm32f4xx_ll_sdmmc.o
                0x080030a4                SDIO_GetPowerState
 .text.SDIO_SendCommand
                0x080030ac       0x26 Drivers\STM32F4xx_HAL_Driver\Src\stm32f4xx_ll_sdmmc.o
                0x080030ac                SDIO_SendCommand
 .text.SDIO_GetResponse
                0x080030d2        0x6 Drivers\STM32F4xx_HAL_Driver\Src\stm32f4xx_ll_sdmmc.o
                0x080030d2                SDIO_GetResponse
 .text.SDIO_ConfigData
                0x080030d8       0x26 Drivers\STM32F4xx_HAL_Driver\Src\stm32f4xx_ll_sdmmc.o
                0x080030d8                SDIO_ConfigData
 .text.SDMMC_CmdBlockLength
                0x080030fe       0x30 Drivers\STM32F4xx_HAL_Driver\Src\stm32f4xx_ll_sdmmc.o
                0x080030fe                SDMMC_CmdBlockLength
 .text.SDMMC_CmdReadSingleBlock
                0x0800312e       0x30 Drivers\STM32F4xx_HAL_Driver\Src\stm32f4xx_ll_sdmmc.o
                0x0800312e                SDMMC_CmdReadSingleBlock
 .text.SDMMC_CmdReadMultiBlock
                0x0800315e       0x30 Drivers\STM32F4xx_HAL_Driver\Src\stm32f4xx_ll_sdmmc.o
                0x0800315e                SDMMC_CmdReadMultiBlock
 .text.SDMMC_CmdWriteSingleBlock
                0x0800318e       0x30 Drivers\STM32F4xx_HAL_Driver\Src\stm32f4xx_ll_sdmmc.o
                0x0800318e                SDMMC_CmdWriteSingleBlock
 .text.SDMMC_CmdWriteMultiBlock
                0x080031be       0x30 Drivers\STM32F4xx_HAL_Driver\Src\stm32f4xx_ll_sdmmc.o
                0x080031be                SDMMC_CmdWriteMultiBlock
 *fill*         0x080031ee        0x2 
 .text.SDMMC_CmdStopTransfer
                0x080031f0       0x34 Drivers\STM32F4xx_HAL_Driver\Src\stm32f4xx_ll_sdmmc.o
                0x080031f0                SDMMC_CmdStopTransfer
 .text.SDMMC_CmdSelDesel
                0x08003224       0x30 Drivers\STM32F4xx_HAL_Driver\Src\stm32f4xx_ll_sdmmc.o
                0x08003224                SDMMC_CmdSelDesel
 .text.SDMMC_CmdGoIdleState
                0x08003254       0x50 Drivers\STM32F4xx_HAL_Driver\Src\stm32f4xx_ll_sdmmc.o
                0x08003254                SDMMC_CmdGoIdleState
 .text.SDMMC_CmdOperCond
                0x080032a4       0x7c Drivers\STM32F4xx_HAL_Driver\Src\stm32f4xx_ll_sdmmc.o
                0x080032a4                SDMMC_CmdOperCond
 .text.SDMMC_CmdAppCommand
                0x08003320       0x30 Drivers\STM32F4xx_HAL_Driver\Src\stm32f4xx_ll_sdmmc.o
                0x08003320                SDMMC_CmdAppCommand
 .text.SDMMC_CmdAppOperCommand
                0x08003350       0x32 Drivers\STM32F4xx_HAL_Driver\Src\stm32f4xx_ll_sdmmc.o
                0x08003350                SDMMC_CmdAppOperCommand
 .text.SDMMC_CmdSendSCR
                0x08003382       0x30 Drivers\STM32F4xx_HAL_Driver\Src\stm32f4xx_ll_sdmmc.o
                0x08003382                SDMMC_CmdSendSCR
 .text.SDMMC_CmdSendCID
                0x080033b2       0x2a Drivers\STM32F4xx_HAL_Driver\Src\stm32f4xx_ll_sdmmc.o
                0x080033b2                SDMMC_CmdSendCID
 .text.SDMMC_CmdSendCSD
                0x080033dc       0x2a Drivers\STM32F4xx_HAL_Driver\Src\stm32f4xx_ll_sdmmc.o
                0x080033dc                SDMMC_CmdSendCSD
 *fill*         0x08003406        0x2 
 .text.SDMMC_CmdSetRelAdd
                0x08003408       0xa0 Drivers\STM32F4xx_HAL_Driver\Src\stm32f4xx_ll_sdmmc.o
                0x08003408                SDMMC_CmdSetRelAdd
 .text.SDMMC_CmdSendStatus
                0x080034a8       0x30 Drivers\STM32F4xx_HAL_Driver\Src\stm32f4xx_ll_sdmmc.o
                0x080034a8                SDMMC_CmdSendStatus
 .text.SDMMC_CmdSwitch
                0x080034d8       0x30 Drivers\STM32F4xx_HAL_Driver\Src\stm32f4xx_ll_sdmmc.o
                0x080034d8                SDMMC_CmdSwitch
 .text.SDMMC_CmdBusWidth
                0x08003508        0x4 Drivers\STM32F4xx_HAL_Driver\Src\stm32f4xx_ll_sdmmc.o
                0x08003508                SDMMC_CmdBusWidth
 .text.disk_status
                0x0800350c       0x14 Middlewares\Third_Party\FatFs\src\diskio.o
                0x0800350c                disk_status
 .text.disk_initialize
                0x08003520       0x20 Middlewares\Third_Party\FatFs\src\diskio.o
                0x08003520                disk_initialize
 .text.disk_read
                0x08003540       0x1c Middlewares\Third_Party\FatFs\src\diskio.o
                0x08003540                disk_read
 .text.disk_write
                0x0800355c       0x1c Middlewares\Third_Party\FatFs\src\diskio.o
                0x0800355c                disk_write
 .text.disk_ioctl
                0x08003578       0x1c Middlewares\Third_Party\FatFs\src\diskio.o
                0x08003578                disk_ioctl
 .text.ld_dword
                0x08003594       0x10 Middlewares\Third_Party\FatFs\src\ff.o
 .text.st_dword
                0x080035a4       0x10 Middlewares\Third_Party\FatFs\src\ff.o
 .text.mem_set  0x080035b4        0xc Middlewares\Third_Party\FatFs\src\ff.o
 .text.chk_lock
                0x080035c0       0x5c Middlewares\Third_Party\FatFs\src\ff.o
 .text.inc_lock
                0x0800361c       0x78 Middlewares\Third_Party\FatFs\src\ff.o
 .text.dec_lock
                0x08003694       0x30 Middlewares\Third_Party\FatFs\src\ff.o
 .text.clust2sect
                0x080036c4       0x16 Middlewares\Third_Party\FatFs\src\ff.o
 .text.clmt_clust
                0x080036da       0x22 Middlewares\Third_Party\FatFs\src\ff.o
 .text.get_ldnumber
                0x080036fc       0x30 Middlewares\Third_Party\FatFs\src\ff.o
 .text.validate
                0x0800372c       0x34 Middlewares\Third_Party\FatFs\src\ff.o
 .text.mem_cpy.part.0
                0x08003760       0x12 Middlewares\Third_Party\FatFs\src\ff.o
 .text.ld_clust.isra.1
                0x08003772       0x1c Middlewares\Third_Party\FatFs\src\ff.o
 .text.st_clust.isra.2
                0x0800378e       0x18 Middlewares\Third_Party\FatFs\src\ff.o
 .text.sync_window.part.4
                0x080037a6       0x46 Middlewares\Third_Party\FatFs\src\ff.o
 .text.sync_window
                0x080037ec        0xc Middlewares\Third_Party\FatFs\src\ff.o
 .text.sync_fs  0x080037f8       0x96 Middlewares\Third_Party\FatFs\src\ff.o
 .text.move_window
                0x0800388e       0x36 Middlewares\Third_Party\FatFs\src\ff.o
 .text.check_fs
                0x080038c4       0x80 Middlewares\Third_Party\FatFs\src\ff.o
 .text.find_volume
                0x08003944      0x2bc Middlewares\Third_Party\FatFs\src\ff.o
 .text.put_fat  0x08003c00       0xf8 Middlewares\Third_Party\FatFs\src\ff.o
 .text.get_fat.isra.8
                0x08003cf8       0xb4 Middlewares\Third_Party\FatFs\src\ff.o
 .text.create_chain
                0x08003dac       0xb0 Middlewares\Third_Party\FatFs\src\ff.o
 .text.remove_chain
                0x08003e5c       0x6c Middlewares\Third_Party\FatFs\src\ff.o
 .text.dir_sdi.constprop.11
                0x08003ec8       0x66 Middlewares\Third_Party\FatFs\src\ff.o
 .text.dir_next
                0x08003f2e       0xf2 Middlewares\Third_Party\FatFs\src\ff.o
 .text.follow_path
                0x08004020      0x188 Middlewares\Third_Party\FatFs\src\ff.o
 .text.dir_register
                0x080041a8       0x62 Middlewares\Third_Party\FatFs\src\ff.o
 *fill*         0x0800420a        0x2 
 .text.f_mount  0x0800420c       0x68 Middlewares\Third_Party\FatFs\src\ff.o
                0x0800420c                f_mount
 .text.f_open   0x08004274      0x224 Middlewares\Third_Party\FatFs\src\ff.o
                0x08004274                f_open
 .text.f_write  0x08004498      0x18a Middlewares\Third_Party\FatFs\src\ff.o
                0x08004498                f_write
 .text.f_sync   0x08004622       0x90 Middlewares\Third_Party\FatFs\src\ff.o
                0x08004622                f_sync
 .text.f_close  0x080046b2       0x22 Middlewares\Third_Party\FatFs\src\ff.o
                0x080046b2                f_close
 .text.f_lseek  0x080046d4      0x23a Middlewares\Third_Party\FatFs\src\ff.o
                0x080046d4                f_lseek
 *fill*         0x0800490e        0x2 
 .text.FATFS_LinkDriverEx
                0x08004910       0x44 Middlewares\Third_Party\FatFs\src\ff_gen_drv.o
                0x08004910                FATFS_LinkDriverEx
 .text.FATFS_LinkDriver
                0x08004954        0x6 Middlewares\Third_Party\FatFs\src\ff_gen_drv.o
                0x08004954                FATFS_LinkDriver
 .text.null_ptr_check
                0x0800495a       0x1c Src\bmi160.o
 .text.bmi160_get_regs
                0x08004976       0x74 Src\bmi160.o
                0x08004976                bmi160_get_regs
 .text.bmi160_set_regs
                0x080049ea       0x80 Src\bmi160.o
                0x080049ea                bmi160_set_regs
 .text.bmi160_soft_reset
                0x08004a6a       0x72 Src\bmi160.o
                0x08004a6a                bmi160_soft_reset
 .text.bmi160_init
                0x08004adc       0x6c Src\bmi160.o
                0x08004adc                bmi160_init
 .text.bmi160_set_power_mode
                0x08004b48      0x104 Src\bmi160.o
                0x08004b48                bmi160_set_power_mode
 .text.bmi160_set_sens_conf
                0x08004c4c      0x19e Src\bmi160.o
                0x08004c4c                bmi160_set_sens_conf
 .text.bmi160_get_sensor_data
                0x08004dea      0x1e2 Src\bmi160.o
                0x08004dea                bmi160_get_sensor_data
 .text.read_data
                0x08004fcc       0x28 Src\bmp280.o
 .text.read_register16
                0x08004ff4       0x40 Src\bmp280.o
 .text.write_register8
                0x08005034       0x30 Src\bmp280.o
 .text.bmp280_init_default_params
                0x08005064       0x12 Src\bmp280.o
                0x08005064                bmp280_init_default_params
 .text.bmp280_init
                0x08005076      0x204 Src\bmp280.o
                0x08005076                bmp280_init
 .text.bmp280_read_fixed
                0x0800527a      0x28a Src\bmp280.o
                0x0800527a                bmp280_read_fixed
 .text.bmp280_read_float
                0x08005504       0x50 Src\bmp280.o
                0x08005504                bmp280_read_float
 .text.BSP_SD_Init
                0x08005554       0x34 Src\bsp_driver_sd.o
                0x08005554                BSP_SD_Init
 .text.BSP_SD_ReadBlocks
                0x08005588       0x20 Src\bsp_driver_sd.o
                0x08005588                BSP_SD_ReadBlocks
 .text.BSP_SD_WriteBlocks
                0x080055a8       0x20 Src\bsp_driver_sd.o
                0x080055a8                BSP_SD_WriteBlocks
 .text.BSP_SD_GetCardState
                0x080055c8       0x14 Src\bsp_driver_sd.o
                0x080055c8                BSP_SD_GetCardState
 .text.BSP_SD_GetCardInfo
                0x080055dc        0xc Src\bsp_driver_sd.o
                0x080055dc                BSP_SD_GetCardInfo
 .text.MX_FATFS_Init
                0x080055e8       0x1c Src\fatfs.o
                0x080055e8                MX_FATFS_Init
 .text.get_fattime
                0x08005604        0x4 Src\fatfs.o
                0x08005604                get_fattime
 .text.MX_GPIO_Init
                0x08005608       0xb4 Src\gpio.o
                0x08005608                MX_GPIO_Init
 .text.MX_I2C1_Init
                0x080056bc       0x4c Src\i2c.o
                0x080056bc                MX_I2C1_Init
 .text.HAL_I2C_MspInit
                0x08005708       0x54 Src\i2c.o
                0x08005708                HAL_I2C_MspInit
 .text.i2cWrite
                0x0800575c       0x24 Src\main.o
                0x0800575c                i2cWrite
 .text.i2cRead  0x08005780       0x24 Src\main.o
                0x08005780                i2cRead
 .text.HAL_UART_RxCpltCallback
                0x080057a4       0x38 Src\main.o
                0x080057a4                HAL_UART_RxCpltCallback
 .text.SystemClock_Config
                0x080057dc       0xa4 Src\main.o
                0x080057dc                SystemClock_Config
 .text.startup.main
                0x08005880      0x308 Src\main.o
                0x08005880                main
 .text._Error_Handler
                0x08005b88        0x2 Src\main.o
                0x08005b88                _Error_Handler
 *fill*         0x08005b8a        0x2 
 .text.SD_CheckStatus.isra.0
                0x08005b8c       0x20 Src\sd_diskio.o
 .text.SD_initialize
                0x08005bac       0x1c Src\sd_diskio.o
                0x08005bac                SD_initialize
 .text.SD_status
                0x08005bc8        0x4 Src\sd_diskio.o
                0x08005bc8                SD_status
 .text.SD_read  0x08005bcc       0x20 Src\sd_diskio.o
                0x08005bcc                SD_read
 .text.SD_ioctl
                0x08005bec       0x50 Src\sd_diskio.o
                0x08005bec                SD_ioctl
 .text.SD_write
                0x08005c3c       0x20 Src\sd_diskio.o
                0x08005c3c                SD_write
 .text.MX_SDIO_SD_Init
                0x08005c5c       0x20 Src\sdio.o
                0x08005c5c                MX_SDIO_SD_Init
 .text.HAL_SD_MspInit
                0x08005c7c       0x68 Src\sdio.o
                0x08005c7c                HAL_SD_MspInit
 .text.MX_SPI1_Init
                0x08005ce4       0x4c Src\spi.o
                0x08005ce4                MX_SPI1_Init
 .text.HAL_SPI_MspInit
                0x08005d30       0x4c Src\spi.o
                0x08005d30                HAL_SPI_MspInit
 .text.HAL_MspInit
                0x08005d7c       0x60 Src\stm32f4xx_hal_msp.o
                0x08005d7c                HAL_MspInit
 .text.NMI_Handler
                0x08005ddc        0x2 Src\stm32f4xx_it.o
                0x08005ddc                NMI_Handler
 .text.HardFault_Handler
                0x08005dde        0x2 Src\stm32f4xx_it.o
                0x08005dde                HardFault_Handler
 .text.MemManage_Handler
                0x08005de0        0x2 Src\stm32f4xx_it.o
                0x08005de0                MemManage_Handler
 .text.BusFault_Handler
                0x08005de2        0x2 Src\stm32f4xx_it.o
                0x08005de2                BusFault_Handler
 .text.UsageFault_Handler
                0x08005de4        0x2 Src\stm32f4xx_it.o
                0x08005de4                UsageFault_Handler
 .text.SVC_Handler
                0x08005de6        0x2 Src\stm32f4xx_it.o
                0x08005de6                SVC_Handler
 .text.DebugMon_Handler
                0x08005de8        0x2 Src\stm32f4xx_it.o
                0x08005de8                DebugMon_Handler
 .text.PendSV_Handler
                0x08005dea        0x2 Src\stm32f4xx_it.o
                0x08005dea                PendSV_Handler
 .text.SysTick_Handler
                0x08005dec        0xe Src\stm32f4xx_it.o
                0x08005dec                SysTick_Handler
 *fill*         0x08005dfa        0x2 
 .text.UART4_IRQHandler
                0x08005dfc        0xc Src\stm32f4xx_it.o
                0x08005dfc                UART4_IRQHandler
 .text.SystemInit
                0x08005e08       0x1c Src\system_stm32f4xx.o
                0x08005e08                SystemInit
 .text.MX_UART4_Init
                0x08005e24       0x40 Src\usart.o
                0x08005e24                MX_UART4_Init
 .text.MX_USART1_UART_Init
                0x08005e64       0x40 Src\usart.o
                0x08005e64                MX_USART1_UART_Init
 .text.HAL_UART_MspInit
                0x08005ea4       0xa0 Src\usart.o
                0x08005ea4                HAL_UART_MspInit
 .text.Reset_Handler
                0x08005f44       0x50 startup\startup_stm32f405xx.o
                0x08005f44                Reset_Handler
 .text.Default_Handler
                0x08005f94        0x2 startup\startup_stm32f405xx.o
                0x08005f94                RTC_Alarm_IRQHandler
                0x08005f94                HASH_RNG_IRQHandler
                0x08005f94                EXTI2_IRQHandler
                0x08005f94                TIM8_CC_IRQHandler
                0x08005f94                TIM1_CC_IRQHandler
                0x08005f94                DMA2_Stream5_IRQHandler
                0x08005f94                DMA1_Stream5_IRQHandler
                0x08005f94                PVD_IRQHandler
                0x08005f94                SDIO_IRQHandler
                0x08005f94                TAMP_STAMP_IRQHandler
                0x08005f94                CAN2_RX1_IRQHandler
                0x08005f94                EXTI3_IRQHandler
                0x08005f94                TIM8_TRG_COM_TIM14_IRQHandler
                0x08005f94                TIM1_UP_TIM10_IRQHandler
                0x08005f94                TIM8_UP_TIM13_IRQHandler
                0x08005f94                I2C3_ER_IRQHandler
                0x08005f94                EXTI0_IRQHandler
                0x08005f94                I2C2_EV_IRQHandler
                0x08005f94                DMA1_Stream2_IRQHandler
                0x08005f94                CAN1_RX0_IRQHandler
                0x08005f94                FPU_IRQHandler
                0x08005f94                OTG_HS_WKUP_IRQHandler
                0x08005f94                CAN2_SCE_IRQHandler
                0x08005f94                DMA2_Stream2_IRQHandler
                0x08005f94                SPI1_IRQHandler
                0x08005f94                TIM6_DAC_IRQHandler
                0x08005f94                TIM1_BRK_TIM9_IRQHandler
                0x08005f94                CAN2_RX0_IRQHandler
                0x08005f94                DMA2_Stream3_IRQHandler
                0x08005f94                USART6_IRQHandler
                0x08005f94                USART3_IRQHandler
                0x08005f94                CAN1_RX1_IRQHandler
                0x08005f94                UART5_IRQHandler
                0x08005f94                DMA2_Stream0_IRQHandler
                0x08005f94                TIM4_IRQHandler
                0x08005f94                I2C1_EV_IRQHandler
                0x08005f94                DMA1_Stream6_IRQHandler
                0x08005f94                DMA1_Stream1_IRQHandler
                0x08005f94                TIM3_IRQHandler
                0x08005f94                RCC_IRQHandler
                0x08005f94                TIM8_BRK_TIM12_IRQHandler
                0x08005f94                Default_Handler
                0x08005f94                EXTI15_10_IRQHandler
                0x08005f94                ADC_IRQHandler
                0x08005f94                DMA1_Stream7_IRQHandler
                0x08005f94                TIM7_IRQHandler
                0x08005f94                CAN2_TX_IRQHandler
                0x08005f94                TIM5_IRQHandler
                0x08005f94                DMA2_Stream7_IRQHandler
                0x08005f94                I2C3_EV_IRQHandler
                0x08005f94                EXTI9_5_IRQHandler
                0x08005f94                RTC_WKUP_IRQHandler
                0x08005f94                SPI2_IRQHandler
                0x08005f94                OTG_HS_EP1_IN_IRQHandler
                0x08005f94                DMA1_Stream0_IRQHandler
                0x08005f94                CAN1_TX_IRQHandler
                0x08005f94                EXTI4_IRQHandler
                0x08005f94                FSMC_IRQHandler
                0x08005f94                OTG_HS_EP1_OUT_IRQHandler
                0x08005f94                WWDG_IRQHandler
                0x08005f94                TIM2_IRQHandler
                0x08005f94                OTG_FS_WKUP_IRQHandler
                0x08005f94                TIM1_TRG_COM_TIM11_IRQHandler
                0x08005f94                OTG_HS_IRQHandler
                0x08005f94                EXTI1_IRQHandler
                0x08005f94                USART2_IRQHandler
                0x08005f94                I2C2_ER_IRQHandler
                0x08005f94                DMA2_Stream1_IRQHandler
                0x08005f94                CAN1_SCE_IRQHandler
                0x08005f94                FLASH_IRQHandler
                0x08005f94                DMA2_Stream4_IRQHandler
                0x08005f94                USART1_IRQHandler
                0x08005f94                OTG_FS_IRQHandler
                0x08005f94                SPI3_IRQHandler
                0x08005f94                DMA1_Stream4_IRQHandler
                0x08005f94                I2C1_ER_IRQHandler
                0x08005f94                DMA2_Stream6_IRQHandler
                0x08005f94                DMA1_Stream3_IRQHandler
 *fill*         0x08005f96        0x2 
 .text.__libc_init_array
                0x08005f98       0x48 c:/program files (x86)/atollic/truestudio for stm32 9.3.0/armtools/bin/../lib/gcc/arm-atollic-eabi/6.3.1/../../../../arm-atollic-eabi/lib/armv7e-m/fpu\libc_nano.a(lib_a-init.o)
                0x08005f98                __libc_init_array
 .text.memcpy   0x08005fe0       0x16 c:/program files (x86)/atollic/truestudio for stm32 9.3.0/armtools/bin/../lib/gcc/arm-atollic-eabi/6.3.1/../../../../arm-atollic-eabi/lib/armv7e-m/fpu\libc_nano.a(lib_a-memcpy-stub.o)
                0x08005fe0                memcpy
 .text.memset   0x08005ff6       0x10 c:/program files (x86)/atollic/truestudio for stm32 9.3.0/armtools/bin/../lib/gcc/arm-atollic-eabi/6.3.1/../../../../arm-atollic-eabi/lib/armv7e-m/fpu\libc_nano.a(lib_a-memset.o)
                0x08005ff6                memset
 .text.__cvt    0x08006006       0xc2 c:/program files (x86)/atollic/truestudio for stm32 9.3.0/armtools/bin/../lib/gcc/arm-atollic-eabi/6.3.1/../../../../arm-atollic-eabi/lib/armv7e-m/fpu\libc_nano.a(lib_a-nano-vfprintf_float.o)
                0x08006006                __cvt
 .text.__exponent
                0x080060c8       0x6a c:/program files (x86)/atollic/truestudio for stm32 9.3.0/armtools/bin/../lib/gcc/arm-atollic-eabi/6.3.1/../../../../arm-atollic-eabi/lib/armv7e-m/fpu\libc_nano.a(lib_a-nano-vfprintf_float.o)
                0x080060c8                __exponent
 *fill*         0x08006132        0x2 
 .text._printf_float
                0x08006134      0x480 c:/program files (x86)/atollic/truestudio for stm32 9.3.0/armtools/bin/../lib/gcc/arm-atollic-eabi/6.3.1/../../../../arm-atollic-eabi/lib/armv7e-m/fpu\libc_nano.a(lib_a-nano-vfprintf_float.o)
                0x08006134                _printf_float
 .text._printf_common
                0x080065b4       0xec c:/program files (x86)/atollic/truestudio for stm32 9.3.0/armtools/bin/../lib/gcc/arm-atollic-eabi/6.3.1/../../../../arm-atollic-eabi/lib/armv7e-m/fpu\libc_nano.a(lib_a-nano-vfprintf_i.o)
                0x080065b4                _printf_common
 .text._printf_i
                0x080066a0      0x240 c:/program files (x86)/atollic/truestudio for stm32 9.3.0/armtools/bin/../lib/gcc/arm-atollic-eabi/6.3.1/../../../../arm-atollic-eabi/lib/armv7e-m/fpu\libc_nano.a(lib_a-nano-vfprintf_i.o)
                0x080066a0                _printf_i
 .text.sprintf  0x080068e0       0x48 c:/program files (x86)/atollic/truestudio for stm32 9.3.0/armtools/bin/../lib/gcc/arm-atollic-eabi/6.3.1/../../../../arm-atollic-eabi/lib/armv7e-m/fpu\libc_nano.a(lib_a-sprintf.o)
                0x080068e0                siprintf
                0x080068e0                sprintf
 .text.quorem   0x08006928      0x118 c:/program files (x86)/atollic/truestudio for stm32 9.3.0/armtools/bin/../lib/gcc/arm-atollic-eabi/6.3.1/../../../../arm-atollic-eabi/lib/armv7e-m/fpu\libc_nano.a(lib_a-dtoa.o)
 .text._dtoa_r  0x08006a40      0xb9c c:/program files (x86)/atollic/truestudio for stm32 9.3.0/armtools/bin/../lib/gcc/arm-atollic-eabi/6.3.1/../../../../arm-atollic-eabi/lib/armv7e-m/fpu\libc_nano.a(lib_a-dtoa.o)
                0x08006a40                _dtoa_r
 .text._localeconv_r
                0x080075dc       0x1c c:/program files (x86)/atollic/truestudio for stm32 9.3.0/armtools/bin/../lib/gcc/arm-atollic-eabi/6.3.1/../../../../arm-atollic-eabi/lib/armv7e-m/fpu\libc_nano.a(lib_a-localeconv.o)
                0x080075dc                _localeconv_r
 .text.malloc   0x080075f8       0x10 c:/program files (x86)/atollic/truestudio for stm32 9.3.0/armtools/bin/../lib/gcc/arm-atollic-eabi/6.3.1/../../../../arm-atollic-eabi/lib/armv7e-m/fpu\libc_nano.a(lib_a-malloc.o)
                0x080075f8                malloc
 .text._Balloc  0x08007608       0x68 c:/program files (x86)/atollic/truestudio for stm32 9.3.0/armtools/bin/../lib/gcc/arm-atollic-eabi/6.3.1/../../../../arm-atollic-eabi/lib/armv7e-m/fpu\libc_nano.a(lib_a-mprec.o)
                0x08007608                _Balloc
 .text._Bfree   0x08007670       0x2e c:/program files (x86)/atollic/truestudio for stm32 9.3.0/armtools/bin/../lib/gcc/arm-atollic-eabi/6.3.1/../../../../arm-atollic-eabi/lib/armv7e-m/fpu\libc_nano.a(lib_a-mprec.o)
                0x08007670                _Bfree
 .text.__multadd
                0x0800769e       0x76 c:/program files (x86)/atollic/truestudio for stm32 9.3.0/armtools/bin/../lib/gcc/arm-atollic-eabi/6.3.1/../../../../arm-atollic-eabi/lib/armv7e-m/fpu\libc_nano.a(lib_a-mprec.o)
                0x0800769e                __multadd
 .text.__hi0bits
                0x08007714       0x3e c:/program files (x86)/atollic/truestudio for stm32 9.3.0/armtools/bin/../lib/gcc/arm-atollic-eabi/6.3.1/../../../../arm-atollic-eabi/lib/armv7e-m/fpu\libc_nano.a(lib_a-mprec.o)
                0x08007714                __hi0bits
 .text.__lo0bits
                0x08007752       0x5e c:/program files (x86)/atollic/truestudio for stm32 9.3.0/armtools/bin/../lib/gcc/arm-atollic-eabi/6.3.1/../../../../arm-atollic-eabi/lib/armv7e-m/fpu\libc_nano.a(lib_a-mprec.o)
                0x08007752                __lo0bits
 .text.__i2b    0x080077b0       0x12 c:/program files (x86)/atollic/truestudio for stm32 9.3.0/armtools/bin/../lib/gcc/arm-atollic-eabi/6.3.1/../../../../arm-atollic-eabi/lib/armv7e-m/fpu\libc_nano.a(lib_a-mprec.o)
                0x080077b0                __i2b
 .text.__multiply
                0x080077c2      0x11a c:/program files (x86)/atollic/truestudio for stm32 9.3.0/armtools/bin/../lib/gcc/arm-atollic-eabi/6.3.1/../../../../arm-atollic-eabi/lib/armv7e-m/fpu\libc_nano.a(lib_a-mprec.o)
                0x080077c2                __multiply
 .text.__pow5mult
                0x080078dc       0x9c c:/program files (x86)/atollic/truestudio for stm32 9.3.0/armtools/bin/../lib/gcc/arm-atollic-eabi/6.3.1/../../../../arm-atollic-eabi/lib/armv7e-m/fpu\libc_nano.a(lib_a-mprec.o)
                0x080078dc                __pow5mult
 .text.__lshift
                0x08007978       0xa2 c:/program files (x86)/atollic/truestudio for stm32 9.3.0/armtools/bin/../lib/gcc/arm-atollic-eabi/6.3.1/../../../../arm-atollic-eabi/lib/armv7e-m/fpu\libc_nano.a(lib_a-mprec.o)
                0x08007978                __lshift
 .text.__mcmp   0x08007a1a       0x34 c:/program files (x86)/atollic/truestudio for stm32 9.3.0/armtools/bin/../lib/gcc/arm-atollic-eabi/6.3.1/../../../../arm-atollic-eabi/lib/armv7e-m/fpu\libc_nano.a(lib_a-mprec.o)
                0x08007a1a                __mcmp
 .text.__mdiff  0x08007a4e       0xbc c:/program files (x86)/atollic/truestudio for stm32 9.3.0/armtools/bin/../lib/gcc/arm-atollic-eabi/6.3.1/../../../../arm-atollic-eabi/lib/armv7e-m/fpu\libc_nano.a(lib_a-mprec.o)
                0x08007a4e                __mdiff
 .text.__d2b    0x08007b0a       0x9e c:/program files (x86)/atollic/truestudio for stm32 9.3.0/armtools/bin/../lib/gcc/arm-atollic-eabi/6.3.1/../../../../arm-atollic-eabi/lib/armv7e-m/fpu\libc_nano.a(lib_a-mprec.o)
                0x08007b0a                __d2b
 .text._calloc_r
                0x08007ba8       0x1c c:/program files (x86)/atollic/truestudio for stm32 9.3.0/armtools/bin/../lib/gcc/arm-atollic-eabi/6.3.1/../../../../arm-atollic-eabi/lib/armv7e-m/fpu\libc_nano.a(lib_a-nano-callocr.o)
                0x08007ba8                _calloc_r
 .text._free_r  0x08007bc4       0x9c c:/program files (x86)/atollic/truestudio for stm32 9.3.0/armtools/bin/../lib/gcc/arm-atollic-eabi/6.3.1/../../../../arm-atollic-eabi/lib/armv7e-m/fpu\libc_nano.a(lib_a-nano-freer.o)
                0x08007bc4                _free_r
 .text._malloc_r
                0x08007c60       0xbc c:/program files (x86)/atollic/truestudio for stm32 9.3.0/armtools/bin/../lib/gcc/arm-atollic-eabi/6.3.1/../../../../arm-atollic-eabi/lib/armv7e-m/fpu\libc_nano.a(lib_a-nano-mallocr.o)
                0x08007c60                _malloc_r
 .text.__ssputs_r
                0x08007d1c       0xb6 c:/program files (x86)/atollic/truestudio for stm32 9.3.0/armtools/bin/../lib/gcc/arm-atollic-eabi/6.3.1/../../../../arm-atollic-eabi/lib/armv7e-m/fpu\libc_nano.a(lib_a-nano-svfprintf.o)
                0x08007d1c                __ssputs_r
 *fill*         0x08007dd2        0x2 
 .text._svfprintf_r
                0x08007dd4      0x1e8 c:/program files (x86)/atollic/truestudio for stm32 9.3.0/armtools/bin/../lib/gcc/arm-atollic-eabi/6.3.1/../../../../arm-atollic-eabi/lib/armv7e-m/fpu\libc_nano.a(lib_a-nano-svfprintf.o)
                0x08007dd4                _svfiprintf_r
                0x08007dd4                _svfprintf_r
 .text._sbrk_r  0x08007fbc       0x20 c:/program files (x86)/atollic/truestudio for stm32 9.3.0/armtools/bin/../lib/gcc/arm-atollic-eabi/6.3.1/../../../../arm-atollic-eabi/lib/armv7e-m/fpu\libc_nano.a(lib_a-sbrkr.o)
                0x08007fbc                _sbrk_r
 .text.__ascii_mbtowc
                0x08007fdc       0x24 c:/program files (x86)/atollic/truestudio for stm32 9.3.0/armtools/bin/../lib/gcc/arm-atollic-eabi/6.3.1/../../../../arm-atollic-eabi/lib/armv7e-m/fpu\libc_nano.a(lib_a-mbtowc_r.o)
                0x08007fdc                __ascii_mbtowc
 .text.memmove  0x08008000       0x34 c:/program files (x86)/atollic/truestudio for stm32 9.3.0/armtools/bin/../lib/gcc/arm-atollic-eabi/6.3.1/../../../../arm-atollic-eabi/lib/armv7e-m/fpu\libc_nano.a(lib_a-memmove.o)
                0x08008000                memmove
 .text.__malloc_lock
                0x08008034        0x2 c:/program files (x86)/atollic/truestudio for stm32 9.3.0/armtools/bin/../lib/gcc/arm-atollic-eabi/6.3.1/../../../../arm-atollic-eabi/lib/armv7e-m/fpu\libc_nano.a(lib_a-mlock.o)
                0x08008034                __malloc_lock
 .text.__malloc_unlock
                0x08008036        0x2 c:/program files (x86)/atollic/truestudio for stm32 9.3.0/armtools/bin/../lib/gcc/arm-atollic-eabi/6.3.1/../../../../arm-atollic-eabi/lib/armv7e-m/fpu\libc_nano.a(lib_a-mlock.o)
                0x08008036                __malloc_unlock
 .text._realloc_r
                0x08008038       0x4c c:/program files (x86)/atollic/truestudio for stm32 9.3.0/armtools/bin/../lib/gcc/arm-atollic-eabi/6.3.1/../../../../arm-atollic-eabi/lib/armv7e-m/fpu\libc_nano.a(lib_a-nano-reallocr.o)
                0x08008038                _realloc_r
 .text.__ascii_wctomb
                0x08008084       0x1a c:/program files (x86)/atollic/truestudio for stm32 9.3.0/armtools/bin/../lib/gcc/arm-atollic-eabi/6.3.1/../../../../arm-atollic-eabi/lib/armv7e-m/fpu\libc_nano.a(lib_a-wctomb_r.o)
                0x08008084                __ascii_wctomb
 .text._malloc_usable_size_r
                0x0800809e       0x12 c:/program files (x86)/atollic/truestudio for stm32 9.3.0/armtools/bin/../lib/gcc/arm-atollic-eabi/6.3.1/../../../../arm-atollic-eabi/lib/armv7e-m/fpu\libc_nano.a(lib_a-nano-msizer.o)
                0x0800809e                _malloc_usable_size_r
 .text.powf     0x080080b0      0x2f8 c:/program files (x86)/atollic/truestudio for stm32 9.3.0/armtools/bin/../lib/gcc/arm-atollic-eabi/6.3.1/../../../../arm-atollic-eabi/lib/armv7e-m/fpu\libm.a(lib_a-wf_pow.o)
                0x080080b0                powf
 .text.__ieee754_powf
                0x080083a8      0x584 c:/program files (x86)/atollic/truestudio for stm32 9.3.0/armtools/bin/../lib/gcc/arm-atollic-eabi/6.3.1/../../../../arm-atollic-eabi/lib/armv7e-m/fpu\libm.a(lib_a-ef_pow.o)
                0x080083a8                __ieee754_powf
 .text.__ieee754_sqrtf
                0x0800892c       0x8e c:/program files (x86)/atollic/truestudio for stm32 9.3.0/armtools/bin/../lib/gcc/arm-atollic-eabi/6.3.1/../../../../arm-atollic-eabi/lib/armv7e-m/fpu\libm.a(lib_a-ef_sqrt.o)
                0x0800892c                __ieee754_sqrtf
 .text.matherr  0x080089ba        0x4 c:/program files (x86)/atollic/truestudio for stm32 9.3.0/armtools/bin/../lib/gcc/arm-atollic-eabi/6.3.1/../../../../arm-atollic-eabi/lib/armv7e-m/fpu\libm.a(lib_a-s_matherr.o)
                0x080089ba                matherr
 *fill*         0x080089be        0x2 
 .text.rint     0x080089c0      0x110 c:/program files (x86)/atollic/truestudio for stm32 9.3.0/armtools/bin/../lib/gcc/arm-atollic-eabi/6.3.1/../../../../arm-atollic-eabi/lib/armv7e-m/fpu\libm.a(lib_a-s_rint.o)
                0x080089c0                rint
 .text.fabsf    0x08008ad0        0xe c:/program files (x86)/atollic/truestudio for stm32 9.3.0/armtools/bin/../lib/gcc/arm-atollic-eabi/6.3.1/../../../../arm-atollic-eabi/lib/armv7e-m/fpu\libm.a(lib_a-sf_fabs.o)
                0x08008ad0                fabsf
 .text.finitef  0x08008ade       0x14 c:/program files (x86)/atollic/truestudio for stm32 9.3.0/armtools/bin/../lib/gcc/arm-atollic-eabi/6.3.1/../../../../arm-atollic-eabi/lib/armv7e-m/fpu\libm.a(lib_a-sf_finite.o)
                0x08008ade                finitef
 *fill*         0x08008af2        0x2 
 .text.nanf     0x08008af4        0xc c:/program files (x86)/atollic/truestudio for stm32 9.3.0/armtools/bin/../lib/gcc/arm-atollic-eabi/6.3.1/../../../../arm-atollic-eabi/lib/armv7e-m/fpu\libm.a(lib_a-sf_nan.o)
                0x08008af4                nanf
 .text.scalbnf  0x08008b00       0xc0 c:/program files (x86)/atollic/truestudio for stm32 9.3.0/armtools/bin/../lib/gcc/arm-atollic-eabi/6.3.1/../../../../arm-atollic-eabi/lib/armv7e-m/fpu\libm.a(lib_a-sf_scalbn.o)
                0x08008b00                scalbnf
 .text.copysignf
                0x08008bc0       0x18 c:/program files (x86)/atollic/truestudio for stm32 9.3.0/armtools/bin/../lib/gcc/arm-atollic-eabi/6.3.1/../../../../arm-atollic-eabi/lib/armv7e-m/fpu\libm.a(lib_a-sf_copysign.o)
                0x08008bc0                copysignf
 .text.__errno  0x08008bd8        0xc c:/program files (x86)/atollic/truestudio for stm32 9.3.0/armtools/bin/../lib/gcc/arm-atollic-eabi/6.3.1/../../../../arm-atollic-eabi/lib/armv7e-m/fpu\libc_nano.a(lib_a-errno.o)
                0x08008bd8                __errno
 .text._sbrk    0x08008be4       0x1c c:/program files (x86)/atollic/truestudio for stm32 9.3.0/armtools/bin/../lib/gcc/arm-atollic-eabi/6.3.1/../../../../arm-atollic-eabi/lib/armv7e-m/fpu\libnosys.a(sbrk.o)
                0x08008be4                _sbrk
 *(.glue_7)
 .glue_7        0x08008c00        0x0 linker stubs
 *(.glue_7t)
 .glue_7t       0x08008c00        0x0 linker stubs
 *(.eh_frame)
 .eh_frame      0x08008c00        0x0 c:/program files (x86)/atollic/truestudio for stm32 9.3.0/armtools/bin/../lib/gcc/arm-atollic-eabi/6.3.1/armv7e-m/fpu/crtbegin.o
 *(.init)
 .init          0x08008c00        0x4 c:/program files (x86)/atollic/truestudio for stm32 9.3.0/armtools/bin/../lib/gcc/arm-atollic-eabi/6.3.1/armv7e-m/fpu/crti.o
                0x08008c00                _init
 .init          0x08008c04        0x8 c:/program files (x86)/atollic/truestudio for stm32 9.3.0/armtools/bin/../lib/gcc/arm-atollic-eabi/6.3.1/armv7e-m/fpu/crtn.o
 *(.fini)
 .fini          0x08008c0c        0x4 c:/program files (x86)/atollic/truestudio for stm32 9.3.0/armtools/bin/../lib/gcc/arm-atollic-eabi/6.3.1/armv7e-m/fpu/crti.o
                0x08008c0c                _fini
 .fini          0x08008c10        0x8 c:/program files (x86)/atollic/truestudio for stm32 9.3.0/armtools/bin/../lib/gcc/arm-atollic-eabi/6.3.1/armv7e-m/fpu/crtn.o
                0x08008c18                . = ALIGN (0x4)
                0x08008c18                _etext = .

.vfp11_veneer   0x08008c18        0x0
 .vfp11_veneer  0x08008c18        0x0 linker stubs

.v4_bx          0x08008c18        0x0
 .v4_bx         0x08008c18        0x0 linker stubs

.iplt           0x08008c18        0x0
 .iplt          0x08008c18        0x0 c:/program files (x86)/atollic/truestudio for stm32 9.3.0/armtools/bin/../lib/gcc/arm-atollic-eabi/6.3.1/armv7e-m/fpu/crtbegin.o

.rodata         0x08008c18      0x408
                0x08008c18                . = ALIGN (0x4)
 *(.rodata)
 *(.rodata*)
 .rodata.ExCvt  0x08008c18       0x80 Middlewares\Third_Party\FatFs\src\ff.o
 .rodata.follow_path.str1.1
                0x08008c98        0xf Middlewares\Third_Party\FatFs\src\ff.o
 .rodata.MX_I2C1_Init.str1.1
                0x08008ca7        0xd Src\i2c.o
 .rodata.main.str1.1
                0x08008cb4       0x96 Src\main.o
                                 0x97 (size before relaxing)
 *fill*         0x08008d4a        0x2 
 .rodata.SD_Driver
                0x08008d4c       0x14 Src\sd_diskio.o
                0x08008d4c                SD_Driver
 .rodata.MX_SPI1_Init.str1.1
                0x08008d60        0xd Src\spi.o
 .rodata.AHBPrescTable
                0x08008d6d       0x10 Src\system_stm32f4xx.o
                0x08008d6d                AHBPrescTable
 .rodata.APBPrescTable
                0x08008d7d        0x8 Src\system_stm32f4xx.o
                0x08008d7d                APBPrescTable
 .rodata.MX_UART4_Init.str1.1
                0x08008d85        0xf Src\usart.o
 .rodata._printf_float.str1.1
                0x08008d94       0x12 c:/program files (x86)/atollic/truestudio for stm32 9.3.0/armtools/bin/../lib/gcc/arm-atollic-eabi/6.3.1/../../../../arm-atollic-eabi/lib/armv7e-m/fpu\libc_nano.a(lib_a-nano-vfprintf_float.o)
 .rodata._printf_i.str1.1
                0x08008da6       0x22 c:/program files (x86)/atollic/truestudio for stm32 9.3.0/armtools/bin/../lib/gcc/arm-atollic-eabi/6.3.1/../../../../arm-atollic-eabi/lib/armv7e-m/fpu\libc_nano.a(lib_a-nano-vfprintf_i.o)
 .rodata._dtoa_r.str1.1
                0x08008dc8        0xd c:/program files (x86)/atollic/truestudio for stm32 9.3.0/armtools/bin/../lib/gcc/arm-atollic-eabi/6.3.1/../../../../arm-atollic-eabi/lib/armv7e-m/fpu\libc_nano.a(lib_a-dtoa.o)
                                  0xf (size before relaxing)
 *fill*         0x08008dd5        0x3 
 .rodata.__mprec_bigtens
                0x08008dd8       0x28 c:/program files (x86)/atollic/truestudio for stm32 9.3.0/armtools/bin/../lib/gcc/arm-atollic-eabi/6.3.1/../../../../arm-atollic-eabi/lib/armv7e-m/fpu\libc_nano.a(lib_a-mprec.o)
                0x08008dd8                __mprec_bigtens
 .rodata.__mprec_tens
                0x08008e00       0xc8 c:/program files (x86)/atollic/truestudio for stm32 9.3.0/armtools/bin/../lib/gcc/arm-atollic-eabi/6.3.1/../../../../arm-atollic-eabi/lib/armv7e-m/fpu\libc_nano.a(lib_a-mprec.o)
                0x08008e00                __mprec_tens
 .rodata.p05.7175
                0x08008ec8        0xc c:/program files (x86)/atollic/truestudio for stm32 9.3.0/armtools/bin/../lib/gcc/arm-atollic-eabi/6.3.1/../../../../arm-atollic-eabi/lib/armv7e-m/fpu\libc_nano.a(lib_a-mprec.o)
 .rodata._svfprintf_r.str1.1
                0x08008ed4       0x11 c:/program files (x86)/atollic/truestudio for stm32 9.3.0/armtools/bin/../lib/gcc/arm-atollic-eabi/6.3.1/../../../../arm-atollic-eabi/lib/armv7e-m/fpu\libc_nano.a(lib_a-nano-svfprintf.o)
 .rodata._setlocale_r.str1.1
                0x08008ee5        0x8 c:/program files (x86)/atollic/truestudio for stm32 9.3.0/armtools/bin/../lib/gcc/arm-atollic-eabi/6.3.1/../../../../arm-atollic-eabi/lib/armv7e-m/fpu\libc_nano.a(lib_a-locale.o)
                                  0x9 (size before relaxing)
 .rodata.str1.1
                0x08008eed        0x2 c:/program files (x86)/atollic/truestudio for stm32 9.3.0/armtools/bin/../lib/gcc/arm-atollic-eabi/6.3.1/../../../../arm-atollic-eabi/lib/armv7e-m/fpu\libc_nano.a(lib_a-locale.o)
 .rodata._ctype_
                0x08008eef      0x101 c:/program files (x86)/atollic/truestudio for stm32 9.3.0/armtools/bin/../lib/gcc/arm-atollic-eabi/6.3.1/../../../../arm-atollic-eabi/lib/armv7e-m/fpu\libc_nano.a(lib_a-ctype_.o)
                0x08008eef                _ctype_
 .rodata.powf.str1.1
                0x08008ff0        0x5 c:/program files (x86)/atollic/truestudio for stm32 9.3.0/armtools/bin/../lib/gcc/arm-atollic-eabi/6.3.1/../../../../arm-atollic-eabi/lib/armv7e-m/fpu\libm.a(lib_a-wf_pow.o)
 .rodata.__ieee754_powf.str1.1
                0x08008ff5        0x1 c:/program files (x86)/atollic/truestudio for stm32 9.3.0/armtools/bin/../lib/gcc/arm-atollic-eabi/6.3.1/../../../../arm-atollic-eabi/lib/armv7e-m/fpu\libm.a(lib_a-ef_pow.o)
 *fill*         0x08008ff5        0x3 
 .rodata.bp     0x08008ff8        0x8 c:/program files (x86)/atollic/truestudio for stm32 9.3.0/armtools/bin/../lib/gcc/arm-atollic-eabi/6.3.1/../../../../arm-atollic-eabi/lib/armv7e-m/fpu\libm.a(lib_a-ef_pow.o)
 .rodata.dp_h   0x08009000        0x8 c:/program files (x86)/atollic/truestudio for stm32 9.3.0/armtools/bin/../lib/gcc/arm-atollic-eabi/6.3.1/../../../../arm-atollic-eabi/lib/armv7e-m/fpu\libm.a(lib_a-ef_pow.o)
 .rodata.dp_l   0x08009008        0x8 c:/program files (x86)/atollic/truestudio for stm32 9.3.0/armtools/bin/../lib/gcc/arm-atollic-eabi/6.3.1/../../../../arm-atollic-eabi/lib/armv7e-m/fpu\libm.a(lib_a-ef_pow.o)
 .rodata.TWO52  0x08009010       0x10 c:/program files (x86)/atollic/truestudio for stm32 9.3.0/armtools/bin/../lib/gcc/arm-atollic-eabi/6.3.1/../../../../arm-atollic-eabi/lib/armv7e-m/fpu\libm.a(lib_a-s_rint.o)
                0x08009020                . = ALIGN (0x4)

.ARM.extab
 *(.ARM.extab* .gnu.linkonce.armextab.*)

.ARM            0x08009020        0x8
                0x08009020                __exidx_start = .
 *(.ARM.exidx*)
 .ARM.exidx     0x08009020        0x8 c:/program files (x86)/atollic/truestudio for stm32 9.3.0/armtools/bin/../lib/gcc/arm-atollic-eabi/6.3.1/armv7e-m/fpu\libgcc.a(_udivmoddi4.o)
                0x08009028                __exidx_end = .

.rel.dyn        0x08009028        0x0
 .rel.iplt      0x08009028        0x0 c:/program files (x86)/atollic/truestudio for stm32 9.3.0/armtools/bin/../lib/gcc/arm-atollic-eabi/6.3.1/armv7e-m/fpu/crtbegin.o

.preinit_array  0x08009028        0x0
                0x08009028                PROVIDE (__preinit_array_start, .)
 *(.preinit_array*)
                0x08009028                PROVIDE (__preinit_array_end, .)

.init_array     0x08009028        0x4
                0x08009028                PROVIDE (__init_array_start, .)
 *(SORT(.init_array.*))
 *(.init_array*)
 .init_array    0x08009028        0x4 c:/program files (x86)/atollic/truestudio for stm32 9.3.0/armtools/bin/../lib/gcc/arm-atollic-eabi/6.3.1/armv7e-m/fpu/crtbegin.o
                0x0800902c                PROVIDE (__init_array_end, .)

.fini_array     0x0800902c        0x4
                [!provide]                PROVIDE (__fini_array_start, .)
 *(SORT(.fini_array.*))
 *(.fini_array*)
 .fini_array    0x0800902c        0x4 c:/program files (x86)/atollic/truestudio for stm32 9.3.0/armtools/bin/../lib/gcc/arm-atollic-eabi/6.3.1/armv7e-m/fpu/crtbegin.o
                [!provide]                PROVIDE (__fini_array_end, .)
                0x08009030                _sidata = LOADADDR (.data)

.data           0x20000000      0x1e4 load address 0x08009030
                0x20000000                . = ALIGN (0x4)
                0x20000000                _sdata = .
 *(.data)
 *(.data*)
 .data.uwTickFreq
                0x20000000        0x1 Drivers\STM32F4xx_HAL_Driver\Src\stm32f4xx_hal.o
                0x20000000                uwTickFreq
 *fill*         0x20000001        0x3 
 .data.uwTickPrio
                0x20000004        0x4 Drivers\STM32F4xx_HAL_Driver\Src\stm32f4xx_hal.o
                0x20000004                uwTickPrio
 .data.Stat     0x20000008        0x1 Src\sd_diskio.o
 *fill*         0x20000009        0x3 
 .data.SystemCoreClock
                0x2000000c        0x4 Src\system_stm32f4xx.o
                0x2000000c                SystemCoreClock
 .data._impure_ptr
                0x20000010        0x4 c:/program files (x86)/atollic/truestudio for stm32 9.3.0/armtools/bin/../lib/gcc/arm-atollic-eabi/6.3.1/../../../../arm-atollic-eabi/lib/armv7e-m/fpu\libc_nano.a(lib_a-impure.o)
                0x20000010                _impure_ptr
 .data.impure_data
                0x20000014       0x60 c:/program files (x86)/atollic/truestudio for stm32 9.3.0/armtools/bin/../lib/gcc/arm-atollic-eabi/6.3.1/../../../../arm-atollic-eabi/lib/armv7e-m/fpu\libc_nano.a(lib_a-impure.o)
 .data.__global_locale
                0x20000074      0x16c c:/program files (x86)/atollic/truestudio for stm32 9.3.0/armtools/bin/../lib/gcc/arm-atollic-eabi/6.3.1/../../../../arm-atollic-eabi/lib/armv7e-m/fpu\libc_nano.a(lib_a-locale.o)
                0x20000074                __global_locale
 .data.__fdlib_version
                0x200001e0        0x1 c:/program files (x86)/atollic/truestudio for stm32 9.3.0/armtools/bin/../lib/gcc/arm-atollic-eabi/6.3.1/../../../../arm-atollic-eabi/lib/armv7e-m/fpu\libm.a(lib_a-s_lib_ver.o)
                0x200001e0                __fdlib_version
                0x200001e4                . = ALIGN (0x4)
 *fill*         0x200001e1        0x3 
                0x200001e4                _edata = .
                0x08009214                _siccmram = LOADADDR (.ccmram)

.igot.plt       0x200001e4        0x0 load address 0x08009214
 .igot.plt      0x200001e4        0x0 c:/program files (x86)/atollic/truestudio for stm32 9.3.0/armtools/bin/../lib/gcc/arm-atollic-eabi/6.3.1/armv7e-m/fpu/crtbegin.o

.ccmram         0x10000000        0x0 load address 0x08009214
                0x10000000                . = ALIGN (0x4)
                0x10000000                _sccmram = .
 *(.ccmram)
 *(.ccmram*)
                0x10000000                . = ALIGN (0x4)
                0x10000000                _eccmram = .
                0x10000000                . = ALIGN (0x4)

.bss            0x200001e4     0x1344
                0x200001e4                _sbss = .
                0x200001e4                __bss_start__ = _sbss
 *(.bss)
 .bss           0x200001e4       0x1c c:/program files (x86)/atollic/truestudio for stm32 9.3.0/armtools/bin/../lib/gcc/arm-atollic-eabi/6.3.1/armv7e-m/fpu/crtbegin.o
 *(.bss*)
 .bss.FatFs     0x20000200        0x4 Middlewares\Third_Party\FatFs\src\ff.o
 .bss.Files     0x20000204       0x20 Middlewares\Third_Party\FatFs\src\ff.o
 .bss.Fsid      0x20000224        0x2 Middlewares\Third_Party\FatFs\src\ff.o
 *fill*         0x20000226        0x2 
 .bss.disk      0x20000228        0xc Middlewares\Third_Party\FatFs\src\ff_gen_drv.o
                0x20000228                disk
 .bss.__malloc_free_list
                0x20000234        0x4 c:/program files (x86)/atollic/truestudio for stm32 9.3.0/armtools/bin/../lib/gcc/arm-atollic-eabi/6.3.1/../../../../arm-atollic-eabi/lib/armv7e-m/fpu\libc_nano.a(lib_a-nano-mallocr.o)
                0x20000234                __malloc_free_list
 .bss.__malloc_sbrk_start
                0x20000238        0x4 c:/program files (x86)/atollic/truestudio for stm32 9.3.0/armtools/bin/../lib/gcc/arm-atollic-eabi/6.3.1/../../../../arm-atollic-eabi/lib/armv7e-m/fpu\libc_nano.a(lib_a-nano-mallocr.o)
                0x20000238                __malloc_sbrk_start
 .bss.heap_end.5239
                0x2000023c        0x4 c:/program files (x86)/atollic/truestudio for stm32 9.3.0/armtools/bin/../lib/gcc/arm-atollic-eabi/6.3.1/../../../../arm-atollic-eabi/lib/armv7e-m/fpu\libnosys.a(sbrk.o)
 *(COMMON)
 COMMON         0x20000240        0x4 Drivers\STM32F4xx_HAL_Driver\Src\stm32f4xx_hal.o
                0x20000240                uwTick
 COMMON         0x20000244      0x468 Src\fatfs.o
                0x20000244                retSD
                0x20000245                SDPath
                0x2000024c                SDFile
                0x2000047c                SDFatFS
 COMMON         0x200006ac       0x54 Src\i2c.o
                0x200006ac                hi2c1
 COMMON         0x20000700      0xcc8 Src\main.o
                0x20000700                humi
                0x20000704                pres
                0x20000708                gpsBuffer
                0x20000994                fs
                0x20000bc4                byteswritten
                0x20000bc8                alti
                0x20000bcc                ms
                0x20000bd0                temp
                0x20000bd4                bmi160Gyro
                0x20000be0                file
                0x20000e10                rxCharBuf
                0x200010cc                bmi160
                0x200010f8                rxBuffer
                0x200012f8                rxTmp
                0x200012f9                s
                0x200012fa                h
                0x200012fb                buf
                0x2000137c                bmp280
                0x200013b0                bmi160Accel
                0x200013bc                s_pres
                0x200013c0                m
                0x200013c2                rxIndex
                0x200013c4                rxChars
 COMMON         0x200013c8       0x84 Src\sdio.o
                0x200013c8                hsd
 COMMON         0x2000144c       0x58 Src\spi.o
                0x2000144c                hspi1
 COMMON         0x200014a4       0x80 Src\usart.o
                0x200014a4                huart1
                0x200014e4                huart4
 COMMON         0x20001524        0x4 c:/program files (x86)/atollic/truestudio for stm32 9.3.0/armtools/bin/../lib/gcc/arm-atollic-eabi/6.3.1/../../../../arm-atollic-eabi/lib/armv7e-m/fpu\libc_nano.a(lib_a-reent.o)
                0x20001524                errno
                0x20001528                . = ALIGN (0x4)
                0x20001528                _ebss = .
                0x20001528                __bss_end__ = _ebss

._user_heap_stack
                0x20001528      0x600
                0x20001528                . = ALIGN (0x4)
                0x20001528                PROVIDE (end, .)
                [!provide]                PROVIDE (_end, .)
                0x20001728                . = (. + _Min_Heap_Size)
 *fill*         0x20001528      0x200 
                0x20001b28                . = (. + _Min_Stack_Size)
 *fill*         0x20001728      0x400 
                0x20001b28                . = ALIGN (0x4)

/DISCARD/
 libc.a(*)
 libm.a(*)
 libgcc.a(*)

.ARM.attributes
                0x00000000       0x30
 *(.ARM.attributes)
 .ARM.attributes
                0x00000000       0x22 c:/program files (x86)/atollic/truestudio for stm32 9.3.0/armtools/bin/../lib/gcc/arm-atollic-eabi/6.3.1/armv7e-m/fpu/crti.o
 .ARM.attributes
                0x00000022       0x34 c:/program files (x86)/atollic/truestudio for stm32 9.3.0/armtools/bin/../lib/gcc/arm-atollic-eabi/6.3.1/armv7e-m/fpu/crtbegin.o
 .ARM.attributes
                0x00000056       0x39 Drivers\STM32F4xx_HAL_Driver\Src\stm32f4xx_hal.o
 .ARM.attributes
                0x0000008f       0x39 Drivers\STM32F4xx_HAL_Driver\Src\stm32f4xx_hal_cortex.o
 .ARM.attributes
                0x000000c8       0x39 Drivers\STM32F4xx_HAL_Driver\Src\stm32f4xx_hal_dma.o
 .ARM.attributes
                0x00000101       0x39 Drivers\STM32F4xx_HAL_Driver\Src\stm32f4xx_hal_gpio.o
 .ARM.attributes
                0x0000013a       0x39 Drivers\STM32F4xx_HAL_Driver\Src\stm32f4xx_hal_i2c.o
 .ARM.attributes
                0x00000173       0x39 Drivers\STM32F4xx_HAL_Driver\Src\stm32f4xx_hal_rcc.o
 .ARM.attributes
                0x000001ac       0x39 Drivers\STM32F4xx_HAL_Driver\Src\stm32f4xx_hal_sd.o
 .ARM.attributes
                0x000001e5       0x39 Drivers\STM32F4xx_HAL_Driver\Src\stm32f4xx_hal_spi.o
 .ARM.attributes
                0x0000021e       0x39 Drivers\STM32F4xx_HAL_Driver\Src\stm32f4xx_hal_uart.o
 .ARM.attributes
                0x00000257       0x39 Drivers\STM32F4xx_HAL_Driver\Src\stm32f4xx_ll_sdmmc.o
 .ARM.attributes
                0x00000290       0x39 Middlewares\Third_Party\FatFs\src\diskio.o
 .ARM.attributes
                0x000002c9       0x39 Middlewares\Third_Party\FatFs\src\ff.o
 .ARM.attributes
                0x00000302       0x39 Middlewares\Third_Party\FatFs\src\ff_gen_drv.o
 .ARM.attributes
                0x0000033b       0x39 Src\bmi160.o
 .ARM.attributes
                0x00000374       0x39 Src\bmp280.o
 .ARM.attributes
                0x000003ad       0x39 Src\bsp_driver_sd.o
 .ARM.attributes
                0x000003e6       0x39 Src\fatfs.o
 .ARM.attributes
                0x0000041f       0x39 Src\gpio.o
 .ARM.attributes
                0x00000458       0x39 Src\i2c.o
 .ARM.attributes
                0x00000491       0x39 Src\main.o
 .ARM.attributes
                0x000004ca       0x39 Src\sd_diskio.o
 .ARM.attributes
                0x00000503       0x39 Src\sdio.o
 .ARM.attributes
                0x0000053c       0x39 Src\spi.o
 .ARM.attributes
                0x00000575       0x39 Src\stm32f4xx_hal_msp.o
 .ARM.attributes
                0x000005ae       0x39 Src\stm32f4xx_it.o
 .ARM.attributes
                0x000005e7       0x39 Src\system_stm32f4xx.o
 .ARM.attributes
                0x00000620       0x39 Src\usart.o
 .ARM.attributes
                0x00000659       0x21 startup\startup_stm32f405xx.o
 .ARM.attributes
                0x0000067a       0x34 c:/program files (x86)/atollic/truestudio for stm32 9.3.0/armtools/bin/../lib/gcc/arm-atollic-eabi/6.3.1/../../../../arm-atollic-eabi/lib/armv7e-m/fpu\libc_nano.a(lib_a-init.o)
 .ARM.attributes
                0x000006ae       0x34 c:/program files (x86)/atollic/truestudio for stm32 9.3.0/armtools/bin/../lib/gcc/arm-atollic-eabi/6.3.1/../../../../arm-atollic-eabi/lib/armv7e-m/fpu\libc_nano.a(lib_a-memcpy-stub.o)
 .ARM.attributes
                0x000006e2       0x34 c:/program files (x86)/atollic/truestudio for stm32 9.3.0/armtools/bin/../lib/gcc/arm-atollic-eabi/6.3.1/../../../../arm-atollic-eabi/lib/armv7e-m/fpu\libc_nano.a(lib_a-memset.o)
 .ARM.attributes
                0x00000716       0x34 c:/program files (x86)/atollic/truestudio for stm32 9.3.0/armtools/bin/../lib/gcc/arm-atollic-eabi/6.3.1/../../../../arm-atollic-eabi/lib/armv7e-m/fpu\libc_nano.a(lib_a-nano-vfprintf_float.o)
 .ARM.attributes
                0x0000074a       0x34 c:/program files (x86)/atollic/truestudio for stm32 9.3.0/armtools/bin/../lib/gcc/arm-atollic-eabi/6.3.1/../../../../arm-atollic-eabi/lib/armv7e-m/fpu\libc_nano.a(lib_a-nano-vfprintf_i.o)
 .ARM.attributes
                0x0000077e       0x34 c:/program files (x86)/atollic/truestudio for stm32 9.3.0/armtools/bin/../lib/gcc/arm-atollic-eabi/6.3.1/../../../../arm-atollic-eabi/lib/armv7e-m/fpu\libc_nano.a(lib_a-sprintf.o)
 .ARM.attributes
                0x000007b2       0x1b c:/program files (x86)/atollic/truestudio for stm32 9.3.0/armtools/bin/../lib/gcc/arm-atollic-eabi/6.3.1/../../../../arm-atollic-eabi/lib/armv7e-m/fpu\libc_nano.a(lib_a-strlen.o)
 .ARM.attributes
                0x000007cd       0x34 c:/program files (x86)/atollic/truestudio for stm32 9.3.0/armtools/bin/../lib/gcc/arm-atollic-eabi/6.3.1/../../../../arm-atollic-eabi/lib/armv7e-m/fpu\libc_nano.a(lib_a-dtoa.o)
 .ARM.attributes
                0x00000801       0x34 c:/program files (x86)/atollic/truestudio for stm32 9.3.0/armtools/bin/../lib/gcc/arm-atollic-eabi/6.3.1/../../../../arm-atollic-eabi/lib/armv7e-m/fpu\libc_nano.a(lib_a-impure.o)
 .ARM.attributes
                0x00000835       0x34 c:/program files (x86)/atollic/truestudio for stm32 9.3.0/armtools/bin/../lib/gcc/arm-atollic-eabi/6.3.1/../../../../arm-atollic-eabi/lib/armv7e-m/fpu\libc_nano.a(lib_a-localeconv.o)
 .ARM.attributes
                0x00000869       0x34 c:/program files (x86)/atollic/truestudio for stm32 9.3.0/armtools/bin/../lib/gcc/arm-atollic-eabi/6.3.1/../../../../arm-atollic-eabi/lib/armv7e-m/fpu\libc_nano.a(lib_a-malloc.o)
 .ARM.attributes
                0x0000089d       0x20 c:/program files (x86)/atollic/truestudio for stm32 9.3.0/armtools/bin/../lib/gcc/arm-atollic-eabi/6.3.1/../../../../arm-atollic-eabi/lib/armv7e-m/fpu\libc_nano.a(lib_a-memchr.o)
 .ARM.attributes
                0x000008bd       0x34 c:/program files (x86)/atollic/truestudio for stm32 9.3.0/armtools/bin/../lib/gcc/arm-atollic-eabi/6.3.1/../../../../arm-atollic-eabi/lib/armv7e-m/fpu\libc_nano.a(lib_a-mprec.o)
 .ARM.attributes
                0x000008f1       0x34 c:/program files (x86)/atollic/truestudio for stm32 9.3.0/armtools/bin/../lib/gcc/arm-atollic-eabi/6.3.1/../../../../arm-atollic-eabi/lib/armv7e-m/fpu\libc_nano.a(lib_a-nano-callocr.o)
 .ARM.attributes
                0x00000925       0x34 c:/program files (x86)/atollic/truestudio for stm32 9.3.0/armtools/bin/../lib/gcc/arm-atollic-eabi/6.3.1/../../../../arm-atollic-eabi/lib/armv7e-m/fpu\libc_nano.a(lib_a-nano-freer.o)
 .ARM.attributes
                0x00000959       0x34 c:/program files (x86)/atollic/truestudio for stm32 9.3.0/armtools/bin/../lib/gcc/arm-atollic-eabi/6.3.1/../../../../arm-atollic-eabi/lib/armv7e-m/fpu\libc_nano.a(lib_a-nano-mallocr.o)
 .ARM.attributes
                0x0000098d       0x34 c:/program files (x86)/atollic/truestudio for stm32 9.3.0/armtools/bin/../lib/gcc/arm-atollic-eabi/6.3.1/../../../../arm-atollic-eabi/lib/armv7e-m/fpu\libc_nano.a(lib_a-nano-svfprintf.o)
 .ARM.attributes
                0x000009c1       0x34 c:/program files (x86)/atollic/truestudio for stm32 9.3.0/armtools/bin/../lib/gcc/arm-atollic-eabi/6.3.1/../../../../arm-atollic-eabi/lib/armv7e-m/fpu\libc_nano.a(lib_a-sbrkr.o)
 .ARM.attributes
                0x000009f5       0x34 c:/program files (x86)/atollic/truestudio for stm32 9.3.0/armtools/bin/../lib/gcc/arm-atollic-eabi/6.3.1/../../../../arm-atollic-eabi/lib/armv7e-m/fpu\libc_nano.a(lib_a-locale.o)
 .ARM.attributes
                0x00000a29       0x34 c:/program files (x86)/atollic/truestudio for stm32 9.3.0/armtools/bin/../lib/gcc/arm-atollic-eabi/6.3.1/../../../../arm-atollic-eabi/lib/armv7e-m/fpu\libc_nano.a(lib_a-mbtowc_r.o)
 .ARM.attributes
                0x00000a5d       0x34 c:/program files (x86)/atollic/truestudio for stm32 9.3.0/armtools/bin/../lib/gcc/arm-atollic-eabi/6.3.1/../../../../arm-atollic-eabi/lib/armv7e-m/fpu\libc_nano.a(lib_a-memmove.o)
 .ARM.attributes
                0x00000a91       0x34 c:/program files (x86)/atollic/truestudio for stm32 9.3.0/armtools/bin/../lib/gcc/arm-atollic-eabi/6.3.1/../../../../arm-atollic-eabi/lib/armv7e-m/fpu\libc_nano.a(lib_a-mlock.o)
 .ARM.attributes
                0x00000ac5       0x34 c:/program files (x86)/atollic/truestudio for stm32 9.3.0/armtools/bin/../lib/gcc/arm-atollic-eabi/6.3.1/../../../../arm-atollic-eabi/lib/armv7e-m/fpu\libc_nano.a(lib_a-nano-reallocr.o)
 .ARM.attributes
                0x00000af9       0x34 c:/program files (x86)/atollic/truestudio for stm32 9.3.0/armtools/bin/../lib/gcc/arm-atollic-eabi/6.3.1/../../../../arm-atollic-eabi/lib/armv7e-m/fpu\libc_nano.a(lib_a-reent.o)
 .ARM.attributes
                0x00000b2d       0x34 c:/program files (x86)/atollic/truestudio for stm32 9.3.0/armtools/bin/../lib/gcc/arm-atollic-eabi/6.3.1/../../../../arm-atollic-eabi/lib/armv7e-m/fpu\libc_nano.a(lib_a-wctomb_r.o)
 .ARM.attributes
                0x00000b61       0x34 c:/program files (x86)/atollic/truestudio for stm32 9.3.0/armtools/bin/../lib/gcc/arm-atollic-eabi/6.3.1/../../../../arm-atollic-eabi/lib/armv7e-m/fpu\libc_nano.a(lib_a-ctype_.o)
 .ARM.attributes
                0x00000b95       0x34 c:/program files (x86)/atollic/truestudio for stm32 9.3.0/armtools/bin/../lib/gcc/arm-atollic-eabi/6.3.1/../../../../arm-atollic-eabi/lib/armv7e-m/fpu\libc_nano.a(lib_a-nano-msizer.o)
 .ARM.attributes
                0x00000bc9       0x34 c:/program files (x86)/atollic/truestudio for stm32 9.3.0/armtools/bin/../lib/gcc/arm-atollic-eabi/6.3.1/../../../../arm-atollic-eabi/lib/armv7e-m/fpu\libm.a(lib_a-wf_pow.o)
 .ARM.attributes
                0x00000bfd       0x34 c:/program files (x86)/atollic/truestudio for stm32 9.3.0/armtools/bin/../lib/gcc/arm-atollic-eabi/6.3.1/../../../../arm-atollic-eabi/lib/armv7e-m/fpu\libm.a(lib_a-ef_pow.o)
 .ARM.attributes
                0x00000c31       0x34 c:/program files (x86)/atollic/truestudio for stm32 9.3.0/armtools/bin/../lib/gcc/arm-atollic-eabi/6.3.1/../../../../arm-atollic-eabi/lib/armv7e-m/fpu\libm.a(lib_a-ef_sqrt.o)
 .ARM.attributes
                0x00000c65       0x34 c:/program files (x86)/atollic/truestudio for stm32 9.3.0/armtools/bin/../lib/gcc/arm-atollic-eabi/6.3.1/../../../../arm-atollic-eabi/lib/armv7e-m/fpu\libm.a(lib_a-s_lib_ver.o)
 .ARM.attributes
                0x00000c99       0x34 c:/program files (x86)/atollic/truestudio for stm32 9.3.0/armtools/bin/../lib/gcc/arm-atollic-eabi/6.3.1/../../../../arm-atollic-eabi/lib/armv7e-m/fpu\libm.a(lib_a-s_matherr.o)
 .ARM.attributes
                0x00000ccd       0x34 c:/program files (x86)/atollic/truestudio for stm32 9.3.0/armtools/bin/../lib/gcc/arm-atollic-eabi/6.3.1/../../../../arm-atollic-eabi/lib/armv7e-m/fpu\libm.a(lib_a-s_rint.o)
 .ARM.attributes
                0x00000d01       0x34 c:/program files (x86)/atollic/truestudio for stm32 9.3.0/armtools/bin/../lib/gcc/arm-atollic-eabi/6.3.1/../../../../arm-atollic-eabi/lib/armv7e-m/fpu\libm.a(lib_a-sf_fabs.o)
 .ARM.attributes
                0x00000d35       0x34 c:/program files (x86)/atollic/truestudio for stm32 9.3.0/armtools/bin/../lib/gcc/arm-atollic-eabi/6.3.1/../../../../arm-atollic-eabi/lib/armv7e-m/fpu\libm.a(lib_a-sf_finite.o)
 .ARM.attributes
                0x00000d69       0x34 c:/program files (x86)/atollic/truestudio for stm32 9.3.0/armtools/bin/../lib/gcc/arm-atollic-eabi/6.3.1/../../../../arm-atollic-eabi/lib/armv7e-m/fpu\libm.a(lib_a-sf_nan.o)
 .ARM.attributes
                0x00000d9d       0x34 c:/program files (x86)/atollic/truestudio for stm32 9.3.0/armtools/bin/../lib/gcc/arm-atollic-eabi/6.3.1/../../../../arm-atollic-eabi/lib/armv7e-m/fpu\libm.a(lib_a-sf_scalbn.o)
 .ARM.attributes
                0x00000dd1       0x34 c:/program files (x86)/atollic/truestudio for stm32 9.3.0/armtools/bin/../lib/gcc/arm-atollic-eabi/6.3.1/../../../../arm-atollic-eabi/lib/armv7e-m/fpu\libm.a(lib_a-sf_copysign.o)
 .ARM.attributes
                0x00000e05       0x34 c:/program files (x86)/atollic/truestudio for stm32 9.3.0/armtools/bin/../lib/gcc/arm-atollic-eabi/6.3.1/../../../../arm-atollic-eabi/lib/armv7e-m/fpu\libc_nano.a(lib_a-errno.o)
 .ARM.attributes
                0x00000e39       0x22 c:/program files (x86)/atollic/truestudio for stm32 9.3.0/armtools/bin/../lib/gcc/arm-atollic-eabi/6.3.1/armv7e-m/fpu\libgcc.a(_arm_addsubdf3.o)
 .ARM.attributes
                0x00000e5b       0x22 c:/program files (x86)/atollic/truestudio for stm32 9.3.0/armtools/bin/../lib/gcc/arm-atollic-eabi/6.3.1/armv7e-m/fpu\libgcc.a(_arm_muldivdf3.o)
 .ARM.attributes
                0x00000e7d       0x22 c:/program files (x86)/atollic/truestudio for stm32 9.3.0/armtools/bin/../lib/gcc/arm-atollic-eabi/6.3.1/armv7e-m/fpu\libgcc.a(_arm_cmpdf2.o)
 .ARM.attributes
                0x00000e9f       0x22 c:/program files (x86)/atollic/truestudio for stm32 9.3.0/armtools/bin/../lib/gcc/arm-atollic-eabi/6.3.1/armv7e-m/fpu\libgcc.a(_arm_unorddf2.o)
 .ARM.attributes
                0x00000ec1       0x22 c:/program files (x86)/atollic/truestudio for stm32 9.3.0/armtools/bin/../lib/gcc/arm-atollic-eabi/6.3.1/armv7e-m/fpu\libgcc.a(_arm_fixdfsi.o)
 .ARM.attributes
                0x00000ee3       0x22 c:/program files (x86)/atollic/truestudio for stm32 9.3.0/armtools/bin/../lib/gcc/arm-atollic-eabi/6.3.1/armv7e-m/fpu\libgcc.a(_arm_truncdfsf2.o)
 .ARM.attributes
                0x00000f05       0x22 c:/program files (x86)/atollic/truestudio for stm32 9.3.0/armtools/bin/../lib/gcc/arm-atollic-eabi/6.3.1/armv7e-m/fpu\libgcc.a(_aeabi_ldivmod.o)
 .ARM.attributes
                0x00000f27       0x22 c:/program files (x86)/atollic/truestudio for stm32 9.3.0/armtools/bin/../lib/gcc/arm-atollic-eabi/6.3.1/armv7e-m/fpu\libgcc.a(_aeabi_uldivmod.o)
 .ARM.attributes
                0x00000f49       0x34 c:/program files (x86)/atollic/truestudio for stm32 9.3.0/armtools/bin/../lib/gcc/arm-atollic-eabi/6.3.1/armv7e-m/fpu\libgcc.a(_udivmoddi4.o)
 .ARM.attributes
                0x00000f7d       0x22 c:/program files (x86)/atollic/truestudio for stm32 9.3.0/armtools/bin/../lib/gcc/arm-atollic-eabi/6.3.1/armv7e-m/fpu\libgcc.a(_dvmd_tls.o)
 .ARM.attributes
                0x00000f9f       0x34 c:/program files (x86)/atollic/truestudio for stm32 9.3.0/armtools/bin/../lib/gcc/arm-atollic-eabi/6.3.1/../../../../arm-atollic-eabi/lib/armv7e-m/fpu\libnosys.a(sbrk.o)
 .ARM.attributes
                0x00000fd3       0x22 c:/program files (x86)/atollic/truestudio for stm32 9.3.0/armtools/bin/../lib/gcc/arm-atollic-eabi/6.3.1/armv7e-m/fpu/crtn.o
OUTPUT(CanSatNew.elf elf32-littlearm)

.debug_info     0x00000000    0x26705
 .debug_info    0x00000000      0xa02 Drivers\STM32F4xx_HAL_Driver\Src\stm32f4xx_hal.o
 .debug_info    0x00000a02      0xf78 Drivers\STM32F4xx_HAL_Driver\Src\stm32f4xx_hal_cortex.o
 .debug_info    0x0000197a      0xa9d Drivers\STM32F4xx_HAL_Driver\Src\stm32f4xx_hal_dma.o
 .debug_info    0x00002417      0x7c6 Drivers\STM32F4xx_HAL_Driver\Src\stm32f4xx_hal_gpio.o
 .debug_info    0x00002bdd     0x3412 Drivers\STM32F4xx_HAL_Driver\Src\stm32f4xx_hal_i2c.o
 .debug_info    0x00005fef      0xaad Drivers\STM32F4xx_HAL_Driver\Src\stm32f4xx_hal_rcc.o
 .debug_info    0x00006a9c     0x2362 Drivers\STM32F4xx_HAL_Driver\Src\stm32f4xx_hal_sd.o
 .debug_info    0x00008dfe     0x1deb Drivers\STM32F4xx_HAL_Driver\Src\stm32f4xx_hal_spi.o
 .debug_info    0x0000abe9     0x16b0 Drivers\STM32F4xx_HAL_Driver\Src\stm32f4xx_hal_uart.o
 .debug_info    0x0000c299     0x17c9 Drivers\STM32F4xx_HAL_Driver\Src\stm32f4xx_ll_sdmmc.o
 .debug_info    0x0000da62      0xd1f Middlewares\Third_Party\FatFs\src\diskio.o
 .debug_info    0x0000e781     0x508e Middlewares\Third_Party\FatFs\src\ff.o
 .debug_info    0x0001380f      0xd55 Middlewares\Third_Party\FatFs\src\ff_gen_drv.o
 .debug_info    0x00014564     0x75dd Src\bmi160.o
 .debug_info    0x0001bb41     0x1380 Src\bmp280.o
 .debug_info    0x0001cec1      0xbbe Src\bsp_driver_sd.o
 .debug_info    0x0001da7f      0xdaa Src\fatfs.o
 .debug_info    0x0001e829      0x54d Src\gpio.o
 .debug_info    0x0001ed76      0xa58 Src\i2c.o
 .debug_info    0x0001f7ce     0x2d0e Src\main.o
 .debug_info    0x000224dc      0xf3f Src\sd_diskio.o
 .debug_info    0x0002341b      0xac6 Src\sdio.o
 .debug_info    0x00023ee1      0xa2f Src\spi.o
 .debug_info    0x00024910      0x493 Src\stm32f4xx_hal_msp.o
 .debug_info    0x00024da3      0x6b4 Src\stm32f4xx_it.o
 .debug_info    0x00025457      0x55b Src\system_stm32f4xx.o
 .debug_info    0x000259b2      0xcef Src\usart.o
 .debug_info    0x000266a1       0x64 startup\startup_stm32f405xx.o

.debug_abbrev   0x00000000     0x44f3
 .debug_abbrev  0x00000000      0x239 Drivers\STM32F4xx_HAL_Driver\Src\stm32f4xx_hal.o
 .debug_abbrev  0x00000239      0x314 Drivers\STM32F4xx_HAL_Driver\Src\stm32f4xx_hal_cortex.o
 .debug_abbrev  0x0000054d      0x2e8 Drivers\STM32F4xx_HAL_Driver\Src\stm32f4xx_hal_dma.o
 .debug_abbrev  0x00000835      0x1ef Drivers\STM32F4xx_HAL_Driver\Src\stm32f4xx_hal_gpio.o
 .debug_abbrev  0x00000a24      0x38a Drivers\STM32F4xx_HAL_Driver\Src\stm32f4xx_hal_i2c.o
 .debug_abbrev  0x00000dae      0x2cb Drivers\STM32F4xx_HAL_Driver\Src\stm32f4xx_hal_rcc.o
 .debug_abbrev  0x00001079      0x375 Drivers\STM32F4xx_HAL_Driver\Src\stm32f4xx_hal_sd.o
 .debug_abbrev  0x000013ee      0x335 Drivers\STM32F4xx_HAL_Driver\Src\stm32f4xx_hal_spi.o
 .debug_abbrev  0x00001723      0x313 Drivers\STM32F4xx_HAL_Driver\Src\stm32f4xx_hal_uart.o
 .debug_abbrev  0x00001a36      0x2a4 Drivers\STM32F4xx_HAL_Driver\Src\stm32f4xx_ll_sdmmc.o
 .debug_abbrev  0x00001cda      0x23d Middlewares\Third_Party\FatFs\src\diskio.o
 .debug_abbrev  0x00001f17      0x3ed Middlewares\Third_Party\FatFs\src\ff.o
 .debug_abbrev  0x00002304      0x2a5 Middlewares\Third_Party\FatFs\src\ff_gen_drv.o
 .debug_abbrev  0x000025a9      0x45b Src\bmi160.o
 .debug_abbrev  0x00002a04      0x34f Src\bmp280.o
 .debug_abbrev  0x00002d53      0x2a5 Src\bsp_driver_sd.o
 .debug_abbrev  0x00002ff8      0x204 Src\fatfs.o
 .debug_abbrev  0x000031fc      0x166 Src\gpio.o
 .debug_abbrev  0x00003362      0x1c7 Src\i2c.o
 .debug_abbrev  0x00003529      0x398 Src\main.o
 .debug_abbrev  0x000038c1      0x2dd Src\sd_diskio.o
 .debug_abbrev  0x00003b9e      0x1dd Src\sdio.o
 .debug_abbrev  0x00003d7b      0x1c5 Src\spi.o
 .debug_abbrev  0x00003f40       0xec Src\stm32f4xx_hal_msp.o
 .debug_abbrev  0x0000402c      0x1b1 Src\stm32f4xx_it.o
 .debug_abbrev  0x000041dd      0x126 Src\system_stm32f4xx.o
 .debug_abbrev  0x00004303      0x1de Src\usart.o
 .debug_abbrev  0x000044e1       0x12 startup\startup_stm32f405xx.o

.debug_loc      0x00000000    0x15cd0
 .debug_loc     0x00000000      0x12e Drivers\STM32F4xx_HAL_Driver\Src\stm32f4xx_hal.o
 .debug_loc     0x0000012e      0x4fb Drivers\STM32F4xx_HAL_Driver\Src\stm32f4xx_hal_cortex.o
 .debug_loc     0x00000629      0x727 Drivers\STM32F4xx_HAL_Driver\Src\stm32f4xx_hal_dma.o
 .debug_loc     0x00000d50      0x357 Drivers\STM32F4xx_HAL_Driver\Src\stm32f4xx_hal_gpio.o
 .debug_loc     0x000010a7     0x3009 Drivers\STM32F4xx_HAL_Driver\Src\stm32f4xx_hal_i2c.o
 .debug_loc     0x000040b0      0x346 Drivers\STM32F4xx_HAL_Driver\Src\stm32f4xx_hal_rcc.o
 .debug_loc     0x000043f6     0x18ff Drivers\STM32F4xx_HAL_Driver\Src\stm32f4xx_hal_sd.o
 .debug_loc     0x00005cf5     0x1830 Drivers\STM32F4xx_HAL_Driver\Src\stm32f4xx_hal_spi.o
 .debug_loc     0x00007525     0x1350 Drivers\STM32F4xx_HAL_Driver\Src\stm32f4xx_hal_uart.o
 .debug_loc     0x00008875      0xcd6 Drivers\STM32F4xx_HAL_Driver\Src\stm32f4xx_ll_sdmmc.o
 .debug_loc     0x0000954b      0x1c6 Middlewares\Third_Party\FatFs\src\diskio.o
 .debug_loc     0x00009711     0x5161 Middlewares\Third_Party\FatFs\src\ff.o
 .debug_loc     0x0000e872      0x216 Middlewares\Third_Party\FatFs\src\ff_gen_drv.o
 .debug_loc     0x0000ea88     0x5e4c Src\bmi160.o
 .debug_loc     0x000148d4      0x8ae Src\bmp280.o
 .debug_loc     0x00015182      0x3c6 Src\bsp_driver_sd.o
 .debug_loc     0x00015548       0x4d Src\i2c.o
 .debug_loc     0x00015595      0x161 Src\main.o
 .debug_loc     0x000156f6      0x3a5 Src\sd_diskio.o
 .debug_loc     0x00015a9b       0x4d Src\sdio.o
 .debug_loc     0x00015ae8       0x4d Src\spi.o
 .debug_loc     0x00015b35      0x11c Src\system_stm32f4xx.o
 .debug_loc     0x00015c51       0x7f Src\usart.o

.debug_aranges  0x00000000     0x10f0
 .debug_aranges
                0x00000000       0xe8 Drivers\STM32F4xx_HAL_Driver\Src\stm32f4xx_hal.o
 .debug_aranges
                0x000000e8       0xa8 Drivers\STM32F4xx_HAL_Driver\Src\stm32f4xx_hal_cortex.o
 .debug_aranges
                0x00000190       0x80 Drivers\STM32F4xx_HAL_Driver\Src\stm32f4xx_hal_dma.o
 .debug_aranges
                0x00000210       0x58 Drivers\STM32F4xx_HAL_Driver\Src\stm32f4xx_hal_gpio.o
 .debug_aranges
                0x00000268      0x1b8 Drivers\STM32F4xx_HAL_Driver\Src\stm32f4xx_hal_i2c.o
 .debug_aranges
                0x00000420       0x88 Drivers\STM32F4xx_HAL_Driver\Src\stm32f4xx_hal_rcc.o
 .debug_aranges
                0x000004a8       0xf0 Drivers\STM32F4xx_HAL_Driver\Src\stm32f4xx_hal_sd.o
 .debug_aranges
                0x00000598      0x188 Drivers\STM32F4xx_HAL_Driver\Src\stm32f4xx_hal_spi.o
 .debug_aranges
                0x00000720      0x170 Drivers\STM32F4xx_HAL_Driver\Src\stm32f4xx_hal_uart.o
 .debug_aranges
                0x00000890      0x150 Drivers\STM32F4xx_HAL_Driver\Src\stm32f4xx_ll_sdmmc.o
 .debug_aranges
                0x000009e0       0x48 Middlewares\Third_Party\FatFs\src\diskio.o
 .debug_aranges
                0x00000a28      0x1b8 Middlewares\Third_Party\FatFs\src\ff.o
 .debug_aranges
                0x00000be0       0x40 Middlewares\Third_Party\FatFs\src\ff_gen_drv.o
 .debug_aranges
                0x00000c20      0x180 Src\bmi160.o
 .debug_aranges
                0x00000da0       0x60 Src\bmp280.o
 .debug_aranges
                0x00000e00       0x90 Src\bsp_driver_sd.o
 .debug_aranges
                0x00000e90       0x28 Src\fatfs.o
 .debug_aranges
                0x00000eb8       0x20 Src\gpio.o
 .debug_aranges
                0x00000ed8       0x30 Src\i2c.o
 .debug_aranges
                0x00000f08       0x48 Src\main.o
 .debug_aranges
                0x00000f50       0x48 Src\sd_diskio.o
 .debug_aranges
                0x00000f98       0x30 Src\sdio.o
 .debug_aranges
                0x00000fc8       0x30 Src\spi.o
 .debug_aranges
                0x00000ff8       0x20 Src\stm32f4xx_hal_msp.o
 .debug_aranges
                0x00001018       0x50 Src\stm32f4xx_it.o
 .debug_aranges
                0x00001068       0x28 Src\system_stm32f4xx.o
 .debug_aranges
                0x00001090       0x38 Src\usart.o
 .debug_aranges
                0x000010c8       0x28 startup\startup_stm32f405xx.o

.debug_ranges   0x00000000     0x1be8
 .debug_ranges  0x00000000       0xd8 Drivers\STM32F4xx_HAL_Driver\Src\stm32f4xx_hal.o
 .debug_ranges  0x000000d8      0x128 Drivers\STM32F4xx_HAL_Driver\Src\stm32f4xx_hal_cortex.o
 .debug_ranges  0x00000200       0xc8 Drivers\STM32F4xx_HAL_Driver\Src\stm32f4xx_hal_dma.o
 .debug_ranges  0x000002c8       0x68 Drivers\STM32F4xx_HAL_Driver\Src\stm32f4xx_hal_gpio.o
 .debug_ranges  0x00000330      0x3c0 Drivers\STM32F4xx_HAL_Driver\Src\stm32f4xx_hal_i2c.o
 .debug_ranges  0x000006f0       0xb0 Drivers\STM32F4xx_HAL_Driver\Src\stm32f4xx_hal_rcc.o
 .debug_ranges  0x000007a0      0x1d0 Drivers\STM32F4xx_HAL_Driver\Src\stm32f4xx_hal_sd.o
 .debug_ranges  0x00000970      0x238 Drivers\STM32F4xx_HAL_Driver\Src\stm32f4xx_hal_spi.o
 .debug_ranges  0x00000ba8      0x178 Drivers\STM32F4xx_HAL_Driver\Src\stm32f4xx_hal_uart.o
 .debug_ranges  0x00000d20      0x1b8 Drivers\STM32F4xx_HAL_Driver\Src\stm32f4xx_ll_sdmmc.o
 .debug_ranges  0x00000ed8       0x38 Middlewares\Third_Party\FatFs\src\diskio.o
 .debug_ranges  0x00000f10      0x430 Middlewares\Third_Party\FatFs\src\ff.o
 .debug_ranges  0x00001340       0x30 Middlewares\Third_Party\FatFs\src\ff_gen_drv.o
 .debug_ranges  0x00001370      0x4d8 Src\bmi160.o
 .debug_ranges  0x00001848       0x88 Src\bmp280.o
 .debug_ranges  0x000018d0       0x80 Src\bsp_driver_sd.o
 .debug_ranges  0x00001950       0x18 Src\fatfs.o
 .debug_ranges  0x00001968       0x40 Src\gpio.o
 .debug_ranges  0x000019a8       0x20 Src\i2c.o
 .debug_ranges  0x000019c8       0x70 Src\main.o
 .debug_ranges  0x00001a38       0x50 Src\sd_diskio.o
 .debug_ranges  0x00001a88       0x40 Src\sdio.o
 .debug_ranges  0x00001ac8       0x40 Src\spi.o
 .debug_ranges  0x00001b08       0x10 Src\stm32f4xx_hal_msp.o
 .debug_ranges  0x00001b18       0x40 Src\stm32f4xx_it.o
 .debug_ranges  0x00001b58       0x18 Src\system_stm32f4xx.o
 .debug_ranges  0x00001b70       0x58 Src\usart.o
 .debug_ranges  0x00001bc8       0x20 startup\startup_stm32f405xx.o
