bmi160.c:3092:15:null_ptr_check	0	static
bmi160.c:5834:13:unpack_gyro_data.isra.6	12	static
bmi160.c:5484:13:unpack_accel_frame.isra.4	16	static
bmi160.c:5729:13:unpack_gyro_frame.isra.7	16	static
bmi160.c:6085:13:unpack_aux_data.isra.9	0	static
bmi160.c:5978:13:unpack_aux_frame.isra.10	16	static
bmi160.c:6178:13:check_frame_validity.isra.11	8	static
bmi160.c:6197:13:move_next_frame.isra.12	0	static
bmi160.c:6216:13:unpack_sensortime_frame.isra.13	16	static
bmi160.c:6244:13:unpack_skipped_frame.isra.14	0	static
bmi160.c:1360:8:bmi160_get_regs	24	dynamic
bmi160.c:6264:15:get_foc_status	16	static
bmi160.c:1413:8:bmi160_set_regs	32	static
bmi160.c:3840:15:map_feature_interrupt	24	static
bmi160.c:3885:15:map_hardware_interrupt	24	static
bmi160.c:3074:15:set_intr_pin_config	24	static
bmi160.c:1527:8:bmi160_soft_reset	24	static
bmi160.c:1471:8:bmi160_init	24	static
bmi160.c:1595:8:bmi160_set_power_mode	24	static
bmi160.c:1562:8:bmi160_set_sens_conf	24	static
bmi160.c:1619:8:bmi160_get_power_mode	16	static
bmi160.c:1648:8:bmi160_get_sensor_data	40	static
bmi160.c:1725:8:bmi160_set_int_config	32	static
bmi160.c:1809:8:bmi160_set_step_counter	24	static
bmi160.c:1843:8:bmi160_read_step_counter	16	static
bmi160.c:1874:8:bmi160_aux_read	72	static
bmi160.c:1907:8:bmi160_aux_write	40	static
bmi160.c:2023:8:bmi160_config_aux_mode	24	static
bmi160.c:1945:8:bmi160_aux_init	16	static
bmi160.c:1976:8:bmi160_set_aux_auto_mode	24	static
bmi160.c:2050:8:bmi160_read_aux_data_auto_mode	8	static
bmi160.c:2079:8:bmi160_perform_self_test	56	static
bmi160.c:2143:8:bmi160_get_fifo_data	16	static
bmi160.c:2189:8:bmi160_set_fifo_flush	16	static
bmi160.c:2211:8:bmi160_set_fifo_config	24	static
bmi160.c:2269:8:bmi160_set_fifo_down	24	static
bmi160.c:2297:8:bmi160_set_fifo_wm	16	static
bmi160.c:2321:8:bmi160_extract_accel	40	static
bmi160.c:2369:8:bmi160_extract_gyro	40	static
bmi160.c:2417:8:bmi160_extract_aux	40	static
bmi160.c:2518:8:bmi160_get_offsets	24	static
bmi160.c:2469:8:bmi160_start_foc	40	static
bmi160.c:2580:8:bmi160_set_offsets	24	static
bmi160.c:2627:8:bmi160_update_nvm	24	static
bmi160.c:2668:8:bmi160_get_int_status	16	static
