lora_sx1276.c:88:20:read_register	32	static
lora_sx1276.c:111:17:write_register	24	static
lora_sx1276.c:181:13:set_OCP	0	static
lora_sx1276.c:203:13:set_low_data_rate_optimization	16	static
lora_sx1276.c:551:16:lora_receive_packet_base	40	static
lora_sx1276.c:446:16:lora_send_packet_base.part.1	32	static
lora_sx1276.c:221:6:lora_mode_sleep	0	static
lora_sx1276.c:228:6:lora_mode_receive_continious	8	static
lora_sx1276.c:240:6:lora_mode_receive_single	8	static
lora_sx1276.c:252:6:lora_mode_standby	0	static
lora_sx1276.c:259:6:lora_set_implicit_header_mode	8	static
lora_sx1276.c:268:6:lora_set_explicit_header_mode	8	static
lora_sx1276.c:277:6:lora_set_tx_power	16	static
lora_sx1276.c:326:6:lora_set_frequency	16	static
lora_sx1276.c:338:9:lora_packet_rssi	8	static
lora_sx1276.c:347:9:lora_packet_snr	8	static
lora_sx1276.c:356:6:lora_set_signal_bandwidth	16	static
lora_sx1276.c:370:6:lora_set_spreading_factor	16	static
lora_sx1276.c:396:6:lora_set_crc	16	static
lora_sx1276.c:411:6:lora_set_coding_rate	16	static
lora_sx1276.c:422:6:lora_set_preamble_length	16	static
lora_sx1276.c:430:9:lora_version	0	static
lora_sx1276.c:437:9:lora_is_transmitting	8	static
lora_sx1276.c:476:9:lora_send_packet	16	static
lora_sx1276.c:481:9:lora_send_packet_dma_start	16	static
lora_sx1276.c:487:7:lora_send_packet_dma_complete	8	static
lora_sx1276.c:495:9:lora_send_packet_blocking	24	static
lora_sx1276.c:521:6:lora_set_rx_symbol_timeout	16	static
lora_sx1276.c:541:9:lora_is_packet_available	8	static
lora_sx1276.c:606:9:lora_receive_packet	16	static
lora_sx1276.c:611:9:lora_receive_packet_dma_start	16	static
lora_sx1276.c:616:6:lora_receive_packet_dma_complete	0	static
lora_sx1276.c:622:9:lora_receive_packet_blocking	32	static
lora_sx1276.c:641:6:lora_enable_interrupt_rx_done	0	static
lora_sx1276.c:649:6:lora_enable_interrupt_tx_done	0	static
lora_sx1276.c:657:9:lora_init	24	static
