SX1278.c:24:13:SX1278_hw_SetNSS	0	static
SX1278.c:19:13:SX1278_hw_init	8	static
SX1278.c:40:13:SX1278_hw_SPICommand	24	static
SX1278.c:100:6:SX1278_SPIBurstWrite.part.1	24	static
SX1278.c:47:16:SX1278_hw_SPIReadByte	32	static
SX1278.c:58:13:SX1278_hw_DelayMs	0	static
SX1278.c:29:13:SX1278_hw_Reset	8	static
SX1278.c:62:12:SX1278_hw_GetDIO0	8	static
SX1278.c:70:9:SX1278_SPIRead	16	static
SX1278.c:78:6:SX1278_SPIWrite	16	static
SX1278.c:85:6:SX1278_SPIBurstRead	24	static
SX1278.c:100:6:SX1278_SPIBurstWrite	0	static
SX1278.c:171:6:SX1278_standby	8	static
SX1278.c:176:6:SX1278_sleep	8	static
SX1278.c:181:6:SX1278_entryLoRa	0	static
SX1278.c:120:6:SX1278_config	24	static
SX1278.c:115:6:SX1278_defaultConfig	16	static
SX1278.c:185:6:SX1278_clearLoRaIrq	0	static
SX1278.c:189:5:SX1278_LoRaEntryRx	16	static
SX1278.c:221:9:SX1278_LoRaRxPacket	16	static
SX1278.c:244:5:SX1278_LoRaEntryTx	16	static
SX1278.c:275:5:SX1278_LoRaTxPacket	16	static
SX1278.c:299:6:SX1278_begin	32	static
SX1278.c:310:5:SX1278_transmit	8	static
SX1278.c:318:5:SX1278_receive	0	static
SX1278.c:322:9:SX1278_available	0	static
SX1278.c:326:9:SX1278_read	16	static
SX1278.c:335:9:SX1278_RSSI_LoRa	8	static
SX1278.c:342:9:SX1278_RSSI	8	static
