sx1276-LoRaMisc.c:48:6:SX1276LoRaSetRFFrequency	0	static
sx1276-LoRaMisc.c:63:10:SX1276LoRaGetRFFrequency	8	static
sx1276-LoRaMisc.c:72:6:SX1276LoRaSetRFPower	16	static
sx1276-LoRaMisc.c:123:8:SX1276LoRaGetRFPower	8	static
sx1276-LoRaMisc.c:146:6:SX1276LoRaSetSignalBandwidth	16	static
sx1276-LoRaMisc.c:154:9:SX1276LoRaGetSignalBandwidth	8	static
sx1276-LoRaMisc.c:188:9:SX1276LoRaGetSpreadingFactor	8	static
sx1276-LoRaMisc.c:195:6:SX1276LoRaSetErrorCoding	16	static
sx1276-LoRaMisc.c:203:9:SX1276LoRaGetErrorCoding	8	static
sx1276-LoRaMisc.c:210:6:SX1276LoRaSetPacketCrcOn	16	static
sx1276-LoRaMisc.c:218:6:SX1276LoRaSetPreambleLength	16	static
sx1276-LoRaMisc.c:227:10:SX1276LoRaGetPreambleLength	8	static
sx1276-LoRaMisc.c:233:9:SX1276LoRaGetPacketCrcOn	8	static
sx1276-LoRaMisc.c:240:6:SX1276LoRaSetImplicitHeaderOn	16	static
sx1276-LoRaMisc.c:248:9:SX1276LoRaGetImplicitHeaderOn	8	static
sx1276-LoRaMisc.c:255:6:SX1276LoRaSetRxSingleOn	0	static
sx1276-LoRaMisc.c:260:9:SX1276LoRaGetRxSingleOn	0	static
sx1276-LoRaMisc.c:265:6:SX1276LoRaSetFreqHopOn	0	static
sx1276-LoRaMisc.c:270:9:SX1276LoRaGetFreqHopOn	0	static
sx1276-LoRaMisc.c:275:6:SX1276LoRaSetHopPeriod	8	static
sx1276-LoRaMisc.c:282:9:SX1276LoRaGetHopPeriod	8	static
sx1276-LoRaMisc.c:289:6:SX1276LoRaSetTxPacketTimeout	0	static
sx1276-LoRaMisc.c:294:10:SX1276LoRaGetTxPacketTimeout	0	static
sx1276-LoRaMisc.c:299:6:SX1276LoRaSetRxPacketTimeout	0	static
sx1276-LoRaMisc.c:304:10:SX1276LoRaGetRxPacketTimeout	0	static
sx1276-LoRaMisc.c:309:6:SX1276LoRaSetPayloadLength	8	static
sx1276-LoRaMisc.c:316:9:SX1276LoRaGetPayloadLength	8	static
sx1276-LoRaMisc.c:323:6:SX1276LoRaSetPa20dBm	16	static
sx1276-LoRaMisc.c:342:9:SX1276LoRaGetPa20dBm	8	static
sx1276-LoRaMisc.c:349:6:SX1276LoRaSetPAOutput	16	static
sx1276-LoRaMisc.c:356:9:SX1276LoRaGetPAOutput	8	static
sx1276-LoRaMisc.c:362:6:SX1276LoRaSetPaRamp	16	static
sx1276-LoRaMisc.c:369:9:SX1276LoRaGetPaRamp	8	static
sx1276-LoRaMisc.c:375:6:SX1276LoRaSetSymbTimeout	16	static
sx1276-LoRaMisc.c:384:10:SX1276LoRaGetSymbTimeout	8	static
sx1276-LoRaMisc.c:390:6:SX1276LoRaSetLowDatarateOptimize	16	static
sx1276-LoRaMisc.c:397:9:SX1276LoRaGetLowDatarateOptimize	8	static
sx1276-LoRaMisc.c:403:6:SX1276LoRaSetNbTrigPeaks	16	static
sx1276-LoRaMisc.c:161:6:SX1276LoRaSetSpreadingFactor	16	static
sx1276-LoRaMisc.c:410:9:SX1276LoRaGetNbTrigPeaks	8	static
