sx1276.c:76:6:SX1276Reset	8	static
sx1276.c:91:6:SX1276SetLoRaOn	16	static
sx1276.c:39:6:SX1276Init	16	static
sx1276.c:129:9:SX1276GetLoRaOn	0	static
sx1276.c:134:6:SX1276SetOpMode	0	static
sx1276.c:146:9:SX1276GetOpMode	0	static
sx1276.c:158:8:SX1276ReadRssi	0	static
sx1276.c:170:9:SX1276ReadRxGain	0	static
sx1276.c:182:9:SX1276GetPacketRxGain	0	static
sx1276.c:194:8:SX1276GetPacketSnr	0	static
sx1276.c:210:8:SX1276GetPacketRssi	0	static
sx1276.c:222:10:SX1276GetPacketAfc	0	static
sx1276.c:238:6:SX1276StartRx	0	static
sx1276.c:250:6:SX1276GetRxPacket	0	static
sx1276.c:262:6:SX1276SetTxPacket	0	static
sx1276.c:274:9:SX1276GetRFState	0	static
sx1276.c:286:6:SX1276SetRFState	0	static
sx1276.c:298:10:SX1276Process	0	static
