sx1276_7_8.c:88:6:SPICmd8bit	16	static
sx1276_7_8.c:128:6:BurstWrite.part.1	16	static
sx1276_7_8.c:93:9:SPIRead8bit	16	static
sx1276_7_8.c:100:6:SPIWrite	16	static
sx1276_7_8.c:107:9:SPIRead	8	static
sx1276_7_8.c:115:6:SPIBurstRead	16	static
sx1276_7_8.c:128:6:BurstWrite	0	static
sx1276_7_8.c:148:6:sx1276_7_8_Standby	0	static
sx1276_7_8.c:160:6:sx1276_7_8_Sleep	0	static
sx1276_7_8.c:175:6:sx1276_7_8_EntryLoRa	0	static
sx1276_7_8.c:187:6:sx1276_7_8_LoRaClearIrq	0	static
sx1276_7_8.c:234:9:sx1276_7_8_LoRaReadRSSI	8	static
sx1276_7_8.c:249:9:sx1276_7_8_LoRaRxPacket	8	static
sx1276_7_8.c:327:9:sx1276_7_8_LoRaTxPacket	8	static
sx1276_7_8.c:357:9:sx1276_7_8_ReadRSSI	8	static
sx1276_7_8.c:372:6:sx1276_7_8_Config	16	static
sx1276_7_8.c:198:9:sx1276_7_8_LoRaEntryRx	8	static
sx1276_7_8.c:290:9:sx1276_7_8_LoRaEntryTx	8	static
