sx1276-Hal.c:84:6:Set_RF_Switch_RX	8	static
sx1276-Hal.c:90:6:Set_RF_Switch_TX	8	static
sx1276-Hal.c:96:6:SX1276SetReset	0	static
sx1276-Hal.c:109:6:SPICommand	16	static
sx1276-Hal.c:115:6:SX1276Write	16	static
sx1276-Hal.c:123:9:SPIReadByte	24	static
sx1276-Hal.c:133:6:SX1276Read	16	static
sx1276-Hal.c:141:6:SX1276WriteBuffer	16	static
sx1276-Hal.c:156:6:SX1276ReadBuffer	16	static
sx1276-Hal.c:171:6:SX1276WriteFifo	0	static
sx1276-Hal.c:176:6:SX1276ReadFifo	0	static
sx1276-Hal.c:181:9:SX1276ReadDio0	0	static
sx1276-Hal.c:206:9:SX1276ReadDio5	0	static
sx1276-Hal.c:201:9:SX1276ReadDio4	0	static
sx1276-Hal.c:196:9:SX1276ReadDio3	0	static
sx1276-Hal.c:191:9:SX1276ReadDio2	0	static
sx1276-Hal.c:186:9:SX1276ReadDio1	0	static
sx1276-Hal.c:213:6:SX1276WriteRxTx	0	static
