sx1276-FskMisc.c:43:6:SX1276FskSetRFFrequency	8	static
sx1276-FskMisc.c:54:10:SX1276FskGetRFFrequency	8	static
sx1276-FskMisc.c:63:6:SX1276FskRxCalibrate	24	static
sx1276-FskMisc.c:100:6:SX1276FskSetBitrate	8	static
sx1276-FskMisc.c:110:10:SX1276FskGetBitrate	8	static
sx1276-FskMisc.c:119:6:SX1276FskSetFdev	16	static
sx1276-FskMisc.c:131:10:SX1276FskGetFdev	8	static
sx1276-FskMisc.c:140:6:SX1276FskSetRFPower	16	static
sx1276-FskMisc.c:191:8:SX1276FskGetRFPower	8	static
sx1276-FskMisc.c:271:6:SX1276FskSetDccBw	72	static
sx1276-FskMisc.c:315:10:SX1276FskGetBw	24	static
sx1276-FskMisc.c:344:6:SX1276FskSetPacketCrcOn	16	static
sx1276-FskMisc.c:352:9:SX1276FskGetPacketCrcOn	8	static
sx1276-FskMisc.c:359:6:SX1276FskSetAfcOn	16	static
sx1276-FskMisc.c:367:9:SX1276FskGetAfcOn	8	static
sx1276-FskMisc.c:374:6:SX1276FskSetPayloadLength	8	static
sx1276-FskMisc.c:381:9:SX1276FskGetPayloadLength	8	static
sx1276-FskMisc.c:388:6:SX1276FskSetPa20dBm	16	static
sx1276-FskMisc.c:407:9:SX1276FskGetPa20dBm	8	static
sx1276-FskMisc.c:414:6:SX1276FskSetPAOutput	16	static
sx1276-FskMisc.c:421:9:SX1276FskGetPAOutput	8	static
sx1276-FskMisc.c:428:6:SX1276FskSetPaRamp	16	static
sx1276-FskMisc.c:435:9:SX1276FskGetPaRamp	8	static
sx1276-FskMisc.c:441:6:SX1276FskSetRssiOffset	16	static
sx1276-FskMisc.c:454:8:SX1276FskGetRssiOffset	8	static
sx1276-FskMisc.c:468:8:SX1276FskGetRawTemp	24	static
sx1276-FskMisc.c:512:8:SX1276FskCalibreateTemp	8	static
sx1276-FskMisc.c:517:8:SX1276FskGetTemp	8	static
