sx1276-Fsk.c:214:6:SX1276FskSetDefaults	0	static
sx1276-Fsk.c:221:6:SX1276FskSetOpMode	16	static
sx1276-Fsk.c:112:6:SX1276FskInit	16	static
sx1276-Fsk.c:250:9:SX1276FskGetOpMode	8	static
sx1276-Fsk.c:257:9:SX1276FskReadFei	8	static
sx1276-Fsk.c:264:9:SX1276FskReadAfc	8	static
sx1276-Fsk.c:270:9:SX1276FskReadRxGain	8	static
sx1276-Fsk.c:276:8:SX1276FskReadRssi	8	static
sx1276-Fsk.c:283:9:SX1276FskGetPacketRxGain	0	static
sx1276-Fsk.c:288:8:SX1276FskGetPacketRssi	0	static
sx1276-Fsk.c:293:10:SX1276FskGetPacketAfc	0	static
sx1276-Fsk.c:298:6:SX1276FskStartRx	0	static
sx1276-Fsk.c:303:6:SX1276FskGetRxPacket	0	static
sx1276-Fsk.c:310:6:SX1276FskSetTxPacket	8	static
sx1276-Fsk.c:319:10:SX1276FskGetPacketPayloadSize	8	static
sx1276-Fsk.c:337:10:SX1276FskGetPacketHeaderSize	0	static
sx1276-Fsk.c:348:9:SX1276FskGetRFState	0	static
sx1276-Fsk.c:353:6:SX1276FskSetRFState	0	static
sx1276-Fsk.c:358:10:SX1276FskProcess	32	static
